Archive member included to satisfy reference by file (symbol)

app/libapp.a(main.c.obj)      (--whole-archive)
app/libapp.a(flash_map_extended.c.obj)
                              (--whole-archive)
app/libapp.a(os.c.obj)        (--whole-archive)
app/libapp.a(keys.c.obj)      (--whole-archive)
app/libapp.a(image_validate.c.obj)
                              (--whole-archive)
app/libapp.a(tlv.c.obj)       (--whole-archive)
app/libapp.a(encrypted.c.obj)
                              (--whole-archive)
app/libapp.a(image_rsa.c.obj)
                              (--whole-archive)
app/libapp.a(image_ec256.c.obj)
                              (--whole-archive)
app/libapp.a(image_ed25519.c.obj)
                              (--whole-archive)
app/libapp.a(bootutil_misc.c.obj)
                              (--whole-archive)
app/libapp.a(fault_injection_hardening.c.obj)
                              (--whole-archive)
app/libapp.a(loader.c.obj)    (--whole-archive)
app/libapp.a(swap_misc.c.obj)
                              (--whole-archive)
app/libapp.a(swap_scratch.c.obj)
                              (--whole-archive)
app/libapp.a(swap_move.c.obj)
                              (--whole-archive)
app/libapp.a(caps.c.obj)      (--whole-archive)
app/libapp.a(autogen-pubkey.c.obj)
                              (--whole-archive)
app/libapp.a(arm_cleanup.c.obj)
                              (--whole-archive)
app/libapp.a(nrf_cleanup.c.obj)
                              (--whole-archive)
zephyr/libzephyr.a(base64.c.obj)
                              (--whole-archive)
zephyr/libzephyr.a(cbprintf_packaged.c.obj)
                              (--whole-archive)
zephyr/libzephyr.a(dec.c.obj)
                              (--whole-archive)
zephyr/libzephyr.a(fdtable.c.obj)
                              (--whole-archive)
zephyr/libzephyr.a(hex.c.obj)
                              (--whole-archive)
zephyr/libzephyr.a(printk.c.obj)
                              (--whole-archive)
zephyr/libzephyr.a(rb.c.obj)  (--whole-archive)
zephyr/libzephyr.a(sem.c.obj)
                              (--whole-archive)
zephyr/libzephyr.a(thread_entry.c.obj)
                              (--whole-archive)
zephyr/libzephyr.a(timeutil.c.obj)
                              (--whole-archive)
zephyr/libzephyr.a(heap.c.obj)
                              (--whole-archive)
zephyr/libzephyr.a(heap-validate.c.obj)
                              (--whole-archive)
zephyr/libzephyr.a(bitarray.c.obj)
                              (--whole-archive)
zephyr/libzephyr.a(multi_heap.c.obj)
                              (--whole-archive)
zephyr/libzephyr.a(onoff.c.obj)
                              (--whole-archive)
zephyr/libzephyr.a(notify.c.obj)
                              (--whole-archive)
zephyr/libzephyr.a(crc32c_sw.c.obj)
                              (--whole-archive)
zephyr/libzephyr.a(crc32_sw.c.obj)
                              (--whole-archive)
zephyr/libzephyr.a(crc16_sw.c.obj)
                              (--whole-archive)
zephyr/libzephyr.a(crc8_sw.c.obj)
                              (--whole-archive)
zephyr/libzephyr.a(crc7_sw.c.obj)
                              (--whole-archive)
zephyr/libzephyr.a(cbprintf_nano.c.obj)
                              (--whole-archive)
zephyr/libzephyr.a(cbprintf.c.obj)
                              (--whole-archive)
zephyr/libzephyr.a(assert.c.obj)
                              (--whole-archive)
zephyr/libzephyr.a(reboot.c.obj)
                              (--whole-archive)
zephyr/libzephyr.a(configs.c.obj)
                              (--whole-archive)
zephyr/libzephyr.a(soc.c.obj)
                              (--whole-archive)
zephyr/libzephyr.a(soc_nrf_common.S.obj)
                              (--whole-archive)
zephyr/libzephyr.a(validate_base_addresses.c.obj)
                              (--whole-archive)
zephyr/libzephyr.a(validate_enabled_instances.c.obj)
                              (--whole-archive)
zephyr/libzephyr.a(nrf52840_reset.c.obj)
                              (--whole-archive)
zephyr/libzephyr.a(log_minimal.c.obj)
                              (--whole-archive)
zephyr/libzephyr.a(flash_map.c.obj)
                              (--whole-archive)
zephyr/libzephyr.a(flash_map_layout.c.obj)
                              (--whole-archive)
zephyr/libzephyr.a(tracing_none.c.obj)
                              (--whole-archive)
zephyr/libzephyr.a(adp536x.c.obj)
                              (--whole-archive)
zephyr/libzephyr.a(flash_map_partition_manager.c.obj)
                              (--whole-archive)
zephyr/libzephyr.a(nrf_cc3xx_platform_abort_zephyr.c.obj)
                              (--whole-archive)
zephyr/libzephyr.a(nrf_cc3xx_platform_no_mutex_zephyr.c.obj)
                              (--whole-archive)
zephyr/libzephyr.a(serial_adapter.c.obj)
                              (--whole-archive)
zephyr/libzephyr.a(boot_serial.c.obj)
                              (--whole-archive)
[...]
Memory Configuration

Name             Origin             Length             Attributes
FLASH            0x0000000000000000 0x000000000000c000 xr
RAM              0x0000000020000000 0x0000000000040000 xw
IDT_LIST         0x00000000fffff7ff 0x0000000000000800 xw
*default*        0x0000000000000000 0xffffffffffffffff

Linker script and memory map

LOAD zephyr/CMakeFiles/zephyr_pre0.dir/misc/empty_file.c.obj
                0x0000000000000004                _region_min_align = 0x4

.rel.plt        0x0000000000000000        0x0
 *(SORT_BY_ALIGNMENT(.rel.plt))
                [!provide]                        PROVIDE (__rel_iplt_start = .)
 *(SORT_BY_ALIGNMENT(.rel.iplt))
 .rel.iplt      0x0000000000000000        0x0 app/libapp.a(main.c.obj)
                [!provide]                        PROVIDE (__rel_iplt_end = .)

.rela.plt       0x0000000000000000        0x0
 *(SORT_BY_ALIGNMENT(.rela.plt))
                [!provide]                        PROVIDE (__rela_iplt_start = .)
 *(SORT_BY_ALIGNMENT(.rela.iplt))
                [!provide]                        PROVIDE (__rela_iplt_end = .)

.rel.dyn
 *(SORT_BY_ALIGNMENT(.rel.*))

.rela.dyn
 *(SORT_BY_ALIGNMENT(.rela.*))

/DISCARD/
 *(SORT_BY_ALIGNMENT(.plt))

/DISCARD/
 *(SORT_BY_ALIGNMENT(.iplt))
                0x0000000000000000                __rom_region_start = 0x0

rom_start       0x0000000000000000      0x144
                0x0000000000000000                . = 0x0
                0x0000000000000000                . = ALIGN (0x4)
                0x0000000000000000                . = ALIGN (0x80)
                0x0000000000000000                . = ALIGN (0x200)
                0x0000000000000000                _vector_start = .
 *(SORT_BY_ALIGNMENT(.exc_vector_table))
 *(SORT_BY_ALIGNMENT(.exc_vector_table.*))
 .exc_vector_table._vector_table_section
                0x0000000000000000       0x40 zephyr/arch/arch/arm/core/aarch32/cortex_m/libarch__arm__core__aarch32__cortex_m.a(vector_table.S.obj)
                0x0000000000000000                _vector_table
 *(SORT_BY_ALIGNMENT(.vectors))
                0x0000000000000144                _vector_end = .
                0x0000000000000040                . = ALIGN (0x4)
 *(SORT_BY_ALIGNMENT(.gnu.linkonce.irq_vector_table*))
 .gnu.linkonce.irq_vector_table
                0x0000000000000040      0x104 zephyr/arch/common/libisr_tables.a(isr_tables.c.obj)
                0x0000000000000040                _irq_vector_table
                0x0000000000000144                _vector_end = .

text            0x0000000000000144     0x84fc
                0x0000000000000144                __text_region_start = .
 *(SORT_BY_ALIGNMENT(.text))
 .text          0x0000000000000144       0x30 c:/users/elija/ncs/toolchains/v2.3.0/opt/zephyr-sdk/arm-zephyr-eabi/bin/../lib/gcc/arm-zephyr-eabi/12.1.0/thumb/v8-m.main/nofp\libgcc.a(_aeabi_uldivmod.o)
                0x0000000000000144                __aeabi_uldivmod
 .text          0x0000000000000174        0x4 c:/users/elija/ncs/toolchains/v2.3.0/opt/zephyr-sdk/arm-zephyr-eabi/bin/../lib/gcc/arm-zephyr-eabi/12.1.0/thumb/v8-m.main/nofp\libgcc.a(_dvmd_tls.o)
                0x0000000000000174                __aeabi_idiv0
                0x0000000000000174                __aeabi_ldiv0
 .text          0x0000000000000178      0x29c c:/users/elija/ncs/toolchains/v2.3.0/opt/zephyr-sdk/arm-zephyr-eabi/bin/../lib/gcc/arm-zephyr-eabi/12.1.0/thumb/v8-m.main/nofp\libgcc.a(_udivmoddi4.o)
                0x0000000000000178                __udivmoddi4
 *(SORT_BY_ALIGNMENT(.text.*))
 .text.main     0x0000000000000414      0x130 app/libapp.a(main.c.obj)
                0x0000000000000414                main
 .text.flash_device_base
                0x0000000000000544       0x20 app/libapp.a(flash_map_extended.c.obj)
                0x0000000000000544                flash_device_base
 .text.flash_area_sector_from_off
                0x0000000000000564       0x20 app/libapp.a(flash_map_extended.c.obj)
                0x0000000000000564                flash_area_sector_from_off
 .text.os_heap_init
                0x0000000000000584       0x10 app/libapp.a(os.c.obj)
                0x0000000000000584                os_heap_init
 .text.bootutil_img_validate
                0x0000000000000594      0x1fc app/libapp.a(image_validate.c.obj)
                0x0000000000000594                bootutil_img_validate
 .text.bootutil_verify_sig
                0x0000000000000790      0x1c0 app/libapp.a(image_rsa.c.obj)
                0x0000000000000790                bootutil_verify_sig
 .text.boot_read_swap_size
                0x0000000000000950       0x7c app/libapp.a(bootutil_misc.c.obj)
                0x0000000000000950                boot_read_swap_size
 .text.bootutil_max_image_size
                0x00000000000009cc       0x28 app/libapp.a(bootutil_misc.c.obj)
                0x00000000000009cc                bootutil_max_image_size
 .text.boot_validate_slot.isra.0
                0x00000000000009f4       0xf8 app/libapp.a(loader.c.obj)
 .text.boot_swap_image
                0x0000000000000aec       0x7c app/libapp.a(loader.c.obj)
 .text.boot_copy_region
                0x0000000000000b68       0x84 app/libapp.a(loader.c.obj)
                0x0000000000000b68                boot_copy_region
 .text.context_boot_go
                0x0000000000000bec      0x260 app/libapp.a(loader.c.obj)
                0x0000000000000bec                context_boot_go
 .text.boot_go  0x0000000000000e4c       0x20 app/libapp.a(loader.c.obj)
                0x0000000000000e4c                boot_go
 .text.boot_read_image_header
                0x0000000000000e6c       0x9c app/libapp.a(swap_move.c.obj)
                0x0000000000000e6c                boot_read_image_header
 .text.swap_read_status_bytes
                0x0000000000000f08       0xc8 app/libapp.a(swap_move.c.obj)
                0x0000000000000f08                swap_read_status_bytes
 .text.boot_slots_compatible
                0x0000000000000fd0       0x70 app/libapp.a(swap_move.c.obj)
                0x0000000000000fd0                boot_slots_compatible
 .text.swap_status_source
                0x0000000000001040       0xcc app/libapp.a(swap_move.c.obj)
                0x0000000000001040                swap_status_source
 .text.fixup_revert
                0x000000000000110c       0x98 app/libapp.a(swap_move.c.obj)
                0x000000000000110c                fixup_revert
 .text.swap_run
                0x00000000000011a4      0x214 app/libapp.a(swap_move.c.obj)
                0x00000000000011a4                swap_run
 .text.cleanup_arm_nvic
                0x00000000000013b8       0x38 app/libapp.a(arm_cleanup.c.obj)
                0x00000000000013b8                cleanup_arm_nvic
 .text.nrf_cleanup_peripheral
                0x00000000000013f0       0x90 app/libapp.a(nrf_cleanup.c.obj)
                0x00000000000013f0                nrf_cleanup_peripheral
 .text.nrf_cleanup_ns_ram
                0x0000000000001480       0x10 app/libapp.a(nrf_cleanup.c.obj)
                0x0000000000001480                nrf_cleanup_ns_ram
 .text.base64_encode
                0x0000000000001490       0xfc zephyr/libzephyr.a(base64.c.obj)
                0x0000000000001490                base64_encode
 .text.base64_decode
                0x000000000000158c      0x140 zephyr/libzephyr.a(base64.c.obj)
                0x000000000000158c                base64_decode
 .text.char_out
                0x00000000000016cc        0xc zephyr/libzephyr.a(printk.c.obj)
 .text.vprintk  0x00000000000016d8       0x1c zephyr/libzephyr.a(printk.c.obj)
                0x00000000000016d8                vprintk
 .text.process_event
                0x00000000000016f4      0x21c zephyr/libzephyr.a(onoff.c.obj)
 .text.z_cbvprintf_impl
                0x0000000000001910      0x448 zephyr/libzephyr.a(cbprintf_nano.c.obj)
                0x0000000000001910                z_cbvprintf_impl
 .text.sys_reboot
                0x0000000000001d58       0x28 zephyr/libzephyr.a(reboot.c.obj)
                0x0000000000001d58                sys_reboot
 .text.nordicsemi_nrf91_init
                0x0000000000001d80       0x28 zephyr/libzephyr.a(soc.c.obj)
 .text.arch_busy_wait
                0x0000000000001da8       0x14 zephyr/libzephyr.a(soc.c.obj)
                0x0000000000001da8                arch_busy_wait
 .text.z_arm_platform_init
                0x0000000000001dbc        0x4 zephyr/libzephyr.a(soc_nrf_common.S.obj)
                0x0000000000001dbc                z_arm_platform_init
 .text.flash_area_open
                0x0000000000001dc0       0x50 zephyr/libzephyr.a(flash_map.c.obj)
                0x0000000000001dc0                flash_area_open
 .text.flash_area_get_sectors
                0x0000000000001e10       0x60 zephyr/libzephyr.a(flash_map_layout.c.obj)
                0x0000000000001e10                flash_area_get_sectors
 .text.nrf_cc3xx_platform_abort_init
                0x0000000000001e70        0xc zephyr/libzephyr.a(nrf_cc3xx_platform_abort_zephyr.c.obj)
                0x0000000000001e70                nrf_cc3xx_platform_abort_init
 .text.boot_uart_fifo_callback
                0x0000000000001e7c       0xb0 zephyr/libzephyr.a(serial_adapter.c.obj)
 .text.console_out
                0x0000000000001f2c       0x18 zephyr/libzephyr.a(serial_adapter.c.obj)
                0x0000000000001f2c                console_out
 .text.console_read
                0x0000000000001f44       0x94 zephyr/libzephyr.a(serial_adapter.c.obj)
                0x0000000000001f44                console_read
 .text.boot_console_init
                0x0000000000001fd8       0x90 zephyr/libzephyr.a(serial_adapter.c.obj)
                0x0000000000001fd8                boot_console_init
 .text.boot_serial_output
                0x0000000000002068      0x114 zephyr/libzephyr.a(boot_serial.c.obj)
 .text.erase_range
                0x000000000000217c       0x64 zephyr/libzephyr.a(boot_serial.c.obj)
 .text.boot_serial_in_dec.constprop.0
                0x00000000000021e0       0x68 zephyr/libzephyr.a(boot_serial.c.obj)
 .text.zcbor_tstr_encode_ptr.constprop.0.isra.0
                0x0000000000002248       0x18 zephyr/libzephyr.a(boot_serial.c.obj)
 .text.bs_rc_rsp
                0x0000000000002260       0x38 zephyr/libzephyr.a(boot_serial.c.obj)
 .text.reset_cbor_state
                0x0000000000002298       0x24 zephyr/libzephyr.a(boot_serial.c.obj)
                0x0000000000002298                reset_cbor_state
 .text.boot_serial_input
                0x00000000000022bc      0x3f4 zephyr/libzephyr.a(boot_serial.c.obj)
                0x00000000000022bc                boot_serial_input
 .text.boot_serial_start
                0x00000000000026b0       0xc4 zephyr/libzephyr.a(boot_serial.c.obj)
                0x00000000000026b0                boot_serial_start
 .text.decode_repeated_Upload_members
                0x0000000000002774       0xf8 zephyr/libzephyr.a(serial_recovery_cbor.c.obj)
 .text.cbor_decode_Upload
                0x000000000000286c       0x80 zephyr/libzephyr.a(serial_recovery_cbor.c.obj)
                0x000000000000286c                cbor_decode_Upload
 .text.get_result_len
                0x00000000000028ec       0x34 zephyr/libzephyr.a(zcbor_encode.c.obj)
 .text.value_encode
                0x0000000000002920       0x90 zephyr/libzephyr.a(zcbor_encode.c.obj)
 .text.z_arm_cpu_idle_init
                0x00000000000029b0        0xc zephyr/arch/arch/arm/core/aarch32/libarch__arm__core__aarch32.a(cpu_idle.S.obj)
                0x00000000000029b0                z_arm_cpu_idle_init
 .text.arch_cpu_idle
                0x00000000000029bc       0x1c zephyr/arch/arch/arm/core/aarch32/libarch__arm__core__aarch32.a(cpu_idle.S.obj)
                0x00000000000029bc                arch_cpu_idle
 .text.arch_cpu_atomic_idle
                0x00000000000029d8       0x18 zephyr/arch/arch/arm/core/aarch32/libarch__arm__core__aarch32.a(cpu_idle.S.obj)
                0x00000000000029d8                arch_cpu_atomic_idle
 .text.z_arm_fatal_error
                0x00000000000029f0       0x5c zephyr/arch/arch/arm/core/aarch32/libarch__arm__core__aarch32.a(fatal.c.obj)
                0x00000000000029f0                z_arm_fatal_error
 .text.arch_irq_enable
                0x0000000000002a4c       0x1c zephyr/arch/arch/arm/core/aarch32/libarch__arm__core__aarch32.a(irq_manage.c.obj)
                0x0000000000002a4c                arch_irq_enable
 .text.arch_irq_is_enabled
                0x0000000000002a68       0x1c zephyr/arch/arch/arm/core/aarch32/libarch__arm__core__aarch32.a(irq_manage.c.obj)
                0x0000000000002a68                arch_irq_is_enabled
 .text.z_arm_irq_priority_set
                0x0000000000002a84       0x2c zephyr/arch/arch/arm/core/aarch32/libarch__arm__core__aarch32.a(irq_manage.c.obj)
                0x0000000000002a84                z_arm_irq_priority_set
 .text.z_SysNmiOnReset
                0x0000000000002ab0        0x8 zephyr/arch/arch/arm/core/aarch32/libarch__arm__core__aarch32.a(nmi_on_reset.S.obj)
                0x0000000000002ab0                z_SysNmiOnReset
 .text.z_arm_prep_c
                0x0000000000002ab8       0x38 zephyr/arch/arch/arm/core/aarch32/libarch__arm__core__aarch32.a(prep_c.c.obj)
                0x0000000000002ab8                z_arm_prep_c
 .text.z_arm_svc
                0x0000000000002af0       0x20 zephyr/arch/arch/arm/core/aarch32/libarch__arm__core__aarch32.a(swap_helper.S.obj)
                0x0000000000002af0                z_arm_svc
 .text.z_arm_switch_to_main_no_multithreading
                0x0000000000002b10       0x3c zephyr/arch/arch/arm/core/aarch32/libarch__arm__core__aarch32.a(thread.c.obj)
                0x0000000000002b10                z_arm_switch_to_main_no_multithreading
 .text._isr_wrapper
                0x0000000000002b4c       0x28 zephyr/arch/arch/arm/core/aarch32/libarch__arm__core__aarch32.a(isr_wrapper.S.obj)
                0x0000000000002b4c                _isr_wrapper
 .text._HandlerModeExit
                0x0000000000002b74        0x4 zephyr/arch/arch/arm/core/aarch32/cortex_m/libarch__arm__core__aarch32__cortex_m.a(exc_exit.S.obj)
                0x0000000000002b74                z_arm_int_exit
                0x0000000000002b74                z_arm_exc_exit
 .text.usage_fault.constprop.0
                0x0000000000002b78       0xac zephyr/arch/arch/arm/core/aarch32/cortex_m/libarch__arm__core__aarch32__cortex_m.a(fault.c.obj)
 .text.bus_fault.constprop.0
                0x0000000000002c24       0xb4 zephyr/arch/arch/arm/core/aarch32/cortex_m/libarch__arm__core__aarch32__cortex_m.a(fault.c.obj)
 .text.mem_manage_fault.constprop.0
                0x0000000000002cd8       0xbc zephyr/arch/arch/arm/core/aarch32/cortex_m/libarch__arm__core__aarch32__cortex_m.a(fault.c.obj)
 .text.z_arm_fault
                0x0000000000002d94      0x1a4 zephyr/arch/arch/arm/core/aarch32/cortex_m/libarch__arm__core__aarch32__cortex_m.a(fault.c.obj)
                0x0000000000002d94                z_arm_fault
 .text.z_arm_fault_init
                0x0000000000002f38       0x18 zephyr/arch/arch/arm/core/aarch32/cortex_m/libarch__arm__core__aarch32__cortex_m.a(fault.c.obj)
                0x0000000000002f38                z_arm_fault_init
 .text.__fault  0x0000000000002f50       0x14 zephyr/arch/arch/arm/core/aarch32/cortex_m/libarch__arm__core__aarch32__cortex_m.a(fault_s.S.obj)
                0x0000000000002f50                z_arm_usage_fault
                0x0000000000002f50                z_arm_mpu_fault
                0x0000000000002f50                z_arm_exc_spurious
                0x0000000000002f50                z_arm_debug_monitor
                0x0000000000002f50                z_arm_hard_fault
                0x0000000000002f50                z_arm_bus_fault
 .text.z_arm_interrupt_init
                0x0000000000002f64       0x18 zephyr/arch/arch/arm/core/aarch32/cortex_m/libarch__arm__core__aarch32__cortex_m.a(irq_init.c.obj)
                0x0000000000002f64                z_arm_interrupt_init
 .text._reset_section
                0x0000000000002f7c       0x60 zephyr/arch/arch/arm/core/aarch32/cortex_m/libarch__arm__core__aarch32__cortex_m.a(reset.S.obj)
                0x0000000000002f7c                __start
                0x0000000000002f7c                z_arm_reset
 .text.sys_arch_reboot
                0x0000000000002fdc       0x24 zephyr/arch/arch/arm/core/aarch32/cortex_m/libarch__arm__core__aarch32__cortex_m.a(scb.c.obj)
                0x0000000000002fdc                sys_arch_reboot
 .text.z_arm_clear_arm_mpu_config
                0x0000000000003000       0x24 zephyr/arch/arch/arm/core/aarch32/cortex_m/libarch__arm__core__aarch32__cortex_m.a(scb.c.obj)
                0x0000000000003000                z_arm_clear_arm_mpu_config
 .text.z_arm_init_arch_hw_at_boot
                0x0000000000003024       0x4c zephyr/arch/arch/arm/core/aarch32/cortex_m/libarch__arm__core__aarch32__cortex_m.a(scb.c.obj)
                0x0000000000003024                z_arm_init_arch_hw_at_boot
 .text.snprintf
                0x0000000000003070       0x34 zephyr/lib/libc/minimal/liblib__libc__minimal.a(sprintf.c.obj)
                0x0000000000003070                snprintf
 .text.onoff_stop
                0x00000000000030a4       0x30 zephyr/drivers/clock_control/libdrivers__clock_control.a(clock_control_nrf.c.obj)
 .text.onoff_start
                0x00000000000030d4       0x44 zephyr/drivers/clock_control/libdrivers__clock_control.a(clock_control_nrf.c.obj)
 .text.generic_hfclk_stop
                0x0000000000003118       0x34 zephyr/drivers/clock_control/libdrivers__clock_control.a(clock_control_nrf.c.obj)
 .text.clk_init
                0x000000000000314c       0x58 zephyr/drivers/clock_control/libdrivers__clock_control.a(clock_control_nrf.c.obj)
 .text.clkstarted_handle.constprop.0
                0x00000000000031a4       0x34 zephyr/drivers/clock_control/libdrivers__clock_control.a(clock_control_nrf.c.obj)
 .text.clock_event_handler
                0x00000000000031d8       0x1c zephyr/drivers/clock_control/libdrivers__clock_control.a(clock_control_nrf.c.obj)
 .text.generic_hfclk_start
                0x00000000000031f4       0x64 zephyr/drivers/clock_control/libdrivers__clock_control.a(clock_control_nrf.c.obj)
 .text.z_nrf_clock_control_lf_on
                0x0000000000003258       0xf0 zephyr/drivers/clock_control/libdrivers__clock_control.a(clock_control_nrf.c.obj)
                0x0000000000003258                z_nrf_clock_control_lf_on
 .text.gpio_nrfx_pin_interrupt_configure
                0x0000000000003348       0xc8 zephyr/drivers/gpio/libdrivers__gpio.a(gpio_nrfx.c.obj)
 .text.gpio_nrfx_init
                0x0000000000003410       0x38 zephyr/drivers/gpio/libdrivers__gpio.a(gpio_nrfx.c.obj)
 .text.nrfx_gpio_handler
                0x0000000000003448       0x3c zephyr/drivers/gpio/libdrivers__gpio.a(gpio_nrfx.c.obj)
 .text.gpio_nrfx_pin_configure
                0x0000000000003484      0x124 zephyr/drivers/gpio/libdrivers__gpio.a(gpio_nrfx.c.obj)
 .text.flash_nrf_pages_layout
                0x00000000000035a8       0x10 zephyr/drivers/flash/libdrivers__flash.a(soc_flash_nrf.c.obj)
 .text.flash_nrf_get_parameters
                0x00000000000035b8        0x8 zephyr/drivers/flash/libdrivers__flash.a(soc_flash_nrf.c.obj)
 .text.nrf_flash_init
                0x00000000000035c0       0x18 zephyr/drivers/flash/libdrivers__flash.a(soc_flash_nrf.c.obj)
 .text.flash_nrf_erase
                0x00000000000035d8       0x6c zephyr/drivers/flash/libdrivers__flash.a(soc_flash_nrf.c.obj)
 .text.flash_nrf_write
                0x0000000000003644       0x6c zephyr/drivers/flash/libdrivers__flash.a(soc_flash_nrf.c.obj)
 .text.flash_nrf_read
                0x00000000000036b0       0x38 zephyr/drivers/flash/libdrivers__flash.a(soc_flash_nrf.c.obj)
 .text.uarte_nrfx_poll_out
                0x00000000000036e8       0x90 zephyr/drivers/serial/libdrivers__serial.a(uart_nrfx_uarte.c.obj)
 .text.uarte_nrfx_configure
                0x0000000000003778      0x168 zephyr/drivers/serial/libdrivers__serial.a(uart_nrfx_uarte.c.obj)
 .text.uarte_instance_init.constprop.0
                0x00000000000038e0       0xe0 zephyr/drivers/serial/libdrivers__serial.a(uart_nrfx_uarte.c.obj)
 .text.compare_int_lock
                0x00000000000039c0       0x40 zephyr/drivers/timer/libdrivers__timer.a(nrf_rtc_timer.c.obj)
 .text.sys_clock_timeout_handler
                0x0000000000003a00       0x48 zephyr/drivers/timer/libdrivers__timer.a(nrf_rtc_timer.c.obj)
 .text.compare_int_unlock
                0x0000000000003a48       0x4c zephyr/drivers/timer/libdrivers__timer.a(nrf_rtc_timer.c.obj)
 .text.z_nrf_rtc_timer_read
                0x0000000000003a94       0x44 zephyr/drivers/timer/libdrivers__timer.a(nrf_rtc_timer.c.obj)
                0x0000000000003a94                z_nrf_rtc_timer_read
 .text.compare_set
                0x0000000000003ad8      0x114 zephyr/drivers/timer/libdrivers__timer.a(nrf_rtc_timer.c.obj)
 .text.sys_clock_driver_init
                0x0000000000003bec       0x80 zephyr/drivers/timer/libdrivers__timer.a(nrf_rtc_timer.c.obj)
 .text.rtc_nrf_isr
                0x0000000000003c6c       0xd0 zephyr/drivers/timer/libdrivers__timer.a(nrf_rtc_timer.c.obj)
                0x0000000000003c6c                rtc_nrf_isr
 .text.sys_clock_set_timeout
                0x0000000000003d3c       0x64 zephyr/drivers/timer/libdrivers__timer.a(nrf_rtc_timer.c.obj)
                0x0000000000003d3c                sys_clock_set_timeout
 .text.sys_clock_elapsed
                0x0000000000003da0       0x14 zephyr/drivers/timer/libdrivers__timer.a(nrf_rtc_timer.c.obj)
                0x0000000000003da0                sys_clock_elapsed
 .text.pinctrl_configure_pins
                0x0000000000003db4      0x108 zephyr/drivers/pinctrl/libdrivers__pinctrl.a(pinctrl_nrf.c.obj)
                0x0000000000003db4                pinctrl_configure_pins
 .text.k_sys_fatal_error_handler
                0x0000000000003ebc       0x14 modules/nrf/lib/fatal_error/lib..__nrf__lib__fatal_error.a(fatal_error.c.obj)
                0x0000000000003ebc                k_sys_fatal_error_handler
 .text.boot_write_magic
                0x0000000000003ed0       0x40 modules/mcuboot/boot/bootutil/zephyr/libmcuboot_util.a(bootutil_public.c.obj)
                0x0000000000003ed0                boot_write_magic
 .text.boot_read_swap_state
                0x0000000000003f10       0xac modules/mcuboot/boot/bootutil/zephyr/libmcuboot_util.a(bootutil_public.c.obj)
                0x0000000000003f10                boot_read_swap_state
 .text.boot_swap_type_multi
                0x0000000000003fbc       0xec modules/mcuboot/boot/bootutil/zephyr/libmcuboot_util.a(bootutil_public.c.obj)
                0x0000000000003fbc                boot_swap_type_multi
 .text.verify_header
                0x00000000000040a8       0x40 modules/mbedtls/libmodules__mbedtls.a(memory_buffer_alloc.c.obj)
 .text.verify_chain
                0x00000000000040e8       0x3c modules/mbedtls/libmodules__mbedtls.a(memory_buffer_alloc.c.obj)
 .text.buffer_alloc_calloc
                0x0000000000004124      0x114 modules/mbedtls/libmodules__mbedtls.a(memory_buffer_alloc.c.obj)
 .text.buffer_alloc_free
                0x0000000000004238      0x124 modules/mbedtls/libmodules__mbedtls.a(memory_buffer_alloc.c.obj)
 .text.mbedtls_memory_buffer_alloc_init
                0x000000000000435c       0x68 modules/mbedtls/libmodules__mbedtls.a(memory_buffer_alloc.c.obj)
                0x000000000000435c                mbedtls_memory_buffer_alloc_init
 .text.mbedtls_calloc
                0x00000000000043c4        0xc modules/mbedtls/libmodules__mbedtls.a(platform.c.obj)
                0x00000000000043c4                mbedtls_calloc
 .text.mbedtls_free
                0x00000000000043d0        0xc modules/mbedtls/libmodules__mbedtls.a(platform.c.obj)
                0x00000000000043d0                mbedtls_free
 .text.mbedtls_platform_set_calloc_free
                0x00000000000043dc       0x14 modules/mbedtls/libmodules__mbedtls.a(platform.c.obj)
                0x00000000000043dc                mbedtls_platform_set_calloc_free
 .text.rsa_check_context.constprop.0
                0x00000000000043f0       0xb8 modules/mbedtls/libmodules__mbedtls.a(rsa.c.obj)
 .text.mbedtls_rsa_check_pubkey
                0x00000000000044a8       0x4c modules/mbedtls/libmodules__mbedtls.a(rsa.c.obj)
                0x00000000000044a8                mbedtls_rsa_check_pubkey
 .text.mbedtls_rsa_public
                0x00000000000044f4       0x90 modules/mbedtls/libmodules__mbedtls.a(rsa.c.obj)
                0x00000000000044f4                mbedtls_rsa_public
 .text.mbedtls_sha256_starts
                0x0000000000004584       0xc4 modules/mbedtls/libmodules__mbedtls.a(sha256.c.obj)
                0x0000000000004584                mbedtls_sha256_starts
 .text.mbedtls_internal_sha256_process
                0x0000000000004648      0x148 modules/mbedtls/libmodules__mbedtls.a(sha256.c.obj)
                0x0000000000004648                mbedtls_internal_sha256_process
 .text.SystemInit
                0x0000000000004790      0x184 modules/hal_nordic/nrfx/libmodules__hal_nordic__nrfx.a(system_nrf9160.c.obj)
                0x0000000000004790                SystemInit
 .text.nrfx_flag32_alloc
                0x0000000000004914       0x38 modules/hal_nordic/nrfx/libmodules__hal_nordic__nrfx.a(nrfx_flag32_allocator.c.obj)
                0x0000000000004914                nrfx_flag32_alloc
 .text.nrfx_flag32_free
                0x000000000000494c       0x38 modules/hal_nordic/nrfx/libmodules__hal_nordic__nrfx.a(nrfx_flag32_allocator.c.obj)
                0x000000000000494c                nrfx_flag32_free
 .text.nrfx_clock_init
                0x0000000000004984       0x20 modules/hal_nordic/nrfx/libmodules__hal_nordic__nrfx.a(nrfx_clock.c.obj)
                0x0000000000004984                nrfx_clock_init
 .text.nrfx_power_clock_irq_handler
                0x00000000000049a4       0x68 modules/hal_nordic/nrfx/libmodules__hal_nordic__nrfx.a(nrfx_clock.c.obj)
                0x00000000000049a4                nrfx_power_clock_irq_handler
 .text.nrfx_dppi_channel_alloc
                0x0000000000004a0c        0xc modules/hal_nordic/nrfx/libmodules__hal_nordic__nrfx.a(nrfx_dppi.c.obj)
                0x0000000000004a0c                nrfx_dppi_channel_alloc
 .text.nrf_gpio_cfg_sense_set
                0x0000000000004a18       0x20 modules/hal_nordic/nrfx/libmodules__hal_nordic__nrfx.a(nrfx_gpiote.c.obj)
 .text.pin_in_use_by_te
                0x0000000000004a38       0x14 modules/hal_nordic/nrfx/libmodules__hal_nordic__nrfx.a(nrfx_gpiote.c.obj)
 .text.call_handler
                0x0000000000004a4c       0x3c modules/hal_nordic/nrfx/libmodules__hal_nordic__nrfx.a(nrfx_gpiote.c.obj)
 .text.release_handler
                0x0000000000004a88       0x54 modules/hal_nordic/nrfx/libmodules__hal_nordic__nrfx.a(nrfx_gpiote.c.obj)
 .text.pin_handler_trigger_uninit
                0x0000000000004adc       0x3c modules/hal_nordic/nrfx/libmodules__hal_nordic__nrfx.a(nrfx_gpiote.c.obj)
 .text.nrfx_gpiote_input_configure
                0x0000000000004b18      0x158 modules/hal_nordic/nrfx/libmodules__hal_nordic__nrfx.a(nrfx_gpiote.c.obj)
                0x0000000000004b18                nrfx_gpiote_input_configure
 .text.nrfx_gpiote_output_configure
                0x0000000000004c70      0x100 modules/hal_nordic/nrfx/libmodules__hal_nordic__nrfx.a(nrfx_gpiote.c.obj)
                0x0000000000004c70                nrfx_gpiote_output_configure
 .text.nrfx_gpiote_global_callback_set
                0x0000000000004d70        0xc modules/hal_nordic/nrfx/libmodules__hal_nordic__nrfx.a(nrfx_gpiote.c.obj)
                0x0000000000004d70                nrfx_gpiote_global_callback_set
 .text.nrfx_gpiote_channel_get
                0x0000000000004d7c       0x2c modules/hal_nordic/nrfx/libmodules__hal_nordic__nrfx.a(nrfx_gpiote.c.obj)
                0x0000000000004d7c                nrfx_gpiote_channel_get
 .text.nrfx_gpiote_init
                0x0000000000004da8       0x50 modules/hal_nordic/nrfx/libmodules__hal_nordic__nrfx.a(nrfx_gpiote.c.obj)
                0x0000000000004da8                nrfx_gpiote_init
 .text.nrfx_gpiote_is_init
                0x0000000000004df8       0x14 modules/hal_nordic/nrfx/libmodules__hal_nordic__nrfx.a(nrfx_gpiote.c.obj)
                0x0000000000004df8                nrfx_gpiote_is_init
 .text.nrfx_gpiote_channel_free
                0x0000000000004e0c        0xc modules/hal_nordic/nrfx/libmodules__hal_nordic__nrfx.a(nrfx_gpiote.c.obj)
                0x0000000000004e0c                nrfx_gpiote_channel_free
 .text.nrfx_gpiote_channel_alloc
                0x0000000000004e18        0xc modules/hal_nordic/nrfx/libmodules__hal_nordic__nrfx.a(nrfx_gpiote.c.obj)
                0x0000000000004e18                nrfx_gpiote_channel_alloc
 .text.nrfx_gpiote_trigger_enable
                0x0000000000004e24       0x88 modules/hal_nordic/nrfx/libmodules__hal_nordic__nrfx.a(nrfx_gpiote.c.obj)
                0x0000000000004e24                nrfx_gpiote_trigger_enable
 .text.nrfx_gpiote_trigger_disable
                0x0000000000004eac       0x50 modules/hal_nordic/nrfx/libmodules__hal_nordic__nrfx.a(nrfx_gpiote.c.obj)
                0x0000000000004eac                nrfx_gpiote_trigger_disable
 .text.nrfx_gpiote_pin_uninit
                0x0000000000004efc       0x44 modules/hal_nordic/nrfx/libmodules__hal_nordic__nrfx.a(nrfx_gpiote.c.obj)
                0x0000000000004efc                nrfx_gpiote_pin_uninit
 .text.nrfx_gpiote_irq_handler
                0x0000000000004f40      0x154 modules/hal_nordic/nrfx/libmodules__hal_nordic__nrfx.a(nrfx_gpiote.c.obj)
                0x0000000000004f40                nrfx_gpiote_irq_handler
 .text.nvmc_readonly_mode_set
                0x0000000000005094       0x14 modules/hal_nordic/nrfx/libmodules__hal_nordic__nrfx.a(nrfx_nvmc.c.obj)
 .text.nvmc_word_write
                0x00000000000050a8       0x18 modules/hal_nordic/nrfx/libmodules__hal_nordic__nrfx.a(nrfx_nvmc.c.obj)
 .text.nrfx_nvmc_page_erase
                0x00000000000050c0       0x3c modules/hal_nordic/nrfx/libmodules__hal_nordic__nrfx.a(nrfx_nvmc.c.obj)
                0x00000000000050c0                nrfx_nvmc_page_erase
 .text.nrfx_nvmc_word_write
                0x00000000000050fc       0x20 modules/hal_nordic/nrfx/libmodules__hal_nordic__nrfx.a(nrfx_nvmc.c.obj)
                0x00000000000050fc                nrfx_nvmc_word_write
 .text.z_fatal_error
                0x000000000000511c       0x7c zephyr/kernel/libkernel.a(fatal.c.obj)
                0x000000000000511c                z_fatal_error
 .text.z_sys_init_run_level
                0x0000000000005198       0x44 zephyr/kernel/libkernel.a(init.c.obj)
 .text.bg_thread_main
                0x00000000000051dc       0x30 zephyr/kernel/libkernel.a(init.c.obj)
 .text.z_bss_zero
                0x000000000000520c       0x18 zephyr/kernel/libkernel.a(init.c.obj)
                0x000000000000520c                z_bss_zero
 .text.z_cstart
                0x0000000000005224       0x70 zephyr/kernel/libkernel.a(init.c.obj)
                0x0000000000005224                z_cstart
 .text.z_data_copy
                0x0000000000005294       0x34 zephyr/kernel/libkernel.a(xip.c.obj)
                0x0000000000005294                z_data_copy
 .text.elapsed  0x00000000000052c8       0x14 zephyr/kernel/libkernel.a(timeout.c.obj)
 .text.next_timeout
                0x00000000000052dc       0x40 zephyr/kernel/libkernel.a(timeout.c.obj)
 .text.remove_timeout
                0x000000000000531c       0x38 zephyr/kernel/libkernel.a(timeout.c.obj)
 .text.sys_clock_announce
                0x0000000000005354       0xb8 zephyr/kernel/libkernel.a(timeout.c.obj)
                0x0000000000005354                sys_clock_announce
 .text.boot_banner
                0x000000000000540c        0xc zephyr/kernel/libkernel.a(banner.c.obj)
                0x000000000000540c                boot_banner
 .text.nrf_cc3xx_platform_init_no_rng
                0x0000000000005418       0x38 C:/Users/elija/ncs/v2.3.0/nrfxlib/crypto/nrf_cc310_platform/lib/cortex-m33/soft-float/no-interrupts/libnrf_cc310_platform_0.9.16.a(nrf_cc3xx_platform.c.obj)
                0x0000000000005418                nrf_cc3xx_platform_init_no_rng
 .text.nrf_cc3xx_platform_abort
                0x0000000000005450       0x24 C:/Users/elija/ncs/v2.3.0/nrfxlib/crypto/nrf_cc310_platform/lib/cortex-m33/soft-float/no-interrupts/libnrf_cc310_platform_0.9.16.a(nrf_cc3xx_platform_abort.c.obj)
 .text.CC_PalAbort
                0x0000000000005474       0x34 C:/Users/elija/ncs/v2.3.0/nrfxlib/crypto/nrf_cc310_platform/lib/cortex-m33/soft-float/no-interrupts/libnrf_cc310_platform_0.9.16.a(nrf_cc3xx_platform_abort.c.obj)
                0x0000000000005474                CC_PalAbort
 .text.nrf_cc3xx_platform_set_abort
                0x00000000000054a8       0x10 C:/Users/elija/ncs/v2.3.0/nrfxlib/crypto/nrf_cc310_platform/lib/cortex-m33/soft-float/no-interrupts/libnrf_cc310_platform_0.9.16.a(nrf_cc3xx_platform_abort.c.obj)
                0x00000000000054a8                nrf_cc3xx_platform_set_abort
 .text.mbedtls_platform_zeroize
                0x00000000000054b8       0x14 C:/Users/elija/ncs/v2.3.0/nrfxlib/crypto/nrf_cc310_platform/lib/cortex-m33/soft-float/no-interrupts/libnrf_cc310_platform_0.9.16.a(mbedtls_common.c.obj)
                0x00000000000054b8                mbedtls_platform_zeroize
 .text.CC_LibInitNoRng
                0x00000000000054cc       0x64 C:/Users/elija/ncs/v2.3.0/nrfxlib/crypto/nrf_cc310_platform/lib/cortex-m33/soft-float/no-interrupts/libnrf_cc310_platform_0.9.16.a(cc_lib.c.obj)
                0x00000000000054cc                CC_LibInitNoRng
 .text.CC_HalInit
                0x0000000000005530        0x4 C:/Users/elija/ncs/v2.3.0/nrfxlib/crypto/nrf_cc310_platform/lib/cortex-m33/soft-float/no-interrupts/libnrf_cc310_platform_0.9.16.a(cc_hal.c.obj)
                0x0000000000005530                CC_HalInit
 .text.CC_HalTerminate
                0x0000000000005534        0x4 C:/Users/elija/ncs/v2.3.0/nrfxlib/crypto/nrf_cc310_platform/lib/cortex-m33/soft-float/no-interrupts/libnrf_cc310_platform_0.9.16.a(cc_hal.c.obj)
                0x0000000000005534                CC_HalTerminate
 .text.CC_HalMaskInterrupt
                0x0000000000005538        0xc C:/Users/elija/ncs/v2.3.0/nrfxlib/crypto/nrf_cc310_platform/lib/cortex-m33/soft-float/no-interrupts/libnrf_cc310_platform_0.9.16.a(cc_hal.c.obj)
                0x0000000000005538                CC_HalMaskInterrupt
 .text.CC_PalInit
                0x0000000000005544       0x5c C:/Users/elija/ncs/v2.3.0/nrfxlib/crypto/nrf_cc310_platform/lib/cortex-m33/soft-float/no-interrupts/libnrf_cc310_platform_0.9.16.a(cc_pal.c.obj)
                0x0000000000005544                CC_PalInit
 .text.CC_PalTerminate
                0x00000000000055a0       0x34 C:/Users/elija/ncs/v2.3.0/nrfxlib/crypto/nrf_cc310_platform/lib/cortex-m33/soft-float/no-interrupts/libnrf_cc310_platform_0.9.16.a(cc_pal.c.obj)
                0x00000000000055a0                CC_PalTerminate
 .text.CC_PalDmaInit
                0x00000000000055d4        0x4 C:/Users/elija/ncs/v2.3.0/nrfxlib/crypto/nrf_cc310_platform/lib/cortex-m33/soft-float/no-interrupts/libnrf_cc310_platform_0.9.16.a(cc_pal_dma.c.obj)
                0x00000000000055d4                CC_PalDmaInit
 .text.CC_PalDmaTerminate
                0x00000000000055d8        0x4 C:/Users/elija/ncs/v2.3.0/nrfxlib/crypto/nrf_cc310_platform/lib/cortex-m33/soft-float/no-interrupts/libnrf_cc310_platform_0.9.16.a(cc_pal_dma.c.obj)
                0x00000000000055d8                CC_PalDmaTerminate
 .text.CC_PalMutexCreate
                0x00000000000055dc       0x14 C:/Users/elija/ncs/v2.3.0/nrfxlib/crypto/nrf_cc310_platform/lib/cortex-m33/soft-float/no-interrupts/libnrf_cc310_platform_0.9.16.a(cc_pal_mutex.c.obj)
                0x00000000000055dc                CC_PalMutexCreate
 .text.CC_PalMutexDestroy
                0x00000000000055f0       0x14 C:/Users/elija/ncs/v2.3.0/nrfxlib/crypto/nrf_cc310_platform/lib/cortex-m33/soft-float/no-interrupts/libnrf_cc310_platform_0.9.16.a(cc_pal_mutex.c.obj)
                0x00000000000055f0                CC_PalMutexDestroy
 .text.CC_PalPowerSaveModeInit
                0x0000000000005604       0x3c C:/Users/elija/ncs/v2.3.0/nrfxlib/crypto/nrf_cc310_platform/lib/cortex-m33/soft-float/no-interrupts/libnrf_cc310_platform_0.9.16.a(cc_pal_pm.c.obj)
                0x0000000000005604                CC_PalPowerSaveModeInit
 .text.CC_PalPowerSaveModeSelect
                0x0000000000005640       0x84 C:/Users/elija/ncs/v2.3.0/nrfxlib/crypto/nrf_cc310_platform/lib/cortex-m33/soft-float/no-interrupts/libnrf_cc310_platform_0.9.16.a(cc_pal_pm.c.obj)
                0x0000000000005640                CC_PalPowerSaveModeSelect
 .text.mutex_free
                0x00000000000056c4       0x34 C:/Users/elija/ncs/v2.3.0/nrfxlib/crypto/nrf_cc310_platform/lib/cortex-m33/soft-float/no-interrupts/libnrf_cc310_platform_0.9.16.a(nrf_cc3xx_platform_mutex.c.obj)
 .text.mutex_lock
                0x00000000000056f8       0x48 C:/Users/elija/ncs/v2.3.0/nrfxlib/crypto/nrf_cc310_platform/lib/cortex-m33/soft-float/no-interrupts/libnrf_cc310_platform_0.9.16.a(nrf_cc3xx_platform_mutex.c.obj)
 .text.mutex_unlock
                0x0000000000005740       0x38 C:/Users/elija/ncs/v2.3.0/nrfxlib/crypto/nrf_cc310_platform/lib/cortex-m33/soft-float/no-interrupts/libnrf_cc310_platform_0.9.16.a(nrf_cc3xx_platform_mutex.c.obj)
 .text.mutex_init
                0x0000000000005778       0x20 C:/Users/elija/ncs/v2.3.0/nrfxlib/crypto/nrf_cc310_platform/lib/cortex-m33/soft-float/no-interrupts/libnrf_cc310_platform_0.9.16.a(nrf_cc3xx_platform_mutex.c.obj)
 .text.flash_area_id_from_multi_image_slot
                0x0000000000005798       0x12 app/libapp.a(flash_map_extended.c.obj)
                0x0000000000005798                flash_area_id_from_multi_image_slot
 .text.flash_area_get_device_id
                0x00000000000057aa        0x4 app/libapp.a(flash_map_extended.c.obj)
                0x00000000000057aa                flash_area_get_device_id
 .text.bootutil_tlv_iter_begin
                0x00000000000057ae       0x9c app/libapp.a(tlv.c.obj)
                0x00000000000057ae                bootutil_tlv_iter_begin
 .text.bootutil_tlv_iter_next
                0x000000000000584a       0x98 app/libapp.a(tlv.c.obj)
                0x000000000000584a                bootutil_tlv_iter_next
 .text.boot_fih_memequal
                0x00000000000058e2        0x4 app/libapp.a(bootutil_misc.c.obj)
                0x00000000000058e2                boot_fih_memequal
 .text.boot_trailer_sz
                0x00000000000058e6        0xa app/libapp.a(bootutil_misc.c.obj)
                0x00000000000058e6                boot_trailer_sz
 .text.boot_status_entries
                0x00000000000058f0       0x1a app/libapp.a(bootutil_misc.c.obj)
                0x00000000000058f0                boot_status_entries
 .text.boot_status_off
                0x000000000000590a       0x16 app/libapp.a(bootutil_misc.c.obj)
                0x000000000000590a                boot_status_off
 .text.boot_write_copy_done
                0x0000000000005920       0x10 app/libapp.a(bootutil_misc.c.obj)
                0x0000000000005920                boot_write_copy_done
 .text.boot_write_swap_size
                0x0000000000005930       0x1e app/libapp.a(bootutil_misc.c.obj)
                0x0000000000005930                boot_write_swap_size
 .text.boot_read_image_headers
                0x000000000000594e       0x2c app/libapp.a(loader.c.obj)
 .text.boot_read_image_size.constprop.0.isra.0
                0x000000000000597a       0x82 app/libapp.a(loader.c.obj)
 .text.boot_read_sectors
                0x00000000000059fc       0x44 app/libapp.a(loader.c.obj)
 .text.boot_status_reset
                0x0000000000005a40       0x12 app/libapp.a(loader.c.obj)
                0x0000000000005a40                boot_status_reset
 .text.boot_status_is_reset
                0x0000000000005a52       0x1a app/libapp.a(loader.c.obj)
                0x0000000000005a52                boot_status_is_reset
 .text.boot_write_status
                0x0000000000005a6c       0x64 app/libapp.a(loader.c.obj)
                0x0000000000005a6c                boot_write_status
 .text.boot_erase_region
                0x0000000000005ad0        0x4 app/libapp.a(loader.c.obj)
                0x0000000000005ad0                boot_erase_region
 .text.swap_erase_trailer_sectors
                0x0000000000005ad4       0x6c app/libapp.a(swap_misc.c.obj)
                0x0000000000005ad4                swap_erase_trailer_sectors
 .text.swap_status_init
                0x0000000000005b40       0x3e app/libapp.a(swap_misc.c.obj)
                0x0000000000005b40                swap_status_init
 .text.swap_read_status
                0x0000000000005b7e       0x78 app/libapp.a(swap_misc.c.obj)
                0x0000000000005b7e                swap_read_status
 .text.swap_set_copy_done
                0x0000000000005bf6       0x24 app/libapp.a(swap_misc.c.obj)
                0x0000000000005bf6                swap_set_copy_done
 .text.swap_set_image_ok
                0x0000000000005c1a       0x3c app/libapp.a(swap_misc.c.obj)
                0x0000000000005c1a                swap_set_image_ok
 .text.boot_status_internal_off
                0x0000000000005c56       0x26 app/libapp.a(swap_move.c.obj)
                0x0000000000005c56                boot_status_internal_off
 .text.arch_printk_char_out
                0x0000000000005c7c        0x4 zephyr/libzephyr.a(printk.c.obj)
                0x0000000000005c7c                arch_printk_char_out
 .text.printk   0x0000000000005c80       0x1a zephyr/libzephyr.a(printk.c.obj)
                0x0000000000005c80                printk
 .text.process_recheck
                0x0000000000005c9a       0x38 zephyr/libzephyr.a(onoff.c.obj)
 .text.validate_args
                0x0000000000005cd2       0x20 zephyr/libzephyr.a(onoff.c.obj)
 .text.notify_one
                0x0000000000005cf2       0x2c zephyr/libzephyr.a(onoff.c.obj)
 .text.transition_complete
                0x0000000000005d1e       0x1c zephyr/libzephyr.a(onoff.c.obj)
 .text.onoff_manager_init
                0x0000000000005d3a       0x26 zephyr/libzephyr.a(onoff.c.obj)
                0x0000000000005d3a                onoff_manager_init
 .text.onoff_request
                0x0000000000005d60       0xb0 zephyr/libzephyr.a(onoff.c.obj)
                0x0000000000005d60                onoff_request
 .text.sys_notify_validate
                0x0000000000005e10       0x22 zephyr/libzephyr.a(notify.c.obj)
                0x0000000000005e10                sys_notify_validate
 .text.sys_notify_finalize
                0x0000000000005e32       0x1a zephyr/libzephyr.a(notify.c.obj)
                0x0000000000005e32                sys_notify_finalize
 .text.crc16_itu_t
                0x0000000000005e4c       0x28 zephyr/libzephyr.a(crc16_sw.c.obj)
                0x0000000000005e4c                crc16_itu_t
 .text._ConfigAbsSyms
                0x0000000000005e74        0x2 zephyr/libzephyr.a(configs.c.obj)
                0x0000000000005e74                _ConfigAbsSyms
 .text.z_log_minimal_printk
                0x0000000000005e76       0x1a zephyr/libzephyr.a(log_minimal.c.obj)
                0x0000000000005e76                z_log_minimal_printk
 .text.flash_area_close
                0x0000000000005e90        0x2 zephyr/libzephyr.a(flash_map.c.obj)
                0x0000000000005e90                flash_area_close
 .text.flash_area_read
                0x0000000000005e92       0x2a zephyr/libzephyr.a(flash_map.c.obj)
                0x0000000000005e92                flash_area_read
 .text.flash_area_write
                0x0000000000005ebc       0x2a zephyr/libzephyr.a(flash_map.c.obj)
                0x0000000000005ebc                flash_area_write
 .text.flash_area_erase
                0x0000000000005ee6       0x28 zephyr/libzephyr.a(flash_map.c.obj)
                0x0000000000005ee6                flash_area_erase
 .text.flash_area_align
                0x0000000000005f0e        0xe zephyr/libzephyr.a(flash_map.c.obj)
                0x0000000000005f0e                flash_area_align
 .text.flash_area_erased_val
                0x0000000000005f1c        0xe zephyr/libzephyr.a(flash_map.c.obj)
                0x0000000000005f1c                flash_area_erased_val
 .text.get_sectors_cb
                0x0000000000005f2a       0x44 zephyr/libzephyr.a(flash_map_layout.c.obj)
 .text.abort_function
                0x0000000000005f6e        0x8 zephyr/libzephyr.a(nrf_cc3xx_platform_abort_zephyr.c.obj)
 .text.nrf_cc3xx_platform_mutex_init
                0x0000000000005f76        0x2 zephyr/libzephyr.a(nrf_cc3xx_platform_no_mutex_zephyr.c.obj)
                0x0000000000005f76                nrf_cc3xx_platform_mutex_init
 .text.console_write
                0x0000000000005f78       0x1c zephyr/libzephyr.a(serial_adapter.c.obj)
                0x0000000000005f78                console_write
 .text.initial_checks
                0x0000000000005f94       0x16 zephyr/libzephyr.a(zcbor_decode.c.obj)
 .text.type_check
                0x0000000000005faa       0x1e zephyr/libzephyr.a(zcbor_decode.c.obj)
 .text.value_extract
                0x0000000000005fc8       0x9c zephyr/libzephyr.a(zcbor_decode.c.obj)
 .text.str_start_decode
                0x0000000000006064       0x26 zephyr/libzephyr.a(zcbor_decode.c.obj)
 .text.list_map_start_decode
                0x000000000000608a       0x64 zephyr/libzephyr.a(zcbor_decode.c.obj)
 .text.list_map_end_decode
                0x00000000000060ee       0x38 zephyr/libzephyr.a(zcbor_decode.c.obj)
 .text.str_decode
                0x0000000000006126       0x32 zephyr/libzephyr.a(zcbor_decode.c.obj)
 .text.str_expect
                0x0000000000006158       0x3e zephyr/libzephyr.a(zcbor_decode.c.obj)
 .text.zcbor_int64_decode
                0x0000000000006196       0x58 zephyr/libzephyr.a(zcbor_decode.c.obj)
                0x0000000000006196                zcbor_int64_decode
 .text.zcbor_int32_decode
                0x00000000000061ee       0x38 zephyr/libzephyr.a(zcbor_decode.c.obj)
                0x00000000000061ee                zcbor_int32_decode
 .text.zcbor_bstr_decode
                0x0000000000006226        0x6 zephyr/libzephyr.a(zcbor_decode.c.obj)
                0x0000000000006226                zcbor_bstr_decode
 .text.zcbor_tstr_expect
                0x000000000000622c        0x6 zephyr/libzephyr.a(zcbor_decode.c.obj)
                0x000000000000622c                zcbor_tstr_expect
 .text.zcbor_map_start_decode
                0x0000000000006232       0x32 zephyr/libzephyr.a(zcbor_decode.c.obj)
                0x0000000000006232                zcbor_map_start_decode
 .text.zcbor_map_end_decode
                0x0000000000006264        0x4 zephyr/libzephyr.a(zcbor_decode.c.obj)
                0x0000000000006264                zcbor_map_end_decode
 .text.zcbor_list_map_end_force_decode
                0x0000000000006268        0xa zephyr/libzephyr.a(zcbor_decode.c.obj)
                0x0000000000006268                zcbor_list_map_end_force_decode
 .text.zcbor_multi_decode
                0x0000000000006272       0x4e zephyr/libzephyr.a(zcbor_decode.c.obj)
                0x0000000000006272                zcbor_multi_decode
 .text.str_encode
                0x00000000000062c0       0x6e zephyr/libzephyr.a(zcbor_encode.c.obj)
 .text.zcbor_int64_put
                0x000000000000632e       0x28 zephyr/libzephyr.a(zcbor_encode.c.obj)
                0x000000000000632e                zcbor_int64_put
 .text.zcbor_int32_put
                0x0000000000006356        0x8 zephyr/libzephyr.a(zcbor_encode.c.obj)
                0x0000000000006356                zcbor_int32_put
 .text.zcbor_uint32_put
                0x000000000000635e       0x18 zephyr/libzephyr.a(zcbor_encode.c.obj)
                0x000000000000635e                zcbor_uint32_put
 .text.zcbor_tstr_encode
                0x0000000000006376        0x6 zephyr/libzephyr.a(zcbor_encode.c.obj)
                0x0000000000006376                zcbor_tstr_encode
 .text.zcbor_list_start_encode
                0x000000000000637c       0x1e zephyr/libzephyr.a(zcbor_encode.c.obj)
                0x000000000000637c                zcbor_list_start_encode
 .text.zcbor_map_start_encode
                0x000000000000639a       0x1e zephyr/libzephyr.a(zcbor_encode.c.obj)
                0x000000000000639a                zcbor_map_start_encode
 .text.zcbor_list_end_encode
                0x00000000000063b8       0x1e zephyr/libzephyr.a(zcbor_encode.c.obj)
                0x00000000000063b8                zcbor_list_end_encode
 .text.zcbor_map_end_encode
                0x00000000000063d6        0x4 zephyr/libzephyr.a(zcbor_encode.c.obj)
                0x00000000000063d6                zcbor_map_end_encode
 .text.zcbor_new_encode_state
                0x00000000000063da        0x4 zephyr/libzephyr.a(zcbor_encode.c.obj)
                0x00000000000063da                zcbor_new_encode_state
 .text.zcbor_new_backup
                0x00000000000063de       0x3c zephyr/libzephyr.a(zcbor_common.c.obj)
                0x00000000000063de                zcbor_new_backup
 .text.zcbor_process_backup
                0x000000000000641a       0x66 zephyr/libzephyr.a(zcbor_common.c.obj)
                0x000000000000641a                zcbor_process_backup
 .text.zcbor_union_start_code
                0x0000000000006480        0x6 zephyr/libzephyr.a(zcbor_common.c.obj)
                0x0000000000006480                zcbor_union_start_code
 .text.zcbor_union_elem_code
                0x0000000000006486        0x8 zephyr/libzephyr.a(zcbor_common.c.obj)
                0x0000000000006486                zcbor_union_elem_code
 .text.zcbor_union_end_code
                0x000000000000648e        0x8 zephyr/libzephyr.a(zcbor_common.c.obj)
                0x000000000000648e                zcbor_union_end_code
 .text.zcbor_new_state
                0x0000000000006496       0x44 zephyr/libzephyr.a(zcbor_common.c.obj)
                0x0000000000006496                zcbor_new_state
 .text.z_do_kernel_oops
                0x00000000000064da        0x8 zephyr/arch/arch/arm/core/aarch32/libarch__arm__core__aarch32.a(fatal.c.obj)
                0x00000000000064da                z_do_kernel_oops
 .text.z_irq_spurious
                0x00000000000064e2        0x8 zephyr/arch/arch/arm/core/aarch32/libarch__arm__core__aarch32.a(irq_manage.c.obj)
                0x00000000000064e2                z_irq_spurious
 .text.z_arm_nmi
                0x00000000000064ea        0xe zephyr/arch/arch/arm/core/aarch32/libarch__arm__core__aarch32.a(nmi.c.obj)
                0x00000000000064ea                z_arm_nmi
 .text.strlen   0x00000000000064f8        0xe zephyr/lib/libc/minimal/liblib__libc__minimal.a(string.c.obj)
                0x00000000000064f8                strlen
 .text.memcmp   0x0000000000006506       0x20 zephyr/lib/libc/minimal/liblib__libc__minimal.a(string.c.obj)
                0x0000000000006506                memcmp
 .text.memmove  0x0000000000006526       0x2e zephyr/lib/libc/minimal/liblib__libc__minimal.a(string.c.obj)
                0x0000000000006526                memmove
 .text.memcpy   0x0000000000006554       0x16 zephyr/lib/libc/minimal/liblib__libc__minimal.a(string.c.obj)
                0x0000000000006554                memcpy
 .text.memset   0x000000000000656a       0x12 zephyr/lib/libc/minimal/liblib__libc__minimal.a(string.c.obj)
                0x000000000000656a                memset
 .text.sprintf_out
                0x000000000000657c       0x1a zephyr/lib/libc/minimal/liblib__libc__minimal.a(sprintf.c.obj)
 .text.get_status
                0x0000000000006596       0x12 zephyr/drivers/clock_control/libdrivers__clock_control.a(clock_control_nrf.c.obj)
 .text.set_on_state
                0x00000000000065a8       0x26 zephyr/drivers/clock_control/libdrivers__clock_control.a(clock_control_nrf.c.obj)
 .text.stop     0x00000000000065ce       0x52 zephyr/drivers/clock_control/libdrivers__clock_control.a(clock_control_nrf.c.obj)
 .text.api_stop
                0x0000000000006620        0x6 zephyr/drivers/clock_control/libdrivers__clock_control.a(clock_control_nrf.c.obj)
 .text.async_start
                0x0000000000006626       0x5c zephyr/drivers/clock_control/libdrivers__clock_control.a(clock_control_nrf.c.obj)
 .text.api_start
                0x0000000000006682        0xe zephyr/drivers/clock_control/libdrivers__clock_control.a(clock_control_nrf.c.obj)
 .text.api_blocking_start
                0x0000000000006690        0x6 zephyr/drivers/clock_control/libdrivers__clock_control.a(clock_control_nrf.c.obj)
 .text.onoff_started_callback
                0x0000000000006696       0x12 zephyr/drivers/clock_control/libdrivers__clock_control.a(clock_control_nrf.c.obj)
 .text.lfclk_start
                0x00000000000066a8        0x6 zephyr/drivers/clock_control/libdrivers__clock_control.a(clock_control_nrf.c.obj)
 .text.lfclk_stop
                0x00000000000066ae        0x6 zephyr/drivers/clock_control/libdrivers__clock_control.a(clock_control_nrf.c.obj)
 .text.gpio_nrfx_port_get_raw
                0x00000000000066b4        0xc zephyr/drivers/gpio/libdrivers__gpio.a(gpio_nrfx.c.obj)
 .text.gpio_nrfx_port_set_masked_raw
                0x00000000000066c0       0x14 zephyr/drivers/gpio/libdrivers__gpio.a(gpio_nrfx.c.obj)
 .text.gpio_nrfx_port_set_bits_raw
                0x00000000000066d4        0xa zephyr/drivers/gpio/libdrivers__gpio.a(gpio_nrfx.c.obj)
 .text.gpio_nrfx_port_clear_bits_raw
                0x00000000000066de        0xa zephyr/drivers/gpio/libdrivers__gpio.a(gpio_nrfx.c.obj)
 .text.gpio_nrfx_port_toggle_bits
                0x00000000000066e8       0x14 zephyr/drivers/gpio/libdrivers__gpio.a(gpio_nrfx.c.obj)
 .text.gpio_nrfx_manage_callback
                0x00000000000066fc       0x52 zephyr/drivers/gpio/libdrivers__gpio.a(gpio_nrfx.c.obj)
 .text.is_regular_addr_valid
                0x000000000000674e       0x22 zephyr/drivers/flash/libdrivers__flash.a(soc_flash_nrf.c.obj)
 .text.flash_get_page_info
                0x0000000000006770       0x62 zephyr/drivers/flash/libdrivers__flash.a(flash_page_layout.c.obj)
 .text.z_impl_flash_get_page_info_by_offs
                0x00000000000067d2        0x8 zephyr/drivers/flash/libdrivers__flash.a(flash_page_layout.c.obj)
                0x00000000000067d2                z_impl_flash_get_page_info_by_offs
 .text.flash_page_foreach
                0x00000000000067da       0x58 zephyr/drivers/flash/libdrivers__flash.a(flash_page_layout.c.obj)
                0x00000000000067da                flash_page_foreach
 .text.uarte_nrfx_config_get
                0x0000000000006832       0x10 zephyr/drivers/serial/libdrivers__serial.a(uart_nrfx_uarte.c.obj)
 .text.uarte_nrfx_err_check
                0x0000000000006842        0xe zephyr/drivers/serial/libdrivers__serial.a(uart_nrfx_uarte.c.obj)
 .text.tx_start
                0x0000000000006850       0x3e zephyr/drivers/serial/libdrivers__serial.a(uart_nrfx_uarte.c.obj)
 .text.uarte_nrfx_poll_in
                0x000000000000688e       0x28 zephyr/drivers/serial/libdrivers__serial.a(uart_nrfx_uarte.c.obj)
 .text.uarte_nrfx_fifo_read
                0x00000000000068b6       0x2e zephyr/drivers/serial/libdrivers__serial.a(uart_nrfx_uarte.c.obj)
 .text.uarte_nrfx_irq_tx_enable
                0x00000000000068e4       0x2e zephyr/drivers/serial/libdrivers__serial.a(uart_nrfx_uarte.c.obj)
 .text.uarte_nrfx_irq_tx_disable
                0x0000000000006912        0xa zephyr/drivers/serial/libdrivers__serial.a(uart_nrfx_uarte.c.obj)
 .text.uarte_nrfx_irq_tx_ready_complete
                0x000000000000691c       0x2a zephyr/drivers/serial/libdrivers__serial.a(uart_nrfx_uarte.c.obj)
 .text.uarte_nrfx_irq_rx_ready
                0x0000000000006946       0x10 zephyr/drivers/serial/libdrivers__serial.a(uart_nrfx_uarte.c.obj)
 .text.uarte_nrfx_irq_rx_enable
                0x0000000000006956        0xc zephyr/drivers/serial/libdrivers__serial.a(uart_nrfx_uarte.c.obj)
 .text.uarte_nrfx_irq_rx_disable
                0x0000000000006962        0xc zephyr/drivers/serial/libdrivers__serial.a(uart_nrfx_uarte.c.obj)
 .text.uarte_nrfx_irq_err_enable
                0x000000000000696e        0xe zephyr/drivers/serial/libdrivers__serial.a(uart_nrfx_uarte.c.obj)
 .text.uarte_nrfx_irq_err_disable
                0x000000000000697c        0xe zephyr/drivers/serial/libdrivers__serial.a(uart_nrfx_uarte.c.obj)
 .text.uarte_nrfx_irq_is_pending
                0x000000000000698a       0x36 zephyr/drivers/serial/libdrivers__serial.a(uart_nrfx_uarte.c.obj)
 .text.uarte_nrfx_irq_update
                0x00000000000069c0        0x4 zephyr/drivers/serial/libdrivers__serial.a(uart_nrfx_uarte.c.obj)
 .text.uarte_nrfx_irq_callback_set
                0x00000000000069c4        0xc zephyr/drivers/serial/libdrivers__serial.a(uart_nrfx_uarte.c.obj)
 .text.is_tx_ready.isra.0
                0x00000000000069d0       0x20 zephyr/drivers/serial/libdrivers__serial.a(uart_nrfx_uarte.c.obj)
 .text.uarte_nrfx_fifo_fill
                0x00000000000069f0       0x70 zephyr/drivers/serial/libdrivers__serial.a(uart_nrfx_uarte.c.obj)
 .text.uarte_nrfx_isr_int
                0x0000000000006a60       0xc0 zephyr/drivers/serial/libdrivers__serial.a(uart_nrfx_uarte.c.obj)
 .text.uarte_1_init
                0x0000000000006b20       0x1e zephyr/drivers/serial/libdrivers__serial.a(uart_nrfx_uarte.c.obj)
 .text.uarte_0_init
                0x0000000000006b3e       0x1e zephyr/drivers/serial/libdrivers__serial.a(uart_nrfx_uarte.c.obj)
 .text.event_clear
                0x0000000000006b5c       0x18 zephyr/drivers/timer/libdrivers__timer.a(nrf_rtc_timer.c.obj)
 .text.pinctrl_lookup_state
                0x0000000000006b74       0x26 zephyr/drivers/pinctrl/libdrivers__pinctrl.a(common.c.obj)
                0x0000000000006b74                pinctrl_lookup_state
 .text.hw_cc3xx_init_internal
                0x0000000000006b9a        0x4 modules/nrf/drivers/hw_cc310/lib..__nrf__drivers__hw_cc310.a(hw_cc310.c.obj)
 .text.hw_cc3xx_init
                0x0000000000006b9e       0x12 modules/nrf/drivers/hw_cc310/lib..__nrf__drivers__hw_cc310.a(hw_cc310.c.obj)
 .text.boot_swap_info_off
                0x0000000000006bb0        0xc modules/mcuboot/boot/bootutil/zephyr/libmcuboot_util.a(bootutil_public.c.obj)
                0x0000000000006bb0                boot_swap_info_off
 .text.boot_magic_compatible_check
                0x0000000000006bbc       0x1c modules/mcuboot/boot/bootutil/zephyr/libmcuboot_util.a(bootutil_public.c.obj)
                0x0000000000006bbc                boot_magic_compatible_check
 .text.bootutil_buffer_is_erased
                0x0000000000006bd8       0x26 modules/mcuboot/boot/bootutil/zephyr/libmcuboot_util.a(bootutil_public.c.obj)
                0x0000000000006bd8                bootutil_buffer_is_erased
 .text.boot_read_flag
                0x0000000000006bfe       0x38 modules/mcuboot/boot/bootutil/zephyr/libmcuboot_util.a(bootutil_public.c.obj)
 .text.boot_write_trailer
                0x0000000000006c36       0x58 modules/mcuboot/boot/bootutil/zephyr/libmcuboot_util.a(bootutil_public.c.obj)
                0x0000000000006c36                boot_write_trailer
 .text.boot_write_trailer_flag
                0x0000000000006c8e       0x14 modules/mcuboot/boot/bootutil/zephyr/libmcuboot_util.a(bootutil_public.c.obj)
                0x0000000000006c8e                boot_write_trailer_flag
 .text.boot_write_image_ok
                0x0000000000006ca2        0xe modules/mcuboot/boot/bootutil/zephyr/libmcuboot_util.a(bootutil_public.c.obj)
                0x0000000000006ca2                boot_write_image_ok
 .text.boot_read_image_ok
                0x0000000000006cb0        0xc modules/mcuboot/boot/bootutil/zephyr/libmcuboot_util.a(bootutil_public.c.obj)
                0x0000000000006cb0                boot_read_image_ok
 .text.boot_read_swap_state_by_id
                0x0000000000006cbc       0x28 modules/mcuboot/boot/bootutil/zephyr/libmcuboot_util.a(bootutil_public.c.obj)
                0x0000000000006cbc                boot_read_swap_state_by_id
 .text.boot_write_swap_info
                0x0000000000006ce4       0x22 modules/mcuboot/boot/bootutil/zephyr/libmcuboot_util.a(bootutil_public.c.obj)
                0x0000000000006ce4                boot_write_swap_info
 .text._mbedtls_init
                0x0000000000006d06        0x4 modules/mbedtls/libmodules__mbedtls.a(zephyr_init.c.obj)
 .text.mbedtls_asn1_get_len
                0x0000000000006d0a       0x98 modules/mbedtls/libmodules__mbedtls.a(asn1parse.c.obj)
                0x0000000000006d0a                mbedtls_asn1_get_len
 .text.mbedtls_asn1_get_tag
                0x0000000000006da2       0x28 modules/mbedtls/libmodules__mbedtls.a(asn1parse.c.obj)
                0x0000000000006da2                mbedtls_asn1_get_tag
 .text.mbedtls_asn1_get_mpi
                0x0000000000006dca       0x26 modules/mbedtls/libmodules__mbedtls.a(asn1parse.c.obj)
                0x0000000000006dca                mbedtls_asn1_get_mpi
 .text.mpi_mul_hlp
                0x0000000000006df0      0x338 modules/mbedtls/libmodules__mbedtls.a(bignum.c.obj)
 .text.mpi_montmul
                0x0000000000007128       0xe0 modules/mbedtls/libmodules__mbedtls.a(bignum.c.obj)
 .text.mpi_bigendian_to_host.part.0
                0x0000000000007208       0x52 modules/mbedtls/libmodules__mbedtls.a(bignum.c.obj)
 .text.mbedtls_mpi_init
                0x000000000000725a        0xc modules/mbedtls/libmodules__mbedtls.a(bignum.c.obj)
                0x000000000000725a                mbedtls_mpi_init
 .text.mbedtls_mpi_free
                0x0000000000007266       0x24 modules/mbedtls/libmodules__mbedtls.a(bignum.c.obj)
                0x0000000000007266                mbedtls_mpi_free
 .text.mbedtls_mpi_grow
                0x000000000000728a       0x4e modules/mbedtls/libmodules__mbedtls.a(bignum.c.obj)
                0x000000000000728a                mbedtls_mpi_grow
 .text.mbedtls_mpi_resize_clear
                0x00000000000072d8       0x36 modules/mbedtls/libmodules__mbedtls.a(bignum.c.obj)
 .text.mbedtls_mpi_copy
                0x000000000000730e       0x68 modules/mbedtls/libmodules__mbedtls.a(bignum.c.obj)
                0x000000000000730e                mbedtls_mpi_copy
 .text.mbedtls_mpi_lset
                0x0000000000007376       0x38 modules/mbedtls/libmodules__mbedtls.a(bignum.c.obj)
                0x0000000000007376                mbedtls_mpi_lset
 .text.mbedtls_mpi_get_bit
                0x00000000000073ae       0x20 modules/mbedtls/libmodules__mbedtls.a(bignum.c.obj)
                0x00000000000073ae                mbedtls_mpi_get_bit
 .text.mbedtls_mpi_bitlen
                0x00000000000073ce       0x3c modules/mbedtls/libmodules__mbedtls.a(bignum.c.obj)
                0x00000000000073ce                mbedtls_mpi_bitlen
 .text.mbedtls_mpi_size
                0x000000000000740a        0xc modules/mbedtls/libmodules__mbedtls.a(bignum.c.obj)
                0x000000000000740a                mbedtls_mpi_size
 .text.mbedtls_mpi_read_binary
                0x0000000000007416       0x42 modules/mbedtls/libmodules__mbedtls.a(bignum.c.obj)
                0x0000000000007416                mbedtls_mpi_read_binary
 .text.mbedtls_mpi_write_binary
                0x0000000000007458       0x6a modules/mbedtls/libmodules__mbedtls.a(bignum.c.obj)
                0x0000000000007458                mbedtls_mpi_write_binary
 .text.mbedtls_mpi_shift_l
                0x00000000000074c2       0xae modules/mbedtls/libmodules__mbedtls.a(bignum.c.obj)
                0x00000000000074c2                mbedtls_mpi_shift_l
 .text.mbedtls_mpi_shift_r
                0x0000000000007570       0x84 modules/mbedtls/libmodules__mbedtls.a(bignum.c.obj)
                0x0000000000007570                mbedtls_mpi_shift_r
 .text.mbedtls_mpi_cmp_abs
                0x00000000000075f4       0x6a modules/mbedtls/libmodules__mbedtls.a(bignum.c.obj)
                0x00000000000075f4                mbedtls_mpi_cmp_abs
 .text.mbedtls_mpi_cmp_mpi
                0x000000000000765e       0x82 modules/mbedtls/libmodules__mbedtls.a(bignum.c.obj)
                0x000000000000765e                mbedtls_mpi_cmp_mpi
 .text.mbedtls_mpi_cmp_int
                0x00000000000076e0       0x2c modules/mbedtls/libmodules__mbedtls.a(bignum.c.obj)
                0x00000000000076e0                mbedtls_mpi_cmp_int
 .text.mbedtls_mpi_add_abs
                0x000000000000770c       0xae modules/mbedtls/libmodules__mbedtls.a(bignum.c.obj)
                0x000000000000770c                mbedtls_mpi_add_abs
 .text.mbedtls_mpi_sub_abs
                0x00000000000077ba       0xe0 modules/mbedtls/libmodules__mbedtls.a(bignum.c.obj)
                0x00000000000077ba                mbedtls_mpi_sub_abs
 .text.mbedtls_mpi_add_mpi
                0x000000000000789a       0x44 modules/mbedtls/libmodules__mbedtls.a(bignum.c.obj)
                0x000000000000789a                mbedtls_mpi_add_mpi
 .text.mbedtls_mpi_sub_mpi
                0x00000000000078de       0x46 modules/mbedtls/libmodules__mbedtls.a(bignum.c.obj)
                0x00000000000078de                mbedtls_mpi_sub_mpi
 .text.mbedtls_mpi_mul_int
                0x0000000000007924       0x5c modules/mbedtls/libmodules__mbedtls.a(bignum.c.obj)
                0x0000000000007924                mbedtls_mpi_mul_int
 .text.mbedtls_mpi_div_mpi
                0x0000000000007980      0x330 modules/mbedtls/libmodules__mbedtls.a(bignum.c.obj)
                0x0000000000007980                mbedtls_mpi_div_mpi
 .text.mbedtls_mpi_mod_mpi
                0x0000000000007cb0       0x64 modules/mbedtls/libmodules__mbedtls.a(bignum.c.obj)
                0x0000000000007cb0                mbedtls_mpi_mod_mpi
 .text.mbedtls_mpi_exp_mod
                0x0000000000007d14      0x44a modules/mbedtls/libmodules__mbedtls.a(bignum.c.obj)
                0x0000000000007d14                mbedtls_mpi_exp_mod
 .text.mbedtls_ct_size_bool_eq
                0x000000000000815e        0xc modules/mbedtls/libmodules__mbedtls.a(constant_time.c.obj)
                0x000000000000815e                mbedtls_ct_size_bool_eq
 .text.mbedtls_ct_mpi_uint_cond_assign
                0x000000000000816a       0x24 modules/mbedtls/libmodules__mbedtls.a(constant_time.c.obj)
                0x000000000000816a                mbedtls_ct_mpi_uint_cond_assign
 .text.mbedtls_mpi_safe_cond_assign
                0x000000000000818e       0x5e modules/mbedtls/libmodules__mbedtls.a(constant_time.c.obj)
                0x000000000000818e                mbedtls_mpi_safe_cond_assign
 .text.platform_calloc_uninit
                0x00000000000081ec        0x4 modules/mbedtls/libmodules__mbedtls.a(platform.c.obj)
 .text.platform_exit_uninit
                0x00000000000081f0        0x2 modules/mbedtls/libmodules__mbedtls.a(platform.c.obj)
 .text.platform_free_uninit
                0x00000000000081f2        0x2 modules/mbedtls/libmodules__mbedtls.a(platform.c.obj)
 .text.mbedtls_rsa_import
                0x00000000000081f4       0x86 modules/mbedtls/libmodules__mbedtls.a(rsa.c.obj)
                0x00000000000081f4                mbedtls_rsa_import
 .text.mbedtls_rsa_init
                0x000000000000827a       0x14 modules/mbedtls/libmodules__mbedtls.a(rsa.c.obj)
                0x000000000000827a                mbedtls_rsa_init
 .text.mbedtls_rsa_free
                0x000000000000828e       0x72 modules/mbedtls/libmodules__mbedtls.a(rsa.c.obj)
                0x000000000000828e                mbedtls_rsa_free
 .text.mbedtls_sha256_init
                0x0000000000008300        0x8 modules/mbedtls/libmodules__mbedtls.a(sha256.c.obj)
                0x0000000000008300                mbedtls_sha256_init
 .text.mbedtls_sha256_update
                0x0000000000008308       0x72 modules/mbedtls/libmodules__mbedtls.a(sha256.c.obj)
                0x0000000000008308                mbedtls_sha256_update
 .text.mbedtls_sha256_finish
                0x000000000000837a      0x104 modules/mbedtls/libmodules__mbedtls.a(sha256.c.obj)
                0x000000000000837a                mbedtls_sha256_finish
 .text.nrf91_errata_14
                0x000000000000847e       0x20 modules/hal_nordic/nrfx/libmodules__hal_nordic__nrfx.a(system_nrf9160.c.obj)
 .text.nrfx_isr
                0x000000000000849e        0x2 modules/hal_nordic/nrfx/libmodules__hal_nordic__nrfx.a(nrfx_glue.c.obj)
                0x000000000000849e                nrfx_isr
 .text.nrfx_busy_wait
                0x00000000000084a0        0x4 modules/hal_nordic/nrfx/libmodules__hal_nordic__nrfx.a(nrfx_glue.c.obj)
                0x00000000000084a0                nrfx_busy_wait
 .text.clock_stop
                0x00000000000084a4       0xb4 modules/hal_nordic/nrfx/libmodules__hal_nordic__nrfx.a(nrfx_clock.c.obj)
 .text.nrfx_clock_enable
                0x0000000000008558       0x1c modules/hal_nordic/nrfx/libmodules__hal_nordic__nrfx.a(nrfx_clock.c.obj)
                0x0000000000008558                nrfx_clock_enable
 .text.nrfx_clock_start
                0x0000000000008574       0x80 modules/hal_nordic/nrfx/libmodules__hal_nordic__nrfx.a(nrfx_clock.c.obj)
                0x0000000000008574                nrfx_clock_start
 .text.nrfx_clock_stop
                0x00000000000085f4        0x4 modules/hal_nordic/nrfx/libmodules__hal_nordic__nrfx.a(nrfx_clock.c.obj)
                0x00000000000085f4                nrfx_clock_stop
 .text.nrfx_nvmc_flash_size_get
                0x00000000000085f8        0x6 modules/hal_nordic/nrfx/libmodules__hal_nordic__nrfx.a(nrfx_nvmc.c.obj)
                0x00000000000085f8                nrfx_nvmc_flash_size_get
 .text.nrfx_nvmc_flash_page_size_get
                0x00000000000085fe        0x6 modules/hal_nordic/nrfx/libmodules__hal_nordic__nrfx.a(nrfx_nvmc.c.obj)
                0x00000000000085fe                nrfx_nvmc_flash_page_size_get
 .text.nrfx_nvmc_flash_page_count_get
                0x0000000000008604        0x6 modules/hal_nordic/nrfx/libmodules__hal_nordic__nrfx.a(nrfx_nvmc.c.obj)
                0x0000000000008604                nrfx_nvmc_flash_page_count_get
 .text.z_device_state_init
                0x000000000000860a        0x2 zephyr/kernel/libkernel.a(device.c.obj)
                0x000000000000860a                z_device_state_init
 .text.z_device_is_ready
                0x000000000000860c       0x16 zephyr/kernel/libkernel.a(device.c.obj)
                0x000000000000860c                z_device_is_ready
 .text.z_early_memset
                0x0000000000008622        0x4 zephyr/kernel/libkernel.a(init.c.obj)
                0x0000000000008622                z_early_memset
 .text.z_early_memcpy
                0x0000000000008626        0x4 zephyr/kernel/libkernel.a(init.c.obj)
                0x0000000000008626                z_early_memcpy
 .text.k_is_in_isr
                0x000000000000862a        0xc zephyr/kernel/libkernel.a(thread.c.obj)
                0x000000000000862a                k_is_in_isr
 .text.z_impl_k_busy_wait
                0x0000000000008636        0x8 zephyr/kernel/libkernel.a(timeout.c.obj)
                0x0000000000008636                z_impl_k_busy_wait
 .text._OffsetAbsSyms
                0x000000000000863e        0x2 zephyr/CMakeFiles/offsets.dir/./arch/arm/core/offsets/offsets.c.obj
                0x000000000000863e                _OffsetAbsSyms
 *(SORT_BY_ALIGNMENT(.TEXT.*))
 *(SORT_BY_ALIGNMENT(.gnu.linkonce.t.*))
 *(SORT_BY_ALIGNMENT(.glue_7t))
 .glue_7t       0x0000000000008640        0x0 linker stubs
 *(SORT_BY_ALIGNMENT(.glue_7))
 .glue_7        0x0000000000008640        0x0 linker stubs
 *(SORT_BY_ALIGNMENT(.vfp11_veneer))
 .vfp11_veneer  0x0000000000008640        0x0 linker stubs
 *(SORT_BY_ALIGNMENT(.v4_bx))
 .v4_bx         0x0000000000008640        0x0 linker stubs
                0x0000000000008640                . = ALIGN (0x4)
                0x0000000000008640                __text_region_end = .

.ARM.exidx      0x0000000000008640        0x8
                0x0000000000008640                __exidx_start = .
 *(SORT_BY_ALIGNMENT(.ARM.exidx*) SORT_BY_ALIGNMENT(gnu.linkonce.armexidx.*))
 .ARM.exidx     0x0000000000008640        0x8 c:/users/elija/ncs/toolchains/v2.3.0/opt/zephyr-sdk/arm-zephyr-eabi/bin/../lib/gcc/arm-zephyr-eabi/12.1.0/thumb/v8-m.main/nofp\libgcc.a(_udivmoddi4.o)
                0x0000000000008648                __exidx_end = .
                0x0000000000008648                __rodata_region_start = .

initlevel       0x0000000000008648       0x50
                0x0000000000008648                __init_start = .
                0x0000000000008648                __init_EARLY_start = .
 *(SORT_BY_NAME(SORT_BY_ALIGNMENT(.z_init_EARLY[0-9]_*)))
 *(SORT_BY_NAME(SORT_BY_ALIGNMENT(.z_init_EARLY[1-9][0-9]_*)))
                0x0000000000008648                __init_PRE_KERNEL_1_start = .
 *(SORT_BY_NAME(SORT_BY_ALIGNMENT(.z_init_PRE_KERNEL_1[0-9]_*)))
 .z_init_PRE_KERNEL_10_
                0x0000000000008648        0x8 zephyr/libzephyr.a(soc.c.obj)
 *(SORT_BY_NAME(SORT_BY_ALIGNMENT(.z_init_PRE_KERNEL_1[1-9][0-9]_*)))
 .z_init_PRE_KERNEL_130_
                0x0000000000008650        0x8 zephyr/drivers/clock_control/libdrivers__clock_control.a(clock_control_nrf.c.obj)
 .z_init_PRE_KERNEL_140_
                0x0000000000008658        0x8 zephyr/drivers/gpio/libdrivers__gpio.a(gpio_nrfx.c.obj)
 .z_init_PRE_KERNEL_140_
                0x0000000000008660        0x8 modules/nrf/drivers/hw_cc310/lib..__nrf__drivers__hw_cc310.a(hw_cc310.c.obj)
 .z_init_PRE_KERNEL_155_
                0x0000000000008668       0x10 zephyr/drivers/serial/libdrivers__serial.a(uart_nrfx_uarte.c.obj)
                0x0000000000008678                __init_PRE_KERNEL_2_start = .
 *(SORT_BY_NAME(SORT_BY_ALIGNMENT(.z_init_PRE_KERNEL_2[0-9]_*)))
 .z_init_PRE_KERNEL_20_
                0x0000000000008678        0x8 zephyr/drivers/timer/libdrivers__timer.a(nrf_rtc_timer.c.obj)
 *(SORT_BY_NAME(SORT_BY_ALIGNMENT(.z_init_PRE_KERNEL_2[1-9][0-9]_*)))
                0x0000000000008680                __init_POST_KERNEL_start = .
 *(SORT_BY_NAME(SORT_BY_ALIGNMENT(.z_init_POST_KERNEL[0-9]_*)))
 .z_init_POST_KERNEL0_
                0x0000000000008680        0x8 modules/mbedtls/libmodules__mbedtls.a(zephyr_init.c.obj)
 *(SORT_BY_NAME(SORT_BY_ALIGNMENT(.z_init_POST_KERNEL[1-9][0-9]_*)))
 .z_init_POST_KERNEL40_
                0x0000000000008688        0x8 modules/nrf/drivers/hw_cc310/lib..__nrf__drivers__hw_cc310.a(hw_cc310.c.obj)
 .z_init_POST_KERNEL50_
                0x0000000000008690        0x8 zephyr/drivers/flash/libdrivers__flash.a(soc_flash_nrf.c.obj)
                0x0000000000008698                __init_APPLICATION_start = .
 *(SORT_BY_NAME(SORT_BY_ALIGNMENT(.z_init_APPLICATION[0-9]_*)))
 *(SORT_BY_NAME(SORT_BY_ALIGNMENT(.z_init_APPLICATION[1-9][0-9]_*)))
                0x0000000000008698                __init_SMP_start = .
 *(SORT_BY_NAME(SORT_BY_ALIGNMENT(.z_init_SMP[0-9]_*)))
 *(SORT_BY_NAME(SORT_BY_ALIGNMENT(.z_init_SMP[1-9][0-9]_*)))
                0x0000000000008698                __init_end = .

devices         0x0000000000008698       0x78
                0x0000000000008698                __device_start = .
                0x0000000000008698                __device_EARLY_start = .
 *(SORT_BY_NAME(SORT_BY_ALIGNMENT(.z_device_EARLY[0-9]_*)))
 *(SORT_BY_NAME(SORT_BY_ALIGNMENT(.z_device_EARLY[1-9][0-9]_*)))
                0x0000000000008698                __device_PRE_KERNEL_1_start = .
 *(SORT_BY_NAME(SORT_BY_ALIGNMENT(.z_device_PRE_KERNEL_1[0-9]_*)))
 *(SORT_BY_NAME(SORT_BY_ALIGNMENT(.z_device_PRE_KERNEL_1[1-9][0-9]_*)))
 .z_device_PRE_KERNEL_130_
                0x0000000000008698       0x18 zephyr/drivers/clock_control/libdrivers__clock_control.a(clock_control_nrf.c.obj)
                0x0000000000008698                __device_dts_ord_69
 .z_device_PRE_KERNEL_140_
                0x00000000000086b0       0x18 zephyr/drivers/gpio/libdrivers__gpio.a(gpio_nrfx.c.obj)
                0x00000000000086b0                __device_dts_ord_6
 .z_device_PRE_KERNEL_155_
                0x00000000000086c8       0x30 zephyr/drivers/serial/libdrivers__serial.a(uart_nrfx_uarte.c.obj)
                0x00000000000086c8                __device_dts_ord_98
                0x00000000000086e0                __device_dts_ord_97
                0x00000000000086f8                __device_PRE_KERNEL_2_start = .
 *(SORT_BY_NAME(SORT_BY_ALIGNMENT(.z_device_PRE_KERNEL_2[0-9]_*)))
 *(SORT_BY_NAME(SORT_BY_ALIGNMENT(.z_device_PRE_KERNEL_2[1-9][0-9]_*)))
                0x00000000000086f8                __device_POST_KERNEL_start = .
 *(SORT_BY_NAME(SORT_BY_ALIGNMENT(.z_device_POST_KERNEL[0-9]_*)))
 *(SORT_BY_NAME(SORT_BY_ALIGNMENT(.z_device_POST_KERNEL[1-9][0-9]_*)))
 .z_device_POST_KERNEL50_
                0x00000000000086f8       0x18 zephyr/drivers/flash/libdrivers__flash.a(soc_flash_nrf.c.obj)
                0x00000000000086f8                __device_dts_ord_103
                0x0000000000008710                __device_APPLICATION_start = .
 *(SORT_BY_NAME(SORT_BY_ALIGNMENT(.z_device_APPLICATION[0-9]_*)))
 *(SORT_BY_NAME(SORT_BY_ALIGNMENT(.z_device_APPLICATION[1-9][0-9]_*)))
                0x0000000000008710                __device_SMP_start = .
 *(SORT_BY_NAME(SORT_BY_ALIGNMENT(.z_device_SMP[0-9]_*)))
 *(SORT_BY_NAME(SORT_BY_ALIGNMENT(.z_device_SMP[1-9][0-9]_*)))
                0x0000000000008710                __device_end = .

sw_isr_table    0x0000000000008710      0x208
                0x0000000000008710                . = ALIGN (0x4)
 *(SORT_BY_ALIGNMENT(.gnu.linkonce.sw_isr_table*))
 .gnu.linkonce.sw_isr_table
                0x0000000000008710      0x208 zephyr/arch/common/libisr_tables.a(isr_tables.c.obj)
                0x0000000000008710                _sw_isr_table

initlevel_error
                0x0000000000008648        0x0
 *(SORT_BY_NAME(SORT_BY_ALIGNMENT(.z_init_[_A-Z0-9]*)))
                0x0000000000000001                ASSERT ((SIZEOF (initlevel_error) == 0x0), Undefined initialization levels used.)

app_shmem_regions
                0x0000000000008918        0x0
                0x0000000000008918                __app_shmem_regions_start = .
 *(SORT_BY_NAME(SORT_BY_ALIGNMENT(.app_regions.*)))
                0x0000000000008918                __app_shmem_regions_end = .

k_p4wq_initparam_area
                0x0000000000008918        0x0
                0x0000000000008918                _k_p4wq_initparam_list_start = .
 *(SORT_BY_NAME(SORT_BY_ALIGNMENT(._k_p4wq_initparam.static.*)))
                0x0000000000008918                _k_p4wq_initparam_list_end = .

_static_thread_data_area
                0x0000000000008918        0x0
                0x0000000000008918                __static_thread_data_list_start = .
 *(SORT_BY_NAME(SORT_BY_ALIGNMENT(.__static_thread_data.static.*)))
                0x0000000000008918                __static_thread_data_list_end = .

device_handles  0x0000000000008918       0x50
                0x0000000000008918                __device_handles_start = .
 *(SORT_BY_NAME(SORT_BY_ALIGNMENT(.__device_handles_pass1*)))
 .__device_handles_pass1
                0x0000000000008918        0xa zephyr/drivers/clock_control/libdrivers__clock_control.a(clock_control_nrf.c.obj)
                0x0000000000008918                __devicehdl_dts_ord_69
 .__device_handles_pass1
                0x0000000000008922       0x20 zephyr/drivers/gpio/libdrivers__gpio.a(gpio_nrfx.c.obj)
                0x0000000000008922                __devicehdl_dts_ord_6
 .__device_handles_pass1
                0x0000000000008942        0xa zephyr/drivers/flash/libdrivers__flash.a(soc_flash_nrf.c.obj)
                0x0000000000008942                __devicehdl_dts_ord_103
 .__device_handles_pass1
                0x000000000000894c       0x1c zephyr/drivers/serial/libdrivers__serial.a(uart_nrfx_uarte.c.obj)
                0x000000000000894c                __devicehdl_dts_ord_98
                0x000000000000895a                __devicehdl_dts_ord_97
                0x0000000000008968                __device_handles_end = .

ztest           0x0000000000008968        0x0
                0x0000000000008968                _ztest_expected_result_entry_list_start = .
 *(SORT_BY_NAME(SORT_BY_ALIGNMENT(._ztest_expected_result_entry.static.*)))
                0x0000000000008968                _ztest_expected_result_entry_list_end = .
                0x0000000000008968                _ztest_suite_node_list_start = .
 *(SORT_BY_NAME(SORT_BY_ALIGNMENT(._ztest_suite_node.static.*)))
                0x0000000000008968                _ztest_suite_node_list_end = .
                0x0000000000008968                _ztest_unit_test_list_start = .
 *(SORT_BY_NAME(SORT_BY_ALIGNMENT(._ztest_unit_test.static.*)))
                0x0000000000008968                _ztest_unit_test_list_end = .
                0x0000000000008968                _ztest_test_rule_list_start = .
 *(SORT_BY_NAME(SORT_BY_ALIGNMENT(._ztest_test_rule.static.*)))
                0x0000000000008968                _ztest_test_rule_list_end = .

bt_l2cap_fixed_chan_area
                0x0000000000008968        0x0
                0x0000000000008968                _bt_l2cap_fixed_chan_list_start = .
 *(SORT_BY_NAME(SORT_BY_ALIGNMENT(._bt_l2cap_fixed_chan.static.*)))
                0x0000000000008968                _bt_l2cap_fixed_chan_list_end = .

bt_gatt_service_static_area
                0x0000000000008968        0x0
                0x0000000000008968                _bt_gatt_service_static_list_start = .
 *(SORT_BY_NAME(SORT_BY_ALIGNMENT(._bt_gatt_service_static.static.*)))
                0x0000000000008968                _bt_gatt_service_static_list_end = .

log_strings_sections
                0x0000000000008968        0x0
                0x0000000000008968                __log_strings_start = .
 *(SORT_BY_NAME(SORT_BY_ALIGNMENT(.log_strings*)))
                0x0000000000008968                __log_strings_end = .

log_const_sections
                0x0000000000008968       0x68
                0x0000000000008968                __log_const_start = .
 *(SORT_BY_NAME(SORT_BY_ALIGNMENT(.log_const_*)))
 .log_const_NRFX_CLOCK
                0x0000000000008968        0x8 modules/hal_nordic/nrfx/libmodules__hal_nordic__nrfx.a(nrfx_clock.c.obj)
                0x0000000000008968                log_const_NRFX_CLOCK
 .log_const_NRFX_DPPI
                0x0000000000008970        0x8 modules/hal_nordic/nrfx/libmodules__hal_nordic__nrfx.a(nrfx_dppi.c.obj)
                0x0000000000008970                log_const_NRFX_DPPI
 .log_const_NRFX_GPIOTE
                0x0000000000008978        0x8 modules/hal_nordic/nrfx/libmodules__hal_nordic__nrfx.a(nrfx_gpiote.c.obj)
                0x0000000000008978                log_const_NRFX_GPIOTE
 .log_const_NRFX_WDT
                0x0000000000008980        0x8 modules/hal_nordic/nrfx/libmodules__hal_nordic__nrfx.a(nrfx_wdt.c.obj)
                0x0000000000008980                log_const_NRFX_WDT
 .log_const_cbprintf_package
                0x0000000000008988        0x8 zephyr/libzephyr.a(cbprintf_packaged.c.obj)
                0x0000000000008988                log_const_cbprintf_package
 .log_const_clock_control
                0x0000000000008990        0x8 zephyr/drivers/clock_control/libdrivers__clock_control.a(clock_control_nrf.c.obj)
                0x0000000000008990                log_const_clock_control
 .log_const_fatal_error
                0x0000000000008998        0x8 modules/nrf/lib/fatal_error/lib..__nrf__lib__fatal_error.a(fatal_error.c.obj)
                0x0000000000008998                log_const_fatal_error
 .log_const_flash_nrf
                0x00000000000089a0        0x8 zephyr/drivers/flash/libdrivers__flash.a(soc_flash_nrf.c.obj)
                0x00000000000089a0                log_const_flash_nrf
 .log_const_mcuboot
                0x00000000000089a8        0x8 app/libapp.a(main.c.obj)
                0x00000000000089a8                log_const_mcuboot
 .log_const_os  0x00000000000089b0        0x8 zephyr/kernel/libkernel.a(init.c.obj)
                0x00000000000089b0                log_const_os
 .log_const_serial_adapter
                0x00000000000089b8        0x8 zephyr/libzephyr.a(serial_adapter.c.obj)
                0x00000000000089b8                log_const_serial_adapter
 .log_const_soc
                0x00000000000089c0        0x8 zephyr/libzephyr.a(soc.c.obj)
                0x00000000000089c0                log_const_soc
 .log_const_uart_nrfx_uarte
                0x00000000000089c8        0x8 zephyr/drivers/serial/libdrivers__serial.a(uart_nrfx_uarte.c.obj)
                0x00000000000089c8                log_const_uart_nrfx_uarte
                0x00000000000089d0                __log_const_end = .

log_backend_area
                0x00000000000089d0        0x0
                0x00000000000089d0                _log_backend_list_start = .
 *(SORT_BY_NAME(SORT_BY_ALIGNMENT(._log_backend.static.*)))
                0x00000000000089d0                _log_backend_list_end = .

log_link_area   0x00000000000089d0        0x0
                0x00000000000089d0                _log_link_list_start = .
 *(SORT_BY_NAME(SORT_BY_ALIGNMENT(._log_link.static.*)))
                0x00000000000089d0                _log_link_list_end = .

tracing_backend_area
                0x00000000000089d0        0x0
                0x00000000000089d0                _tracing_backend_list_start = .
 *(SORT_BY_NAME(SORT_BY_ALIGNMENT(._tracing_backend.static.*)))
                0x00000000000089d0                _tracing_backend_list_end = .

zephyr_dbg_info
 *(SORT_BY_ALIGNMENT(.dbg_thread_info))

symbol_to_keep  0x00000000000089d0        0x0
                0x00000000000089d0                __symbol_to_keep_start = .
 *(SORT_BY_NAME(SORT_BY_ALIGNMENT(.symbol_to_keep*)))
                0x00000000000089d0                __symbol_to_keep_end = .

shell_area      0x00000000000089d0        0x0
                0x00000000000089d0                _shell_list_start = .
 *(SORT_BY_NAME(SORT_BY_ALIGNMENT(._shell.static.*)))
                0x00000000000089d0                _shell_list_end = .

shell_root_cmds_sections
                0x00000000000089d0        0x0
                0x00000000000089d0                __shell_root_cmds_start = .
 *(SORT_BY_NAME(SORT_BY_ALIGNMENT(.shell_root_cmd_*)))
                0x00000000000089d0                __shell_root_cmds_end = .

shell_subcmds_sections
                0x00000000000089d0        0x0
                0x00000000000089d0                __shell_subcmds_start = .
 *(SORT_BY_NAME(SORT_BY_ALIGNMENT(.shell_subcmd_*)))
                0x00000000000089d0                __shell_subcmds_end = .

shell_dynamic_subcmds_sections
                0x00000000000089d0        0x0
                0x00000000000089d0                __shell_dynamic_subcmds_start = .
 *(SORT_BY_NAME(SORT_BY_ALIGNMENT(.shell_dynamic_subcmd_*)))
                0x00000000000089d0                __shell_dynamic_subcmds_end = .

font_entry_sections
                0x00000000000089d0        0x0
                0x00000000000089d0                __font_entry_start = .
 *(SORT_BY_NAME(SORT_BY_ALIGNMENT(._cfb_font.*)))
                0x00000000000089d0                __font_entry_end = .

rodata          0x00000000000089d0     0x12e4
 *(SORT_BY_ALIGNMENT(.rodata))
 *(SORT_BY_ALIGNMENT(.rodata.*))
 .rodata.delay_machine_code.0
                0x00000000000089d0        0x6 zephyr/libzephyr.a(soc.c.obj)
 *fill*         0x00000000000089d6        0x2 
 .rodata.boot_funcs
                0x00000000000089d8        0x8 app/libapp.a(main.c.obj)
                0x00000000000089d8                boot_funcs
 .rodata.bootutil_key_cnt
                0x00000000000089e0        0x4 app/libapp.a(keys.c.obj)
                0x00000000000089e0                bootutil_key_cnt
 .rodata.bootutil_keys
                0x00000000000089e4        0x8 app/libapp.a(keys.c.obj)
                0x00000000000089e4                bootutil_keys
 .rodata.rsa_pub_key_len
                0x00000000000089ec        0x4 app/libapp.a(autogen-pubkey.c.obj)
                0x00000000000089ec                rsa_pub_key_len
 .rodata.flash_map_entries
                0x00000000000089f0        0x4 zephyr/libzephyr.a(flash_map_partition_manager.c.obj)
                0x00000000000089f0                flash_map_entries
 .rodata.default_flash_map
                0x00000000000089f4       0xd0 zephyr/libzephyr.a(flash_map_partition_manager.c.obj)
                0x00000000000089f4                default_flash_map
 .rodata.apis   0x0000000000008ac4        0x8 zephyr/libzephyr.a(nrf_cc3xx_platform_abort_zephyr.c.obj)
 .rodata.transitions.0
                0x0000000000008acc        0xc zephyr/drivers/clock_control/libdrivers__clock_control.a(clock_control_nrf.c.obj)
 .rodata.config
                0x0000000000008ad8       0x18 zephyr/drivers/clock_control/libdrivers__clock_control.a(clock_control_nrf.c.obj)
 .rodata.clock_control_api
                0x0000000000008af0       0x1c zephyr/drivers/clock_control/libdrivers__clock_control.a(clock_control_nrf.c.obj)
 .rodata.gpio_nrfx_p0_cfg
                0x0000000000008b0c       0x10 zephyr/drivers/gpio/libdrivers__gpio.a(gpio_nrfx.c.obj)
 .rodata.gpio_nrfx_drv_api_funcs
                0x0000000000008b1c       0x24 zephyr/drivers/gpio/libdrivers__gpio.a(gpio_nrfx.c.obj)
 .rodata.flash_nrf_api
                0x0000000000008b40       0x14 zephyr/drivers/flash/libdrivers__flash.a(soc_flash_nrf.c.obj)
 .rodata.flash_nrf_parameters
                0x0000000000008b54        0x8 zephyr/drivers/flash/libdrivers__flash.a(soc_flash_nrf.c.obj)
 .rodata.uarte_1z_config
                0x0000000000008b5c       0x10 zephyr/drivers/serial/libdrivers__serial.a(uart_nrfx_uarte.c.obj)
 .rodata.__pinctrl_dev_config__device_dts_ord_98
                0x0000000000008b6c        0xc zephyr/drivers/serial/libdrivers__serial.a(uart_nrfx_uarte.c.obj)
 .rodata.__pinctrl_states__device_dts_ord_98
                0x0000000000008b78        0x8 zephyr/drivers/serial/libdrivers__serial.a(uart_nrfx_uarte.c.obj)
 .rodata.__pinctrl_state_pins_0__device_dts_ord_98
                0x0000000000008b80       0x10 zephyr/drivers/serial/libdrivers__serial.a(uart_nrfx_uarte.c.obj)
 .rodata.uarte_0z_config
                0x0000000000008b90       0x10 zephyr/drivers/serial/libdrivers__serial.a(uart_nrfx_uarte.c.obj)
 .rodata.__pinctrl_dev_config__device_dts_ord_97
                0x0000000000008ba0        0xc zephyr/drivers/serial/libdrivers__serial.a(uart_nrfx_uarte.c.obj)
 .rodata.__pinctrl_states__device_dts_ord_97
                0x0000000000008bac        0x8 zephyr/drivers/serial/libdrivers__serial.a(uart_nrfx_uarte.c.obj)
 .rodata.__pinctrl_state_pins_0__device_dts_ord_97
                0x0000000000008bb4       0x10 zephyr/drivers/serial/libdrivers__serial.a(uart_nrfx_uarte.c.obj)
 .rodata.uart_nrfx_uarte_driver_api
                0x0000000000008bc4       0x4c zephyr/drivers/serial/libdrivers__serial.a(uart_nrfx_uarte.c.obj)
 .rodata.K      0x0000000000008c10      0x100 modules/mbedtls/libmodules__mbedtls.a(sha256.c.obj)
 .rodata.CSWTCH.475
                0x0000000000008d10       0x14 zephyr/kernel/libkernel.a(fatal.c.obj)
 .rodata.levels.0
                0x0000000000008d24       0x18 zephyr/kernel/libkernel.a(init.c.obj)
 .rodata.CSWTCH.10
                0x0000000000008d3c       0x1c C:/Users/elija/ncs/v2.3.0/nrfxlib/crypto/nrf_cc310_platform/lib/cortex-m33/soft-float/no-interrupts/libnrf_cc310_platform_0.9.16.a(nrf_cc3xx_platform.c.obj)
 .rodata.CC_PalPowerSaveModeInit.str1.4
                0x0000000000008d58       0x20 C:/Users/elija/ncs/v2.3.0/nrfxlib/crypto/nrf_cc310_platform/lib/cortex-m33/soft-float/no-interrupts/libnrf_cc310_platform_0.9.16.a(cc_pal_pm.c.obj)
 .rodata.mutex_free.str1.4
                0x0000000000008d78       0x26 C:/Users/elija/ncs/v2.3.0/nrfxlib/crypto/nrf_cc310_platform/lib/cortex-m33/soft-float/no-interrupts/libnrf_cc310_platform_0.9.16.a(nrf_cc3xx_platform_mutex.c.obj)
 *fill*         0x0000000000008d9e        0x2 
 .rodata.mutex_init.str1.4
                0x0000000000008da0       0x23 C:/Users/elija/ncs/v2.3.0/nrfxlib/crypto/nrf_cc310_platform/lib/cortex-m33/soft-float/no-interrupts/libnrf_cc310_platform_0.9.16.a(nrf_cc3xx_platform_mutex.c.obj)
 *fill*         0x0000000000008dc3        0x1 
 .rodata.boot_img_magic
                0x0000000000008dc4       0x10 modules/mcuboot/boot/bootutil/zephyr/libmcuboot_util.a(bootutil_public.c.obj)
                0x0000000000008dc4                boot_img_magic
 .rodata.main.str1.1
                0x0000000000008dd4       0xcf app/libapp.a(main.c.obj)
 .rodata.str1.1
                0x0000000000008ea3        0x8 app/libapp.a(main.c.obj)
 .rodata.flash_device_base.str1.1
                0x0000000000008eab       0x26 app/libapp.a(flash_map_extended.c.obj)
 .rodata.pss_zeros
                0x0000000000008ed1        0x8 app/libapp.a(image_rsa.c.obj)
 .rodata.bootutil_max_image_size.str1.1
                0x0000000000008ed9       0x3b app/libapp.a(bootutil_misc.c.obj)
 .rodata.boot_validate_slot.isra.0.str1.1
                0x0000000000008f14       0x3a app/libapp.a(loader.c.obj)
 .rodata.boot_swap_image.str1.1
                0x0000000000008f4e       0x2f app/libapp.a(loader.c.obj)
 .rodata.context_boot_go.str1.1
                0x0000000000008f7d       0xa4 app/libapp.a(loader.c.obj)
 .rodata.swap_read_status_bytes.str1.1
                0x0000000000009021       0x23 app/libapp.a(swap_move.c.obj)
 .rodata.boot_slots_compatible.str1.1
                0x0000000000009044       0x93 app/libapp.a(swap_move.c.obj)
 .rodata.swap_status_source.str1.1
                0x00000000000090d7       0xa4 app/libapp.a(swap_move.c.obj)
 .rodata.swap_run.str1.1
                0x000000000000917b       0x89 app/libapp.a(swap_move.c.obj)
 .rodata.rsa_pub_key
                0x0000000000009204      0x10e app/libapp.a(autogen-pubkey.c.obj)
                0x0000000000009204                rsa_pub_key
 .rodata.base64_dec_map