Archive member included to satisfy reference by file (symbol)

platform/libplatform_s.a(hw_init.o)
                              secure_fw/CMakeFiles/tfm_s.dir/__/platform/ext/target/nordic_nrf/common/nrf9160/gcc/startup_nrf9160_s.o (hw_init_reset_on_boot)
platform/libplatform_s.a(system_nrf9160.o)
                              secure_fw/CMakeFiles/tfm_s.dir/__/platform/ext/target/nordic_nrf/common/nrf9160/gcc/startup_nrf9160_s.o (SystemInit)
secure_fw/partitions/lib/sprt/libtfm_sprt.a(crt_memset.o)
                              c:/users/elija/ncs/toolchains/v2.3.0/opt/zephyr-sdk/arm-zephyr-eabi/bin/../lib/gcc/arm-zephyr-eabi/12.1.0/../../../../arm-zephyr-eabi/lib/thumb/v8-m.main/nofp/crt0.o (memset)
secure_fw/spm/libtfm_spm.a(main.o)
                              c:/users/elija/ncs/toolchains/v2.3.0/opt/zephyr-sdk/arm-zephyr-eabi/bin/../lib/gcc/arm-zephyr-eabi/12.1.0/../../../../arm-zephyr-eabi/lib/thumb/v8-m.main/nofp/crt0.o (main)
secure_fw/spm/libtfm_spm.a(spm_cross_call.o)
                              secure_fw/CMakeFiles/tfm_s.dir/partitions/ns_agent_tz/tfm_psa_api_veneers.o (spm_interface_cross_dispatcher)
secure_fw/spm/libtfm_spm.a(psa_api.o)
                              secure_fw/spm/libtfm_spm.a(spm_cross_call.o) (spm_handle_programmer_errors)
secure_fw/spm/libtfm_spm.a(backend_ipc.o)
                              secure_fw/spm/libtfm_spm.a(spm_cross_call.o) (p_spm_thread_context)
secure_fw/spm/libtfm_spm.a(tfm_core_svcalls_ipc.o)
                              secure_fw/spm/libtfm_spm.a(main.o) (tfm_core_handler_mode)
secure_fw/spm/libtfm_spm.a(thread.o)
                              secure_fw/spm/libtfm_spm.a(spm_cross_call.o) (thrd_next)
secure_fw/spm/libtfm_spm.a(tfm_arch_v8m_main.o)
                              secure_fw/spm/libtfm_spm.a(spm_cross_call.o) (arch_non_preempt_call)
secure_fw/spm/libtfm_spm.a(ns_agent_tz.o)
                              secure_fw/CMakeFiles/tfm_s.dir/partitions/ns_agent_tz/load_info_ns_agent_tz.o (ns_agent_tz_main)
secure_fw/spm/libtfm_spm.a(idle_partition.o)
                              secure_fw/CMakeFiles/tfm_s.dir/partitions/idle_partition/load_info_idle_sp.o (tfm_idle_thread)
secure_fw/spm/libtfm_spm.a(tfm_boot_data.o)
                              secure_fw/spm/libtfm_spm.a(main.o) (tfm_core_validate_boot_data)
secure_fw/spm/libtfm_spm.a(tfm_core_utils.o)
                              secure_fw/spm/libtfm_spm.a(psa_api.o) (spm_memcpy)
secure_fw/spm/libtfm_spm.a(utilities.o)
                              secure_fw/spm/libtfm_spm.a(main.o) (tfm_core_panic)
secure_fw/spm/libtfm_spm.a(tfm_arch.o)
                              secure_fw/spm/libtfm_spm.a(tfm_core_svcalls_ipc.o) (tfm_arch_free_msp_and_exc_ret)
secure_fw/spm/libtfm_spm.a(spm_ipc.o)
                              secure_fw/spm/libtfm_spm.a(psa_api.o) (tfm_spm_to_user_handle)
secure_fw/spm/libtfm_spm.a(static_load.o)
                              secure_fw/spm/libtfm_spm.a(spm_ipc.o) (load_a_partition_assuredly)
secure_fw/spm/libtfm_spm.a(tfm_pools.o)
                              secure_fw/spm/libtfm_spm.a(spm_ipc.o) (tfm_pool_init)
secure_fw/spm/libtfm_spm.a(tfm_spm_ns_ctx.o)
                              secure_fw/spm/libtfm_spm.a(spm_ipc.o) (tfm_nspm_get_current_client_id)
secure_fw/partitions/crypto/libtfm_psa_rot_partition_crypto.a(crypto_init.o)
                              secure_fw/CMakeFiles/tfm_s.dir/__/generated/secure_fw/partitions/crypto/auto_generated/load_info_tfm_crypto.o (tfm_crypto_init)
secure_fw/partitions/crypto/libtfm_psa_rot_partition_crypto.a(crypto_alloc.o)
                              secure_fw/partitions/crypto/libtfm_psa_rot_partition_crypto.a(crypto_init.o) (tfm_crypto_init_alloc)
secure_fw/partitions/crypto/libtfm_psa_rot_partition_crypto.a(crypto_cipher.o)
                              secure_fw/partitions/crypto/libtfm_psa_rot_partition_crypto.a(crypto_init.o) (tfm_crypto_cipher_generate_iv)
secure_fw/partitions/crypto/libtfm_psa_rot_partition_crypto.a(crypto_hash.o)
                              secure_fw/partitions/crypto/libtfm_psa_rot_partition_crypto.a(crypto_init.o) (tfm_crypto_hash_setup)
secure_fw/partitions/crypto/libtfm_psa_rot_partition_crypto.a(crypto_mac.o)
                              secure_fw/partitions/crypto/libtfm_psa_rot_partition_crypto.a(crypto_init.o) (tfm_crypto_mac_sign_setup)
secure_fw/partitions/crypto/libtfm_psa_rot_partition_crypto.a(crypto_aead.o)
                              secure_fw/partitions/crypto/libtfm_psa_rot_partition_crypto.a(crypto_init.o) (tfm_crypto_aead_encrypt)
secure_fw/partitions/crypto/libtfm_psa_rot_partition_crypto.a(crypto_asymmetric.o)
                              secure_fw/partitions/crypto/libtfm_psa_rot_partition_crypto.a(crypto_init.o) (tfm_crypto_sign_message)
secure_fw/partitions/crypto/libtfm_psa_rot_partition_crypto.a(crypto_key_derivation.o)
                              secure_fw/partitions/crypto/libtfm_psa_rot_partition_crypto.a(crypto_init.o) (tfm_crypto_key_derivation_setup)
[...]
Memory Configuration

Name             Origin             Length             Attributes
FLASH            0x000000000000c200 0x000000000000be00 xr
RAM              0x0000000020000000 0x0000000000008000 xrw
*default*        0x0000000000000000 0xffffffffffffffff

Linker script and memory map

LOAD c:/users/elija/ncs/toolchains/v2.3.0/opt/zephyr-sdk/arm-zephyr-eabi/bin/../lib/gcc/arm-zephyr-eabi/12.1.0/thumb/v8-m.main/nofp/crti.o
LOAD c:/users/elija/ncs/toolchains/v2.3.0/opt/zephyr-sdk/arm-zephyr-eabi/bin/../lib/gcc/arm-zephyr-eabi/12.1.0/thumb/v8-m.main/nofp/crtbegin.o
LOAD c:/users/elija/ncs/toolchains/v2.3.0/opt/zephyr-sdk/arm-zephyr-eabi/bin/../lib/gcc/arm-zephyr-eabi/12.1.0/../../../../arm-zephyr-eabi/lib/thumb/v8-m.main/nofp/crt0.o
LOAD secure_fw/CMakeFiles/tfm_s.dir/partitions/ns_agent_tz/tfm_psa_api_veneers.o
LOAD secure_fw/CMakeFiles/tfm_s.dir/__/platform/ext/target/nordic_nrf/common/nrf9160/gcc/startup_nrf9160_s.o
LOAD secure_fw/CMakeFiles/tfm_s.dir/__/platform/ext/common/faults.o
LOAD secure_fw/CMakeFiles/tfm_s.dir/__/generated/secure_fw/partitions/crypto/auto_generated/load_info_tfm_crypto.o
LOAD secure_fw/CMakeFiles/tfm_s.dir/__/generated/secure_fw/partitions/platform/auto_generated/load_info_tfm_platform.o
LOAD secure_fw/CMakeFiles/tfm_s.dir/partitions/ns_agent_tz/load_info_ns_agent_tz.o
LOAD secure_fw/CMakeFiles/tfm_s.dir/partitions/idle_partition/load_info_idle_sp.o
LOAD secure_fw/CMakeFiles/tfm_s.dir/__/platform/ext/target/nordic_nrf/common/core/plat_test.o
LOAD secure_fw/CMakeFiles/tfm_s.dir/spm/cmsis_psa/psa_interface_cross.o
LOAD secure_fw/CMakeFiles/tfm_s.dir/__/interface/src/tfm_psa_call_pack.o
LOAD platform/libplatform_s.a
LOAD secure_fw/partitions/lib/sprt/libtfm_sprt.a
LOAD secure_fw/spm/libtfm_spm.a
LOAD secure_fw/partitions/crypto/libtfm_psa_rot_partition_crypto.a
LOAD secure_fw/partitions/crypto/mbedcrypto/nrf_security_src/libcrypto_service_mbedcrypto.a
LOAD secure_fw/partitions/platform/libtfm_psa_rot_partition_platform.a
LOAD platform/libplatform_s.a
LOAD secure_fw/partitions/lib/sprt/libtfm_sprt.a
LOAD secure_fw/spm/libtfm_spm.a
LOAD secure_fw/partitions/crypto/libtfm_psa_rot_partition_crypto.a
LOAD secure_fw/partitions/crypto/mbedcrypto/nrf_security_src/libcrypto_service_mbedcrypto.a
LOAD secure_fw/partitions/platform/libtfm_psa_rot_partition_platform.a
LOAD platform/libplatform_s.a
LOAD secure_fw/partitions/lib/sprt/libtfm_sprt.a
LOAD secure_fw/spm/libtfm_spm.a
LOAD secure_fw/partitions/crypto/libtfm_psa_rot_partition_crypto.a
LOAD secure_fw/partitions/crypto/mbedcrypto/nrf_security_src/libcrypto_service_mbedcrypto.a
LOAD secure_fw/partitions/platform/libtfm_psa_rot_partition_platform.a
LOAD C:/Users/elija/ncs/v2.3.0/nrfxlib/crypto/nrf_cc310_platform/lib/cortex-m33/soft-float/no-interrupts/libnrf_cc310_platform_0.9.16.a
LOAD secure_fw/partitions/crypto/mbedcrypto/nrf_security_crypto/liboberon_mbedcrypto__psa_3.0.12.a
LOAD C:/Users/elija/ncs/v2.3.0/nrfxlib/crypto/nrf_oberon/lib/cortex-m33/soft-float/liboberon_mbedtls_3.0.12.a
LOAD secure_fw/partitions/crypto/mbedcrypto/nrf_security_src/libmbedcrypto_base.a
LOAD C:/Users/elija/ncs/v2.3.0/nrfxlib/crypto/nrf_oberon/lib/cortex-m33/soft-float/liboberon_3.0.12.a
LOAD c:/users/elija/ncs/toolchains/v2.3.0/opt/zephyr-sdk/arm-zephyr-eabi/bin/../lib/gcc/arm-zephyr-eabi/12.1.0/../../../../arm-zephyr-eabi/lib/thumb/v8-m.main/nofp\libc_nano.a
START GROUP
LOAD c:/users/elija/ncs/toolchains/v2.3.0/opt/zephyr-sdk/arm-zephyr-eabi/bin/../lib/gcc/arm-zephyr-eabi/12.1.0/thumb/v8-m.main/nofp\libgcc.a
LOAD c:/users/elija/ncs/toolchains/v2.3.0/opt/zephyr-sdk/arm-zephyr-eabi/bin/../lib/gcc/arm-zephyr-eabi/12.1.0/../../../../arm-zephyr-eabi/lib/thumb/v8-m.main/nofp\libc_nano.a
END GROUP
START GROUP
LOAD c:/users/elija/ncs/toolchains/v2.3.0/opt/zephyr-sdk/arm-zephyr-eabi/bin/../lib/gcc/arm-zephyr-eabi/12.1.0/thumb/v8-m.main/nofp\libgcc.a
LOAD c:/users/elija/ncs/toolchains/v2.3.0/opt/zephyr-sdk/arm-zephyr-eabi/bin/../lib/gcc/arm-zephyr-eabi/12.1.0/../../../../arm-zephyr-eabi/lib/thumb/v8-m.main/nofp\libc_nano.a
END GROUP
LOAD c:/users/elija/ncs/toolchains/v2.3.0/opt/zephyr-sdk/arm-zephyr-eabi/bin/../lib/gcc/arm-zephyr-eabi/12.1.0/thumb/v8-m.main/nofp/crtend.o
LOAD c:/users/elija/ncs/toolchains/v2.3.0/opt/zephyr-sdk/arm-zephyr-eabi/bin/../lib/gcc/arm-zephyr-eabi/12.1.0/thumb/v8-m.main/nofp/crtn.o
                0x0000000000001000                __heap_size__ = 0x1000
                0x0000000000000800                __msp_init_stack_size__ = 0x800
START GROUP
LOAD c:/users/elija/ncs/toolchains/v2.3.0/opt/zephyr-sdk/arm-zephyr-eabi/bin/../lib/gcc/arm-zephyr-eabi/12.1.0/thumb/v8-m.main/nofp\libgcc.a
LOAD c:/users/elija/ncs/toolchains/v2.3.0/opt/zephyr-sdk/arm-zephyr-eabi/bin/../lib/gcc/arm-zephyr-eabi/12.1.0/../../../../arm-zephyr-eabi/lib/thumb/v8-m.main/nofp\libc.a
LOAD c:/users/elija/ncs/toolchains/v2.3.0/opt/zephyr-sdk/arm-zephyr-eabi/bin/../lib/gcc/arm-zephyr-eabi/12.1.0/../../../../arm-zephyr-eabi/lib/thumb/v8-m.main/nofp\libm.a
LOAD c:/users/elija/ncs/toolchains/v2.3.0/opt/zephyr-sdk/arm-zephyr-eabi/bin/../lib/gcc/arm-zephyr-eabi/12.1.0/../../../../arm-zephyr-eabi/lib/thumb/v8-m.main/nofp\libnosys.a
LOAD c:/users/elija/ncs/toolchains/v2.3.0/opt/zephyr-sdk/arm-zephyr-eabi/bin/../lib/gcc/arm-zephyr-eabi/12.1.0/../../../../arm-zephyr-eabi/lib/thumb/v8-m.main/nofp\libc_nano.a
END GROUP

.TFM_VECTORS    0x000000000000c200      0x26c
                0x000000000000c200                __vectors_start__ = .
 *(.vectors)
 .vectors       0x000000000000c200      0x144 secure_fw/CMakeFiles/tfm_s.dir/__/platform/ext/target/nordic_nrf/common/nrf9160/gcc/startup_nrf9160_s.o
                0x000000000000c200                __Vectors
                0x000000000000c344                __vectors_end__ = .
 *startup*(.text*)
 .text          0x000000000000c344      0x128 secure_fw/CMakeFiles/tfm_s.dir/__/platform/ext/target/nordic_nrf/common/nrf9160/gcc/startup_nrf9160_s.o
                0x000000000000c344                Reset_Handler
                0x000000000000c3c4                Default_Handler
                0x000000000000c3c6                NMI_Handler
                0x000000000000c3e2                DebugMon_Handler
                0x000000000000c3ea                SysTick_Handler
                0x000000000000c3ee                SPU_IRQHandler
                0x000000000000c3f2                CLOCK_POWER_IRQHandler
                0x000000000000c3f6                UARTE0_SPIM0_SPIS0_TWIM0_TWIS0_IRQHandler
                0x000000000000c3fa                UARTE1_SPIM1_SPIS1_TWIM1_TWIS1_IRQHandler
                0x000000000000c3fe                UARTE2_SPIM2_SPIS2_TWIM2_TWIS2_IRQHandler
                0x000000000000c402                UARTE3_SPIM3_SPIS3_TWIM3_TWIS3_IRQHandler
                0x000000000000c406                GPIOTE0_IRQHandler
                0x000000000000c40a                SAADC_IRQHandler
                0x000000000000c40e                TIMER0_IRQHandler
                0x000000000000c412                TIMER1_IRQHandler
                0x000000000000c416                TIMER2_IRQHandler
                0x000000000000c41a                RTC0_IRQHandler
                0x000000000000c41e                RTC1_IRQHandler
                0x000000000000c422                WDT_IRQHandler
                0x000000000000c426                EGU0_IRQHandler
                0x000000000000c42a                EGU1_IRQHandler
                0x000000000000c42e                EGU2_IRQHandler
                0x000000000000c432                EGU3_IRQHandler
                0x000000000000c436                EGU4_IRQHandler
                0x000000000000c43a                EGU5_IRQHandler
                0x000000000000c43e                PWM0_IRQHandler
                0x000000000000c442                PWM1_IRQHandler
                0x000000000000c446                PWM2_IRQHandler
                0x000000000000c44a                PWM3_IRQHandler
                0x000000000000c44e                PDM_IRQHandler
                0x000000000000c452                I2S_IRQHandler
                0x000000000000c456                IPC_IRQHandler
                0x000000000000c45a                FPU_IRQHandler
                0x000000000000c45e                GPIOTE1_IRQHandler
                0x000000000000c462                KMU_IRQHandler
                0x000000000000c466                CRYPTOCELL_IRQHandler
                0x000000000000c46c                . = ALIGN (0x4)

.copy.table     0x000000000000c46c       0x24
                0x000000000000c46c                __copy_table_start__ = .
                0x000000000000c46c        0x4 LONG 0x117b8 LOADADDR (.TFM_DATA)
                0x000000000000c470        0x4 LONG 0x20002f20 ADDR (.TFM_DATA)
                0x000000000000c474        0x4 LONG 0xf8 SIZEOF (.TFM_DATA)
                0x000000000000c478        0x4 LONG 0x117c0 LOADADDR (.TFM_PSA_ROT_LINKER_DATA)
                0x000000000000c47c        0x4 LONG 0x20001c40 ADDR (.TFM_PSA_ROT_LINKER_DATA)
                0x000000000000c480        0x4 LONG 0x0 SIZEOF (.TFM_PSA_ROT_LINKER_DATA)
                0x000000000000c484        0x4 LONG 0x117c0 LOADADDR (.TFM_APP_ROT_LINKER_DATA)
                0x000000000000c488        0x4 LONG 0x20001c20 ADDR (.TFM_APP_ROT_LINKER_DATA)
                0x000000000000c48c        0x4 LONG 0x0 SIZEOF (.TFM_APP_ROT_LINKER_DATA)
                0x000000000000c490                __copy_table_end__ = .

.zero.table     0x000000000000c490       0x20
                0x000000000000c490                __zero_table_start__ = .
                0x000000000000c490        0x4 LONG 0x20003020 ADDR (.TFM_BSS)
                0x000000000000c494        0x4 LONG 0x1a30 SIZEOF (.TFM_BSS)
                0x000000000000c498        0x4 LONG 0x20001c40 ADDR (.TFM_PSA_ROT_LINKER_BSS)
                0x000000000000c49c        0x4 LONG 0x12e0 SIZEOF (.TFM_PSA_ROT_LINKER_BSS)
                0x000000000000c4a0        0x4 LONG 0x20001c20 ADDR (.TFM_APP_ROT_LINKER_BSS)
                0x000000000000c4a4        0x4 LONG 0x20 SIZEOF (.TFM_APP_ROT_LINKER_BSS)
                0x000000000000c4a8        0x4 LONG 0x20001c00 ADDR (.TFM_SP_META_PTR)
                0x000000000000c4ac        0x4 LONG 0x4 SIZEOF (.TFM_SP_META_PTR)
                0x000000000000c4b0                __zero_table_end__ = .

.TFM_UNPRIV_CODE
                0x000000000000c4c0      0x580
 *libc_nano*:*(.text*)
 .text.calloc   0x000000000000c4c0       0x10 c:/users/elija/ncs/toolchains/v2.3.0/opt/zephyr-sdk/arm-zephyr-eabi/bin/../lib/gcc/arm-zephyr-eabi/12.1.0/../../../../arm-zephyr-eabi/lib/thumb/v8-m.main/nofp\libc_nano.a(lib_a-calloc.o)
                0x000000000000c4c0                calloc
 .text.exit     0x000000000000c4d0       0x28 c:/users/elija/ncs/toolchains/v2.3.0/opt/zephyr-sdk/arm-zephyr-eabi/bin/../lib/gcc/arm-zephyr-eabi/12.1.0/../../../../arm-zephyr-eabi/lib/thumb/v8-m.main/nofp\libc_nano.a(lib_a-exit.o)
                0x000000000000c4d0                exit
 .text.__libc_init_array
                0x000000000000c4f8       0x48 c:/users/elija/ncs/toolchains/v2.3.0/opt/zephyr-sdk/arm-zephyr-eabi/bin/../lib/gcc/arm-zephyr-eabi/12.1.0/../../../../arm-zephyr-eabi/lib/thumb/v8-m.main/nofp\libc_nano.a(lib_a-init.o)
                0x000000000000c4f8                __libc_init_array
 .text.free     0x000000000000c540       0x10 c:/users/elija/ncs/toolchains/v2.3.0/opt/zephyr-sdk/arm-zephyr-eabi/bin/../lib/gcc/arm-zephyr-eabi/12.1.0/../../../../arm-zephyr-eabi/lib/thumb/v8-m.main/nofp\libc_nano.a(lib_a-malloc.o)
                0x000000000000c540                free
 .text.memmove  0x000000000000c550       0x34 c:/users/elija/ncs/toolchains/v2.3.0/opt/zephyr-sdk/arm-zephyr-eabi/bin/../lib/gcc/arm-zephyr-eabi/12.1.0/../../../../arm-zephyr-eabi/lib/thumb/v8-m.main/nofp\libc_nano.a(lib_a-memmove.o)
                0x000000000000c550                memmove
 .text._calloc_r
                0x000000000000c584       0x1c c:/users/elija/ncs/toolchains/v2.3.0/opt/zephyr-sdk/arm-zephyr-eabi/bin/../lib/gcc/arm-zephyr-eabi/12.1.0/../../../../arm-zephyr-eabi/lib/thumb/v8-m.main/nofp\libc_nano.a(lib_a-nano-callocr.o)
                0x000000000000c584                _calloc_r
 .text._free_r  0x000000000000c5a0       0x94 c:/users/elija/ncs/toolchains/v2.3.0/opt/zephyr-sdk/arm-zephyr-eabi/bin/../lib/gcc/arm-zephyr-eabi/12.1.0/../../../../arm-zephyr-eabi/lib/thumb/v8-m.main/nofp\libc_nano.a(lib_a-nano-freer.o)
                0x000000000000c5a0                _free_r
 .text._malloc_r
                0x000000000000c634       0xb4 c:/users/elija/ncs/toolchains/v2.3.0/opt/zephyr-sdk/arm-zephyr-eabi/bin/../lib/gcc/arm-zephyr-eabi/12.1.0/../../../../arm-zephyr-eabi/lib/thumb/v8-m.main/nofp\libc_nano.a(lib_a-nano-mallocr.o)
                0x000000000000c634                _malloc_r
 .text._sbrk_r  0x000000000000c6e8       0x20 c:/users/elija/ncs/toolchains/v2.3.0/opt/zephyr-sdk/arm-zephyr-eabi/bin/../lib/gcc/arm-zephyr-eabi/12.1.0/../../../../arm-zephyr-eabi/lib/thumb/v8-m.main/nofp\libc_nano.a(lib_a-sbrkr.o)
                0x000000000000c6e8                _sbrk_r
 .text.__malloc_lock
                0x000000000000c708        0xc c:/users/elija/ncs/toolchains/v2.3.0/opt/zephyr-sdk/arm-zephyr-eabi/bin/../lib/gcc/arm-zephyr-eabi/12.1.0/../../../../arm-zephyr-eabi/lib/thumb/v8-m.main/nofp\libc_nano.a(lib_a-mlock.o)
                0x000000000000c708                __malloc_lock
 .text.__malloc_unlock
                0x000000000000c714        0xc c:/users/elija/ncs/toolchains/v2.3.0/opt/zephyr-sdk/arm-zephyr-eabi/bin/../lib/gcc/arm-zephyr-eabi/12.1.0/../../../../arm-zephyr-eabi/lib/thumb/v8-m.main/nofp\libc_nano.a(lib_a-mlock.o)
                0x000000000000c714                __malloc_unlock
 .text.__retarget_lock_acquire_recursive
                0x000000000000c720        0x2 c:/users/elija/ncs/toolchains/v2.3.0/opt/zephyr-sdk/arm-zephyr-eabi/bin/../lib/gcc/arm-zephyr-eabi/12.1.0/../../../../arm-zephyr-eabi/lib/thumb/v8-m.main/nofp\libc_nano.a(lib_a-lock.o)
                0x000000000000c720                __retarget_lock_acquire_recursive
 .text.__retarget_lock_release_recursive
                0x000000000000c722        0x2 c:/users/elija/ncs/toolchains/v2.3.0/opt/zephyr-sdk/arm-zephyr-eabi/bin/../lib/gcc/arm-zephyr-eabi/12.1.0/../../../../arm-zephyr-eabi/lib/thumb/v8-m.main/nofp\libc_nano.a(lib_a-lock.o)
                0x000000000000c722                __retarget_lock_release_recursive
 *libc_nano*:*(.rodata*)
 .rodata._global_impure_ptr
                0x000000000000c724        0x4 c:/users/elija/ncs/toolchains/v2.3.0/opt/zephyr-sdk/arm-zephyr-eabi/bin/../lib/gcc/arm-zephyr-eabi/12.1.0/../../../../arm-zephyr-eabi/lib/thumb/v8-m.main/nofp\libc_nano.a(lib_a-impure.o)
                0x000000000000c724                _global_impure_ptr
 *(SFN)
 SFN            0x000000000000c728      0x100 secure_fw/CMakeFiles/tfm_s.dir/partitions/ns_agent_tz/tfm_psa_api_veneers.o
                0x000000000000c728                __acle_se_tfm_psa_framework_version_veneer
                0x000000000000c754                __acle_se_tfm_psa_version_veneer
                0x000000000000c780                __acle_se_tfm_psa_call_veneer
                0x000000000000c7b4                __acle_se_tfm_psa_connect_veneer
                0x000000000000c7e2                __acle_se_tfm_psa_close_veneer
 *libgcc*:*(.text*)
 .text          0x000000000000c828       0xc8 c:/users/elija/ncs/toolchains/v2.3.0/opt/zephyr-sdk/arm-zephyr-eabi/bin/../lib/gcc/arm-zephyr-eabi/12.1.0/thumb/v8-m.main/nofp\libgcc.a(cmse.o)
                0x000000000000c828                cmse_check_address_range
 *libgcc*:*(.rodata*)
 *libtfm_sprt*:*(.text*)
 .text.memset   0x000000000000c8f0       0x3e secure_fw/partitions/lib/sprt/libtfm_sprt.a(crt_memset.o)
                0x000000000000c8f0                memset
 .text.memcpy   0x000000000000c92e       0x62 secure_fw/partitions/lib/sprt/libtfm_sprt.a(crt_memcpy.o)
                0x000000000000c92e                memcpy
 .text.runtime_init_c
                0x000000000000c990       0x18 secure_fw/partitions/lib/sprt/libtfm_sprt.a(sprt_main.o)
 .text.sprt_main
                0x000000000000c9a8        0x6 secure_fw/partitions/lib/sprt/libtfm_sprt.a(sprt_main.o)
                0x000000000000c9a8                sprt_main
 *fill*         0x000000000000c9ae        0x2 
 .text.common_sfn_thread
                0x000000000000c9b0       0x84 secure_fw/partitions/lib/sprt/libtfm_sprt.a(sfn_common_thread.o)
                0x000000000000c9b0                common_sfn_thread
 *libtfm_sprt*:*(.rodata*)
 *psa_client.*(.text*)
 *psa_client.*(.rodata*)
 *psa_service.*(.text*)
 *psa_service.*(.rodata*)
 *psa_lifecycle.*(.text*)
 *psa_lifecycle.*(.rodata*)
 *tfm_log_raw.*(.text*)
 *tfm_log_raw.*(.rodata*)
 *tfm_psa_call_pack.*(.text*)
 *tfm_psa_call_pack.*(.rodata*)
 *psa_interface_svc.*(.text*)
 *psa_interface_svc.*(.rodata*)
                0x000000000000ca40                . = ALIGN (0x20)
 *fill*         0x000000000000ca34        0xc 
                0x000000000000c4c0                Image$$TFM_UNPRIV_CODE$$RO$$Base = ADDR (.TFM_UNPRIV_CODE)
                0x000000000000ca40                Image$$TFM_UNPRIV_CODE$$RO$$Limit = (ADDR (.TFM_UNPRIV_CODE) + SIZEOF (.TFM_UNPRIV_CODE))

.TFM_SP_LOAD_LIST
                0x000000000000ca40      0x124
 *(.part_load)
 .part_load     0x000000000000ca40       0x4c secure_fw/CMakeFiles/tfm_s.dir/__/generated/secure_fw/partitions/crypto/auto_generated/load_info_tfm_crypto.o
                0x000000000000ca40                tfm_sp_crypto_load
 .part_load     0x000000000000ca8c       0x78 secure_fw/CMakeFiles/tfm_s.dir/__/generated/secure_fw/partitions/platform/auto_generated/load_info_tfm_platform.o
                0x000000000000ca8c                tfm_sp_platform_load
 .part_load     0x000000000000cb04       0x30 secure_fw/CMakeFiles/tfm_s.dir/partitions/ns_agent_tz/load_info_ns_agent_tz.o
                0x000000000000cb04                tfm_sp_ns_agent_tz_load
 .part_load     0x000000000000cb34       0x30 secure_fw/CMakeFiles/tfm_s.dir/partitions/idle_partition/load_info_idle_sp.o
                0x000000000000cb34                tfm_sp_idle_load
                0x000000000000ca40                Image$$TFM_SP_LOAD_LIST$$RO$$Base = ADDR (.TFM_SP_LOAD_LIST)
                0x000000000000cb64                Image$$TFM_SP_LOAD_LIST$$RO$$Limit = (ADDR (.TFM_SP_LOAD_LIST) + SIZEOF (.TFM_SP_LOAD_LIST))
                0x000000000000cb80                . = ALIGN (0x20)
                0x000000000000cb80                Image$$TFM_PSA_CODE_START$$Base = .

.TFM_PSA_ROT_LINKER
                0x000000000000cb80      0x600
 *tfm_psa_rot_partition*:*(.text*)
 .text.tfm_crypto_clear_scratch
                0x000000000000cb80       0x20 secure_fw/partitions/crypto/libtfm_psa_rot_partition_crypto.a(crypto_init.o)
                0x000000000000cb80                tfm_crypto_clear_scratch
 .text.tfm_crypto_init
                0x000000000000cba0       0x20 secure_fw/partitions/crypto/libtfm_psa_rot_partition_crypto.a(crypto_init.o)
                0x000000000000cba0                tfm_crypto_init
 .text.tfm_crypto_sfn
                0x000000000000cbc0      0x178 secure_fw/partitions/crypto/libtfm_psa_rot_partition_crypto.a(crypto_init.o)
                0x000000000000cbc0                tfm_crypto_sfn
 .text.tfm_crypto_init_alloc
                0x000000000000cd38       0x18 secure_fw/partitions/crypto/libtfm_psa_rot_partition_crypto.a(crypto_alloc.o)
                0x000000000000cd38                tfm_crypto_init_alloc
 .text.tfm_crypto_cipher_generate_iv
                0x000000000000cd50        0x6 secure_fw/partitions/crypto/libtfm_psa_rot_partition_crypto.a(crypto_cipher.o)
                0x000000000000cd50                tfm_crypto_cipher_generate_iv
 .text.tfm_crypto_cipher_set_iv
                0x000000000000cd56        0x6 secure_fw/partitions/crypto/libtfm_psa_rot_partition_crypto.a(crypto_cipher.o)
                0x000000000000cd56                tfm_crypto_cipher_set_iv
 .text.tfm_crypto_cipher_encrypt_setup
                0x000000000000cd5c        0x6 secure_fw/partitions/crypto/libtfm_psa_rot_partition_crypto.a(crypto_cipher.o)
                0x000000000000cd5c                tfm_crypto_cipher_encrypt_setup
 .text.tfm_crypto_cipher_decrypt_setup
                0x000000000000cd62        0x6 secure_fw/partitions/crypto/libtfm_psa_rot_partition_crypto.a(crypto_cipher.o)
                0x000000000000cd62                tfm_crypto_cipher_decrypt_setup
 .text.tfm_crypto_cipher_update
                0x000000000000cd68        0x6 secure_fw/partitions/crypto/libtfm_psa_rot_partition_crypto.a(crypto_cipher.o)
                0x000000000000cd68                tfm_crypto_cipher_update
 .text.tfm_crypto_cipher_finish
                0x000000000000cd6e        0x6 secure_fw/partitions/crypto/libtfm_psa_rot_partition_crypto.a(crypto_cipher.o)
                0x000000000000cd6e                tfm_crypto_cipher_finish
 .text.tfm_crypto_cipher_abort
                0x000000000000cd74        0x6 secure_fw/partitions/crypto/libtfm_psa_rot_partition_crypto.a(crypto_cipher.o)
                0x000000000000cd74                tfm_crypto_cipher_abort
 .text.tfm_crypto_cipher_encrypt
                0x000000000000cd7a        0x6 secure_fw/partitions/crypto/libtfm_psa_rot_partition_crypto.a(crypto_cipher.o)
                0x000000000000cd7a                tfm_crypto_cipher_encrypt
 .text.tfm_crypto_cipher_decrypt
                0x000000000000cd80        0x6 secure_fw/partitions/crypto/libtfm_psa_rot_partition_crypto.a(crypto_cipher.o)
                0x000000000000cd80                tfm_crypto_cipher_decrypt
 .text.tfm_crypto_hash_setup
                0x000000000000cd86        0x6 secure_fw/partitions/crypto/libtfm_psa_rot_partition_crypto.a(crypto_hash.o)
                0x000000000000cd86                tfm_crypto_hash_setup
 .text.tfm_crypto_hash_update
                0x000000000000cd8c        0x6 secure_fw/partitions/crypto/libtfm_psa_rot_partition_crypto.a(crypto_hash.o)
                0x000000000000cd8c                tfm_crypto_hash_update
 .text.tfm_crypto_hash_finish
                0x000000000000cd92        0x6 secure_fw/partitions/crypto/libtfm_psa_rot_partition_crypto.a(crypto_hash.o)
                0x000000000000cd92                tfm_crypto_hash_finish
 .text.tfm_crypto_hash_verify
                0x000000000000cd98        0x6 secure_fw/partitions/crypto/libtfm_psa_rot_partition_crypto.a(crypto_hash.o)
                0x000000000000cd98                tfm_crypto_hash_verify
 .text.tfm_crypto_hash_abort
                0x000000000000cd9e        0x6 secure_fw/partitions/crypto/libtfm_psa_rot_partition_crypto.a(crypto_hash.o)
                0x000000000000cd9e                tfm_crypto_hash_abort
 .text.tfm_crypto_hash_clone
                0x000000000000cda4        0x6 secure_fw/partitions/crypto/libtfm_psa_rot_partition_crypto.a(crypto_hash.o)
                0x000000000000cda4                tfm_crypto_hash_clone
 .text.tfm_crypto_hash_compute
                0x000000000000cdaa        0x6 secure_fw/partitions/crypto/libtfm_psa_rot_partition_crypto.a(crypto_hash.o)
                0x000000000000cdaa                tfm_crypto_hash_compute
 .text.tfm_crypto_hash_compare
                0x000000000000cdb0        0x6 secure_fw/partitions/crypto/libtfm_psa_rot_partition_crypto.a(crypto_hash.o)
                0x000000000000cdb0                tfm_crypto_hash_compare
 .text.tfm_crypto_mac_sign_setup
                0x000000000000cdb6        0x6 secure_fw/partitions/crypto/libtfm_psa_rot_partition_crypto.a(crypto_mac.o)
                0x000000000000cdb6                tfm_crypto_mac_sign_setup
 .text.tfm_crypto_mac_verify_setup
                0x000000000000cdbc        0x6 secure_fw/partitions/crypto/libtfm_psa_rot_partition_crypto.a(crypto_mac.o)
                0x000000000000cdbc                tfm_crypto_mac_verify_setup
 .text.tfm_crypto_mac_update
                0x000000000000cdc2        0x6 secure_fw/partitions/crypto/libtfm_psa_rot_partition_crypto.a(crypto_mac.o)
                0x000000000000cdc2                tfm_crypto_mac_update
 .text.tfm_crypto_mac_sign_finish
                0x000000000000cdc8        0x6 secure_fw/partitions/crypto/libtfm_psa_rot_partition_crypto.a(crypto_mac.o)
                0x000000000000cdc8                tfm_crypto_mac_sign_finish
 .text.tfm_crypto_mac_verify_finish
                0x000000000000cdce        0x6 secure_fw/partitions/crypto/libtfm_psa_rot_partition_crypto.a(crypto_mac.o)
                0x000000000000cdce                tfm_crypto_mac_verify_finish
 .text.tfm_crypto_mac_abort
                0x000000000000cdd4        0x6 secure_fw/partitions/crypto/libtfm_psa_rot_partition_crypto.a(crypto_mac.o)
                0x000000000000cdd4                tfm_crypto_mac_abort
 .text.tfm_crypto_mac_compute
                0x000000000000cdda        0x6 secure_fw/partitions/crypto/libtfm_psa_rot_partition_crypto.a(crypto_mac.o)
                0x000000000000cdda                tfm_crypto_mac_compute
 .text.tfm_crypto_mac_verify
                0x000000000000cde0        0x6 secure_fw/partitions/crypto/libtfm_psa_rot_partition_crypto.a(crypto_mac.o)
                0x000000000000cde0                tfm_crypto_mac_verify
 .text.tfm_crypto_aead_encrypt
                0x000000000000cde6        0x6 secure_fw/partitions/crypto/libtfm_psa_rot_partition_crypto.a(crypto_aead.o)
                0x000000000000cde6                tfm_crypto_aead_encrypt
 .text.tfm_crypto_aead_decrypt
                0x000000000000cdec        0x6 secure_fw/partitions/crypto/libtfm_psa_rot_partition_crypto.a(crypto_aead.o)
                0x000000000000cdec                tfm_crypto_aead_decrypt
 .text.tfm_crypto_aead_encrypt_setup
                0x000000000000cdf2        0x6 secure_fw/partitions/crypto/libtfm_psa_rot_partition_crypto.a(crypto_aead.o)
                0x000000000000cdf2                tfm_crypto_aead_encrypt_setup
 .text.tfm_crypto_aead_decrypt_setup
                0x000000000000cdf8        0x6 secure_fw/partitions/crypto/libtfm_psa_rot_partition_crypto.a(crypto_aead.o)
                0x000000000000cdf8                tfm_crypto_aead_decrypt_setup
 .text.tfm_crypto_aead_abort
                0x000000000000cdfe        0x6 secure_fw/partitions/crypto/libtfm_psa_rot_partition_crypto.a(crypto_aead.o)
                0x000000000000cdfe                tfm_crypto_aead_abort
 .text.tfm_crypto_aead_finish
                0x000000000000ce04        0x6 secure_fw/partitions/crypto/libtfm_psa_rot_partition_crypto.a(crypto_aead.o)
                0x000000000000ce04                tfm_crypto_aead_finish
 .text.tfm_crypto_aead_generate_nonce
                0x000000000000ce0a        0x6 secure_fw/partitions/crypto/libtfm_psa_rot_partition_crypto.a(crypto_aead.o)
                0x000000000000ce0a                tfm_crypto_aead_generate_nonce
 .text.tfm_crypto_aead_set_nonce
                0x000000000000ce10        0x6 secure_fw/partitions/crypto/libtfm_psa_rot_partition_crypto.a(crypto_aead.o)
                0x000000000000ce10                tfm_crypto_aead_set_nonce
 .text.tfm_crypto_aead_set_lengths
                0x000000000000ce16        0x6 secure_fw/partitions/crypto/libtfm_psa_rot_partition_crypto.a(crypto_aead.o)
                0x000000000000ce16                tfm_crypto_aead_set_lengths
 .text.tfm_crypto_aead_update
                0x000000000000ce1c        0x6 secure_fw/partitions/crypto/libtfm_psa_rot_partition_crypto.a(crypto_aead.o)
                0x000000000000ce1c                tfm_crypto_aead_update
 .text.tfm_crypto_aead_update_ad
                0x000000000000ce22        0x6 secure_fw/partitions/crypto/libtfm_psa_rot_partition_crypto.a(crypto_aead.o)
                0x000000000000ce22                tfm_crypto_aead_update_ad
 .text.tfm_crypto_aead_verify
                0x000000000000ce28        0x6 secure_fw/partitions/crypto/libtfm_psa_rot_partition_crypto.a(crypto_aead.o)
                0x000000000000ce28                tfm_crypto_aead_verify
 .text.tfm_crypto_sign_message
                0x000000000000ce2e        0x6 secure_fw/partitions/crypto/libtfm_psa_rot_partition_crypto.a(crypto_asymmetric.o)
                0x000000000000ce2e                tfm_crypto_sign_message
 .text.tfm_crypto_verify_message
                0x000000000000ce34        0x6 secure_fw/partitions/crypto/libtfm_psa_rot_partition_crypto.a(crypto_asymmetric.o)
                0x000000000000ce34                tfm_crypto_verify_message
 .text.tfm_crypto_sign_hash
                0x000000000000ce3a        0x6 secure_fw/partitions/crypto/libtfm_psa_rot_partition_crypto.a(crypto_asymmetric.o)
                0x000000000000ce3a                tfm_crypto_sign_hash
 .text.tfm_crypto_verify_hash
                0x000000000000ce40        0x6 secure_fw/partitions/crypto/libtfm_psa_rot_partition_crypto.a(crypto_asymmetric.o)
                0x000000000000ce40                tfm_crypto_verify_hash
 .text.tfm_crypto_asymmetric_encrypt
                0x000000000000ce46        0x6 secure_fw/partitions/crypto/libtfm_psa_rot_partition_crypto.a(crypto_asymmetric.o)
                0x000000000000ce46                tfm_crypto_asymmetric_encrypt
 .text.tfm_crypto_asymmetric_decrypt
                0x000000000000ce4c        0x6 secure_fw/partitions/crypto/libtfm_psa_rot_partition_crypto.a(crypto_asymmetric.o)
                0x000000000000ce4c                tfm_crypto_asymmetric_decrypt
 .text.tfm_crypto_key_derivation_setup
                0x000000000000ce52        0x6 secure_fw/partitions/crypto/libtfm_psa_rot_partition_crypto.a(crypto_key_derivation.o)
                0x000000000000ce52                tfm_crypto_key_derivation_setup
 .text.tfm_crypto_key_derivation_get_capacity
                0x000000000000ce58        0x6 secure_fw/partitions/crypto/libtfm_psa_rot_partition_crypto.a(crypto_key_derivation.o)
                0x000000000000ce58                tfm_crypto_key_derivation_get_capacity
 .text.tfm_crypto_key_derivation_set_capacity
                0x000000000000ce5e        0x6 secure_fw/partitions/crypto/libtfm_psa_rot_partition_crypto.a(crypto_key_derivation.o)
                0x000000000000ce5e                tfm_crypto_key_derivation_set_capacity
 .text.tfm_crypto_key_derivation_input_bytes
                0x000000000000ce64        0x6 secure_fw/partitions/crypto/libtfm_psa_rot_partition_crypto.a(crypto_key_derivation.o)
                0x000000000000ce64                tfm_crypto_key_derivation_input_bytes
 .text.tfm_crypto_key_derivation_output_bytes
                0x000000000000ce6a        0x6 secure_fw/partitions/crypto/libtfm_psa_rot_partition_crypto.a(crypto_key_derivation.o)
                0x000000000000ce6a                tfm_crypto_key_derivation_output_bytes
 .text.tfm_crypto_key_derivation_input_key
                0x000000000000ce70        0x6 secure_fw/partitions/crypto/libtfm_psa_rot_partition_crypto.a(crypto_key_derivation.o)
                0x000000000000ce70                tfm_crypto_key_derivation_input_key
 .text.tfm_crypto_key_derivation_output_key
                0x000000000000ce76        0x6 secure_fw/partitions/crypto/libtfm_psa_rot_partition_crypto.a(crypto_key_derivation.o)
                0x000000000000ce76                tfm_crypto_key_derivation_output_key
 .text.tfm_crypto_key_derivation_abort
                0x000000000000ce7c        0x6 secure_fw/partitions/crypto/libtfm_psa_rot_partition_crypto.a(crypto_key_derivation.o)
                0x000000000000ce7c                tfm_crypto_key_derivation_abort
 .text.tfm_crypto_key_derivation_key_agreement
                0x000000000000ce82        0x6 secure_fw/partitions/crypto/libtfm_psa_rot_partition_crypto.a(crypto_key_derivation.o)
                0x000000000000ce82                tfm_crypto_key_derivation_key_agreement
 .text.tfm_crypto_raw_key_agreement
                0x000000000000ce88        0x6 secure_fw/partitions/crypto/libtfm_psa_rot_partition_crypto.a(crypto_key_derivation.o)
                0x000000000000ce88                tfm_crypto_raw_key_agreement
 .text.tfm_crypto_import_key
                0x000000000000ce8e        0x6 secure_fw/partitions/crypto/libtfm_psa_rot_partition_crypto.a(crypto_key_management.o)
                0x000000000000ce8e                tfm_crypto_import_key
 .text.tfm_crypto_open_key
                0x000000000000ce94        0x6 secure_fw/partitions/crypto/libtfm_psa_rot_partition_crypto.a(crypto_key_management.o)
                0x000000000000ce94                tfm_crypto_open_key
 .text.tfm_crypto_close_key
                0x000000000000ce9a        0x6 secure_fw/partitions/crypto/libtfm_psa_rot_partition_crypto.a(crypto_key_management.o)
                0x000000000000ce9a                tfm_crypto_close_key
 .text.tfm_crypto_destroy_key
                0x000000000000cea0        0x6 secure_fw/partitions/crypto/libtfm_psa_rot_partition_crypto.a(crypto_key_management.o)
                0x000000000000cea0                tfm_crypto_destroy_key
 .text.tfm_crypto_get_key_attributes
                0x000000000000cea6        0x6 secure_fw/partitions/crypto/libtfm_psa_rot_partition_crypto.a(crypto_key_management.o)
                0x000000000000cea6                tfm_crypto_get_key_attributes
 .text.tfm_crypto_reset_key_attributes
                0x000000000000ceac        0x6 secure_fw/partitions/crypto/libtfm_psa_rot_partition_crypto.a(crypto_key_management.o)
                0x000000000000ceac                tfm_crypto_reset_key_attributes
 .text.tfm_crypto_export_key
                0x000000000000ceb2        0x6 secure_fw/partitions/crypto/libtfm_psa_rot_partition_crypto.a(crypto_key_management.o)
                0x000000000000ceb2                tfm_crypto_export_key
 .text.tfm_crypto_export_public_key
                0x000000000000ceb8        0x6 secure_fw/partitions/crypto/libtfm_psa_rot_partition_crypto.a(crypto_key_management.o)
                0x000000000000ceb8                tfm_crypto_export_public_key
 .text.tfm_crypto_purge_key
                0x000000000000cebe        0x6 secure_fw/partitions/crypto/libtfm_psa_rot_partition_crypto.a(crypto_key_management.o)
                0x000000000000cebe                tfm_crypto_purge_key
 .text.tfm_crypto_copy_key
                0x000000000000cec4        0x6 secure_fw/partitions/crypto/libtfm_psa_rot_partition_crypto.a(crypto_key_management.o)
                0x000000000000cec4                tfm_crypto_copy_key
 .text.tfm_crypto_generate_key
                0x000000000000ceca        0x6 secure_fw/partitions/crypto/libtfm_psa_rot_partition_crypto.a(crypto_key_management.o)
                0x000000000000ceca                tfm_crypto_generate_key
 .text.tfm_crypto_generate_random
                0x000000000000ced0       0x1c secure_fw/partitions/crypto/libtfm_psa_rot_partition_crypto.a(crypto_rng.o)
                0x000000000000ced0                tfm_crypto_generate_random
 .text.platform_sp_nv_counter_ipc
                0x000000000000ceec        0x6 secure_fw/partitions/platform/libtfm_psa_rot_partition_platform.a(platform_sp.o)
 .text.platform_sp_system_reset_ipc
                0x000000000000cef2        0xa secure_fw/partitions/platform/libtfm_psa_rot_partition_platform.a(platform_sp.o)
 .text.platform_sp_ioctl_ipc
                0x000000000000cefc       0xf0 secure_fw/partitions/platform/libtfm_psa_rot_partition_platform.a(platform_sp.o)
 .text.platform_signal_handle
                0x000000000000cfec       0x3a secure_fw/partitions/platform/libtfm_psa_rot_partition_platform.a(platform_sp.o)
 .text.platform_sp_system_reset
                0x000000000000d026        0xa secure_fw/partitions/platform/libtfm_psa_rot_partition_platform.a(platform_sp.o)
                0x000000000000d026                platform_sp_system_reset
 .text.platform_sp_init
                0x000000000000d030       0x48 secure_fw/partitions/platform/libtfm_psa_rot_partition_platform.a(platform_sp.o)
                0x000000000000d030                platform_sp_init
 *tfm_psa_rot_partition*:*(.rodata*)
 .rodata.sfid_func_table
                0x000000000000d078      0x104 secure_fw/partitions/crypto/libtfm_psa_rot_partition_crypto.a(crypto_init.o)
 *(TFM_*_PSA-ROT_ATTR_FN)
                0x000000000000d180                . = ALIGN (0x20)
 *fill*         0x000000000000d17c        0x4 
                0x000000000000cb80                Image$$TFM_PSA_ROT_LINKER$$RO$$Base = ADDR (.TFM_PSA_ROT_LINKER)
                0x000000000000d180                Image$$TFM_PSA_ROT_LINKER$$RO$$Limit = (ADDR (.TFM_PSA_ROT_LINKER) + SIZEOF (.TFM_PSA_ROT_LINKER))
                0x000000000000cb80                Image$$TFM_PSA_ROT_LINKER$$Base = ADDR (.TFM_PSA_ROT_LINKER)
                0x000000000000d180                Image$$TFM_PSA_ROT_LINKER$$Limit = (ADDR (.TFM_PSA_ROT_LINKER) + SIZEOF (.TFM_PSA_ROT_LINKER))
                0x000000000000d180                Image$$TFM_PSA_CODE_END$$Base = .
                0x000000000000d180                Image$$TFM_APP_CODE_START$$Base = .

.TFM_APP_ROT_LINKER
                0x000000000000d180        0x0
 *tfm_app_rot_partition*:*(.text*)
 *tfm_app_rot_partition*:*(.rodata*)
 *(TFM_*_APP-ROT_ATTR_FN)
                0x000000000000d180                . = ALIGN (0x20)
                0x000000000000d180                Image$$TFM_APP_ROT_LINKER$$RO$$Base = ADDR (.TFM_APP_ROT_LINKER)
                0x000000000000d180                Image$$TFM_APP_ROT_LINKER$$RO$$Limit = (ADDR (.TFM_APP_ROT_LINKER) + SIZEOF (.TFM_APP_ROT_LINKER))
                0x000000000000d180                Image$$TFM_APP_ROT_LINKER$$Base = ADDR (.TFM_APP_ROT_LINKER)
                0x000000000000d180                Image$$TFM_APP_ROT_LINKER$$Limit = (ADDR (.TFM_APP_ROT_LINKER) + SIZEOF (.TFM_APP_ROT_LINKER))
                0x000000000000d180                Image$$TFM_APP_CODE_END$$Base = .

.ER_TFM_CODE    0x000000000000d180     0x432c
 *(.text*)
 .text          0x000000000000d180       0x88 c:/users/elija/ncs/toolchains/v2.3.0/opt/zephyr-sdk/arm-zephyr-eabi/bin/../lib/gcc/arm-zephyr-eabi/12.1.0/thumb/v8-m.main/nofp/crtbegin.o
 .text          0x000000000000d208       0x7c c:/users/elija/ncs/toolchains/v2.3.0/opt/zephyr-sdk/arm-zephyr-eabi/bin/../lib/gcc/arm-zephyr-eabi/12.1.0/../../../../arm-zephyr-eabi/lib/thumb/v8-m.main/nofp/crt0.o
                0x000000000000d208                _stack_init
                0x000000000000d210                _start
                0x000000000000d210                _mainCRTStartup
 .text.C_HardFault_Handler
                0x000000000000d284        0x4 secure_fw/CMakeFiles/tfm_s.dir/__/platform/ext/common/faults.o
                0x000000000000d284                C_HardFault_Handler
 .text.HardFault_Handler
                0x000000000000d288        0x6 secure_fw/CMakeFiles/tfm_s.dir/__/platform/ext/common/faults.o
                0x000000000000d288                HardFault_Handler
 .text.C_MemManage_Handler
                0x000000000000d28e        0x4 secure_fw/CMakeFiles/tfm_s.dir/__/platform/ext/common/faults.o
                0x000000000000d28e                C_MemManage_Handler
 .text.MemManage_Handler
                0x000000000000d292        0x6 secure_fw/CMakeFiles/tfm_s.dir/__/platform/ext/common/faults.o
                0x000000000000d292                MemManage_Handler
 .text.C_BusFault_Handler
                0x000000000000d298        0x4 secure_fw/CMakeFiles/tfm_s.dir/__/platform/ext/common/faults.o
                0x000000000000d298                C_BusFault_Handler
 .text.BusFault_Handler
                0x000000000000d29c        0x6 secure_fw/CMakeFiles/tfm_s.dir/__/platform/ext/common/faults.o
                0x000000000000d29c                BusFault_Handler
 .text.C_SecureFault_Handler
                0x000000000000d2a2        0x4 secure_fw/CMakeFiles/tfm_s.dir/__/platform/ext/common/faults.o
                0x000000000000d2a2                C_SecureFault_Handler
 .text.SecureFault_Handler
                0x000000000000d2a6        0x6 secure_fw/CMakeFiles/tfm_s.dir/__/platform/ext/common/faults.o
                0x000000000000d2a6                SecureFault_Handler
 .text.C_UsageFault_Handler
                0x000000000000d2ac        0x4 secure_fw/CMakeFiles/tfm_s.dir/__/platform/ext/common/faults.o
                0x000000000000d2ac                C_UsageFault_Handler
 .text.UsageFault_Handler
                0x000000000000d2b0        0x6 secure_fw/CMakeFiles/tfm_s.dir/__/platform/ext/common/faults.o
                0x000000000000d2b0                UsageFault_Handler
 *fill*         0x000000000000d2b6        0x2 
 .text.hw_init_reset_on_boot
                0x000000000000d2b8       0xf0 platform/libplatform_s.a(hw_init.o)
                0x000000000000d2b8                hw_init_reset_on_boot
 .text.nrf91_errata_14
                0x000000000000d3a8       0x20 platform/libplatform_s.a(system_nrf9160.o)
 .text.SystemInit
                0x000000000000d3c8      0x194 platform/libplatform_s.a(system_nrf9160.o)
                0x000000000000d3c8                SystemInit
 .text.startup.main
                0x000000000000d55c       0x4c secure_fw/spm/libtfm_spm.a(main.o)
                0x000000000000d55c                main
 .text.cross_call_entering_c
                0x000000000000d5a8       0x2c secure_fw/spm/libtfm_spm.a(spm_cross_call.o)
                0x000000000000d5a8                cross_call_entering_c
 .text.cross_call_exiting_c
                0x000000000000d5d4       0x30 secure_fw/spm/libtfm_spm.a(spm_cross_call.o)
                0x000000000000d5d4                cross_call_exiting_c
 .text.spm_interface_cross_dispatcher
                0x000000000000d604       0x38 secure_fw/spm/libtfm_spm.a(spm_cross_call.o)
                0x000000000000d604                spm_interface_cross_dispatcher
 .text.spm_handle_programmer_errors
                0x000000000000d63c       0x18 secure_fw/spm/libtfm_spm.a(psa_api.o)
                0x000000000000d63c                spm_handle_programmer_errors
 .text.tfm_spm_get_lifecycle_state
                0x000000000000d654        0x4 secure_fw/spm/libtfm_spm.a(psa_api.o)
                0x000000000000d654                tfm_spm_get_lifecycle_state
 .text.tfm_spm_client_psa_framework_version
                0x000000000000d658        0x6 secure_fw/spm/libtfm_spm.a(psa_api.o)
                0x000000000000d658                tfm_spm_client_psa_framework_version
 .text.tfm_spm_client_psa_version
                0x000000000000d65e       0x2c secure_fw/spm/libtfm_spm.a(psa_api.o)
                0x000000000000d65e                tfm_spm_client_psa_version
 *fill*         0x000000000000d68a        0x2 
 .text.tfm_spm_client_psa_call
                0x000000000000d68c      0x1e8 secure_fw/spm/libtfm_spm.a(psa_api.o)
                0x000000000000d68c                tfm_spm_client_psa_call
 .text.tfm_spm_client_psa_connect
                0x000000000000d874       0xa4 secure_fw/spm/libtfm_spm.a(psa_api.o)
                0x000000000000d874                tfm_spm_client_psa_connect
 .text.tfm_spm_client_psa_close
                0x000000000000d918       0x74 secure_fw/spm/libtfm_spm.a(psa_api.o)
                0x000000000000d918                tfm_spm_client_psa_close
 .text.tfm_spm_partition_psa_wait
                0x000000000000d98c       0x40 secure_fw/spm/libtfm_spm.a(psa_api.o)
                0x000000000000d98c                tfm_spm_partition_psa_wait
 .text.tfm_spm_partition_psa_get
                0x000000000000d9cc       0x68 secure_fw/spm/libtfm_spm.a(psa_api.o)
                0x000000000000d9cc                tfm_spm_partition_psa_get
 .text.tfm_spm_partition_psa_read
                0x000000000000da34       0x72 secure_fw/spm/libtfm_spm.a(psa_api.o)
                0x000000000000da34                tfm_spm_partition_psa_read
 .text.tfm_spm_partition_psa_skip
                0x000000000000daa6       0x46 secure_fw/spm/libtfm_spm.a(psa_api.o)
                0x000000000000daa6                tfm_spm_partition_psa_skip
 .text.tfm_spm_partition_psa_write
                0x000000000000daec       0x6c secure_fw/spm/libtfm_spm.a(psa_api.o)
                0x000000000000daec                tfm_spm_partition_psa_write
 .text.tfm_spm_partition_psa_reply
                0x000000000000db58       0xa4 secure_fw/spm/libtfm_spm.a(psa_api.o)
                0x000000000000db58                tfm_spm_partition_psa_reply
 .text.tfm_spm_partition_psa_notify
                0x000000000000dbfc       0x10 secure_fw/spm/libtfm_spm.a(psa_api.o)
                0x000000000000dbfc                tfm_spm_partition_psa_notify
 .text.tfm_spm_partition_psa_clear
                0x000000000000dc0c       0x2c secure_fw/spm/libtfm_spm.a(psa_api.o)
                0x000000000000dc0c                tfm_spm_partition_psa_clear
 .text.tfm_spm_partition_psa_panic
                0x000000000000dc38        0x4 secure_fw/spm/libtfm_spm.a(psa_api.o)
                0x000000000000dc38                tfm_spm_partition_psa_panic
 .text.tfm_spm_partition_psa_set_rhandle
                0x000000000000dc3c       0x24 secure_fw/spm/libtfm_spm.a(psa_api.o)
                0x000000000000dc3c                tfm_spm_partition_psa_set_rhandle
 .text.ipc_wake_up
                0x000000000000dc60       0x16 secure_fw/spm/libtfm_spm.a(backend_ipc.o)
 .text.ipc_replying
                0x000000000000dc76        0xc secure_fw/spm/libtfm_spm.a(backend_ipc.o)
 *fill*         0x000000000000dc82        0x2 
 .text.ipc_wait
                0x000000000000dc84       0x28 secure_fw/spm/libtfm_spm.a(backend_ipc.o)
 .text.ipc_messaging
                0x000000000000dcac       0x64 secure_fw/spm/libtfm_spm.a(backend_ipc.o)
 .text.ipc_system_run
                0x000000000000dd10       0x28 secure_fw/spm/libtfm_spm.a(backend_ipc.o)
 .text.ipc_comp_init_assuredly
                0x000000000000dd38       0xb8 secure_fw/spm/libtfm_spm.a(backend_ipc.o)
 .text.tfm_core_svc_handler
                0x000000000000ddf0      0x194 secure_fw/spm/libtfm_spm.a(tfm_core_svcalls_ipc.o)
                0x000000000000ddf0                tfm_core_svc_handler
 .text.tfm_core_handler_mode
                0x000000000000df84        0x4 secure_fw/spm/libtfm_spm.a(tfm_core_svcalls_ipc.o)
                0x000000000000df84                tfm_core_handler_mode
 .text.tfm_access_violation_handler
                0x000000000000df88        0x4 secure_fw/spm/libtfm_spm.a(tfm_core_svcalls_ipc.o)
                0x000000000000df88                tfm_access_violation_handler
 .text.thrd_next
                0x000000000000df8c       0x18 secure_fw/spm/libtfm_spm.a(thread.o)
                0x000000000000df8c                thrd_next
 .text.thrd_set_state
                0x000000000000dfa4       0x28 secure_fw/spm/libtfm_spm.a(thread.o)
                0x000000000000dfa4                thrd_set_state
 .text.thrd_start
                0x000000000000dfcc       0x44 secure_fw/spm/libtfm_spm.a(thread.o)
                0x000000000000dfcc                thrd_start
 .text.thrd_start_scheduler
                0x000000000000e010       0x1c secure_fw/spm/libtfm_spm.a(thread.o)
                0x000000000000e010                thrd_start_scheduler
 .text.thrd_set_wait
                0x000000000000e02c       0x18 secure_fw/spm/libtfm_spm.a(thread.o)
                0x000000000000e02c                thrd_set_wait
 .text.thrd_wake_up
                0x000000000000e044       0x26 secure_fw/spm/libtfm_spm.a(thread.o)
                0x000000000000e044                thrd_wake_up
 *fill*         0x000000000000e06a        0x2 
 .text.arch_non_preempt_call
                0x000000000000e06c       0x54 secure_fw/spm/libtfm_spm.a(tfm_arch_v8m_main.o)
                0x000000000000e06c                arch_non_preempt_call
 .text.PendSV_Handler
                0x000000000000e0c0       0x3c secure_fw/spm/libtfm_spm.a(tfm_arch_v8m_main.o)
                0x000000000000e0c0                PendSV_Handler
 .text.SVC_Handler
                0x000000000000e0fc       0x54 secure_fw/spm/libtfm_spm.a(tfm_arch_v8m_main.o)
                0x000000000000e0fc                SVC_Handler
 .text.tfm_arch_set_secure_exception_priorities
                0x000000000000e150       0x28 secure_fw/spm/libtfm_spm.a(tfm_arch_v8m_main.o)
                0x000000000000e150                tfm_arch_set_secure_exception_priorities
 .text.tfm_arch_config_extensions
                0x000000000000e178        0x2 secure_fw/spm/libtfm_spm.a(tfm_arch_v8m_main.o)
                0x000000000000e178                tfm_arch_config_extensions
 .text.tfm_arch_clear_fp_status
                0x000000000000e17a       0x12 secure_fw/spm/libtfm_spm.a(tfm_arch_v8m_main.o)
                0x000000000000e17a                tfm_arch_clear_fp_status
 .text.ns_agent_tz_init_c
                0x000000000000e18c       0x20 secure_fw/spm/libtfm_spm.a(ns_agent_tz.o)
 .text.ns_agent_tz_main
                0x000000000000e1ac       0x34 secure_fw/spm/libtfm_spm.a(ns_agent_tz.o)
                0x000000000000e1ac                ns_agent_tz_main
 .text.tfm_idle_thread
                0x000000000000e1e0       0x14 secure_fw/spm/libtfm_spm.a(idle_partition.o)
                0x000000000000e1e0                tfm_idle_thread
 .text.tfm_core_validate_boot_data
                0x000000000000e1f4        0xc secure_fw/spm/libtfm_spm.a(tfm_boot_data.o)
                0x000000000000e1f4                tfm_core_validate_boot_data
 .text.tfm_core_get_boot_data_handler
                0x000000000000e200       0x30 secure_fw/spm/libtfm_spm.a(tfm_boot_data.o)
                0x000000000000e200                tfm_core_get_boot_data_handler
 .text.spm_memcpy
                0x000000000000e230       0x62 secure_fw/spm/libtfm_spm.a(tfm_core_utils.o)
                0x000000000000e230                spm_memcpy
 .text.spm_memset
                0x000000000000e292       0x3e secure_fw/spm/libtfm_spm.a(tfm_core_utils.o)
                0x000000000000e292                spm_memset
 .text.tfm_core_panic
                0x000000000000e2d0        0x4 secure_fw/spm/libtfm_spm.a(utilities.o)
                0x000000000000e2d0                tfm_core_panic
 .text.tfm_arch_free_msp_and_exc_ret
                0x000000000000e2d4       0x10 secure_fw/spm/libtfm_spm.a(tfm_arch.o)
                0x000000000000e2d4                tfm_arch_free_msp_and_exc_ret
 .text.tfm_arch_set_context_ret_code
                0x000000000000e2e4       0x14 secure_fw/spm/libtfm_spm.a(tfm_arch.o)
                0x000000000000e2e4                tfm_arch_set_context_ret_code
 .text.tfm_arch_trigger_pendsv
                0x000000000000e2f8       0x18 secure_fw/spm/libtfm_spm.a(tfm_arch.o)
                0x000000000000e2f8                tfm_arch_trigger_pendsv
 .text.tfm_arch_init_context
                0x000000000000e310       0x44 secure_fw/spm/libtfm_spm.a(tfm_arch.o)
                0x000000000000e310                tfm_arch_init_context
 .text.tfm_arch_refresh_hardware_context
                0x000000000000e354       0x12 secure_fw/spm/libtfm_spm.a(tfm_arch.o)
                0x000000000000e354                tfm_arch_refresh_hardware_context
 *fill*         0x000000000000e366        0x2 
 .text.tfm_spm_to_user_handle
                0x000000000000e368       0x20 secure_fw/spm/libtfm_spm.a(spm_ipc.o)
                0x000000000000e368                tfm_spm_to_user_handle
 .text.tfm_spm_to_handle_instance
                0x000000000000e388       0x10 secure_fw/spm/libtfm_spm.a(spm_ipc.o)
                0x000000000000e388                tfm_spm_to_handle_instance
 .text.tfm_spm_create_conn_handle
                0x000000000000e398       0x20 secure_fw/spm/libtfm_spm.a(spm_ipc.o)
                0x000000000000e398                tfm_spm_create_conn_handle
 .text.tfm_spm_validate_conn_handle
                0x000000000000e3b8       0x1c secure_fw/spm/libtfm_spm.a(spm_ipc.o)
                0x000000000000e3b8                tfm_spm_validate_conn_handle
 .text.tfm_spm_free_conn_handle
                0x000000000000e3d4       0x1c secure_fw/spm/libtfm_spm.a(spm_ipc.o)
                0x000000000000e3d4                tfm_spm_free_conn_handle
 .text.spm_get_handle_by_signal
                0x000000000000e3f0       0x4a secure_fw/spm/libtfm_spm.a(spm_ipc.o)
                0x000000000000e3f0                spm_get_handle_by_signal
 *fill*         0x000000000000e43a        0x2 
 .text.tfm_spm_get_service_by_sid
                0x000000000000e43c       0x2c secure_fw/spm/libtfm_spm.a(spm_ipc.o)
                0x000000000000e43c                tfm_spm_get_service_by_sid
 .text.tfm_spm_get_partition_by_id
                0x000000000000e468       0x1c secure_fw/spm/libtfm_spm.a(spm_ipc.o)
                0x000000000000e468                tfm_spm_get_partition_by_id
 .text.tfm_spm_check_client_version
                0x000000000000e484       0x24 secure_fw/spm/libtfm_spm.a(spm_ipc.o)
                0x000000000000e484                tfm_spm_check_client_version
 .text.tfm_spm_check_authorization
                0x000000000000e4a8       0x4c secure_fw/spm/libtfm_spm.a(spm_ipc.o)
                0x000000000000e4a8                tfm_spm_check_authorization
 .text.spm_get_handle_by_client_handle
                0x000000000000e4f4       0x20 secure_fw/spm/libtfm_spm.a(spm_ipc.o)
                0x000000000000e4f4                spm_get_handle_by_client_handle
 .text.spm_fill_message
                0x000000000000e514       0x98 secure_fw/spm/libtfm_spm.a(spm_ipc.o)
                0x000000000000e514                spm_fill_message
 .text.tfm_spm_partition_get_running_partition_id
                0x000000000000e5ac       0x20 secure_fw/spm/libtfm_spm.a(spm_ipc.o)
                0x000000000000e5ac                tfm_spm_partition_get_running_partition_id
 .text.spm_get_handle_by_msg_handle
                0x000000000000e5cc       0x28 secure_fw/spm/libtfm_spm.a(spm_ipc.o)
                0x000000000000e5cc                spm_get_handle_by_msg_handle
 .text.tfm_memory_check
                0x000000000000e5f4       0x40 secure_fw/spm/libtfm_spm.a(spm_ipc.o)
                0x000000000000e5f4                tfm_memory_check
 .text.tfm_spm_is_ns_caller
                0x000000000000e634       0x24 secure_fw/spm/libtfm_spm.a(spm_ipc.o)
                0x000000000000e634                tfm_spm_is_ns_caller
 .text.tfm_spm_get_client_id
                0x000000000000e658       0x20 secure_fw/spm/libtfm_spm.a(spm_ipc.o)
                0x000000000000e658                tfm_spm_get_client_id
 .text.tfm_spm_init
                0x000000000000e678       0x9c secure_fw/spm/libtfm_spm.a(spm_ipc.o)
                0x000000000000e678                tfm_spm_init
 .text.do_schedule
                0x000000000000e714       0x7c secure_fw/spm/libtfm_spm.a(spm_ipc.o)
                0x000000000000e714                do_schedule
 .text.update_caller_outvec_len
                0x000000000000e790       0x24 secure_fw/spm/libtfm_spm.a(spm_ipc.o)
                0x000000000000e790                update_caller_outvec_len
 .text.spm_assert_signal
                0x000000000000e7b4       0x30 secure_fw/spm/libtfm_spm.a(spm_ipc.o)
                0x000000000000e7b4                spm_assert_signal
 .text.load_a_partition_assuredly
                0x000000000000e7e4       0xd0 secure_fw/spm/libtfm_spm.a(static_load.o)
                0x000000000000e7e4                load_a_partition_assuredly
 .text.load_services_assuredly
                0x000000000000e8b4       0xc4 secure_fw/spm/libtfm_spm.a(static_load.o)
                0x000000000000e8b4                load_services_assuredly
 .text.load_irqs_assuredly
                0x000000000000e978       0x7e secure_fw/spm/libtfm_spm.a(static_load.o)
                0x000000000000e978                load_irqs_assuredly
 *fill*         0x000000000000e9f6        0x2 
 .text.tfm_pool_init
                0x000000000000e9f8       0x5c secure_fw/spm/libtfm_spm.a(tfm_pools.o)
                0x000000000000e9f8                tfm_pool_init
 .text.tfm_pool_alloc
                0x000000000000ea54       0x16 secure_fw/spm/libtfm_spm.a(tfm_pools.o)
                0x000000000000ea54                tfm_pool_alloc
 .text.tfm_pool_free
                0x000000000000ea6a        0xc secure_fw/spm/libtfm_spm.a(tfm_pools.o)
                0x000000000000ea6a                tfm_pool_free
 .text.is_valid_chunk_data_in_pool
                0x000000000000ea76       0x2e secure_fw/spm/libtfm_spm.a(tfm_pools.o)
                0x000000000000ea76                is_valid_chunk_data_in_pool
 .text.tfm_nspm_get_current_client_id
                0x000000000000eaa4        0x6 secure_fw/spm/libtfm_spm.a(tfm_spm_ns_ctx.o)
                0x000000000000eaa4                tfm_nspm_get_current_client_id
 .text.tfm_nspm_ctx_init
                0x000000000000eaaa        0x2 secure_fw/spm/libtfm_spm.a(tfm_spm_ns_ctx.o)
                0x000000000000eaaa                tfm_nspm_ctx_init
 .text.verify_header
                0x000000000000eaac       0x40 secure_fw/partitions/crypto/mbedcrypto/nrf_security_src/libcrypto_service_mbedcrypto.a(memory_buffer_alloc.o)
 .text.verify_chain
                0x000000000000eaec       0x3c secure_fw/partitions/crypto/mbedcrypto/nrf_security_src/libcrypto_service_mbedcrypto.a(memory_buffer_alloc.o)
 .text.buffer_alloc_calloc
                0x000000000000eb28       0xf4 secure_fw/partitions/crypto/mbedcrypto/nrf_security_src/libcrypto_service_mbedcrypto.a(memory_buffer_alloc.o)
 .text.buffer_alloc_free
                0x000000000000ec1c       0xe8 secure_fw/partitions/crypto/mbedcrypto/nrf_security_src/libcrypto_service_mbedcrypto.a(memory_buffer_alloc.o)
 .text.mbedtls_memory_buffer_alloc_init
                0x000000000000ed04       0x64 secure_fw/partitions/crypto/mbedcrypto/nrf_security_src/libcrypto_service_mbedcrypto.a(memory_buffer_alloc.o)
                0x000000000000ed04                mbedtls_memory_buffer_alloc_init
 .text.psa_remove_key_data_from_memory
                0x000000000000ed68       0x1c secure_fw/partitions/crypto/mbedcrypto/nrf_security_src/libcrypto_service_mbedcrypto.a(psa_crypto.o)
                0x000000000000ed68                psa_remove_key_data_from_memory
 .text.psa_wipe_key_slot
                0x000000000000ed84       0x22 secure_fw/partitions/crypto/mbedcrypto/nrf_security_src/libcrypto_service_mbedcrypto.a(psa_crypto.o)
                0x000000000000ed84                psa_wipe_key_slot
 *fill*         0x000000000000eda6        0x2 
 .text.mbedcrypto__psa_generate_random
                0x000000000000eda8       0x38 secure_fw/partitions/crypto/mbedcrypto/nrf_security_src/libcrypto_service_mbedcrypto.a(psa_crypto.o)
                0x000000000000eda8                mbedcrypto__psa_generate_random
 .text.mbedtls_psa_crypto_free
                0x000000000000ede0       0x30 secure_fw/partitions/crypto/mbedcrypto/nrf_security_src/libcrypto_service_mbedcrypto.a(psa_crypto.o)
                0x000000000000ede0                mbedtls_psa_crypto_free
 .text.mbedcrypto__psa_crypto_init
                0x000000000000ee10       0x48 secure_fw/partitions/crypto/mbedcrypto/nrf_security_src/libcrypto_service_mbedcrypto.a(psa_crypto.o)
                0x000000000000ee10                mbedcrypto__psa_crypto_init
 .text.psa_initialize_key_slots
                0x000000000000ee58       0x18 secure_fw/partitions/crypto/mbedcrypto/nrf_security_src/libcrypto_service_mbedcrypto.a(psa_crypto_slot_management.o)
                0x000000000000ee58                psa_initialize_key_slots
 .text.psa_wipe_all_key_slots
                0x000000000000ee70       0x2c secure_fw/partitions/crypto/mbedcrypto/nrf_security_src/libcrypto_service_mbedcrypto.a(psa_crypto_slot_management.o)
                0x000000000000ee70                psa_wipe_all_key_slots
 .text.psa_driver_wrapper_init
                0x000000000000ee9c        0x4 secure_fw/partitions/crypto/mbedcrypto/nrf_security_src/libcrypto_service_mbedcrypto.a(psa_crypto_driver_wrappers.o)
                0x000000000000ee9c                psa_driver_wrapper_init
 .text.psa_driver_wrapper_free
                0x000000000000eea0        0x2 secure_fw/partitions/crypto/mbedcrypto/nrf_security_src/libcrypto_service_mbedcrypto.a(psa_crypto_driver_wrappers.o)
                0x000000000000eea0                psa_driver_wrapper_free
 .text.mbedtls_psa_external_get_random
                0x000000000000eea2       0x20 secure_fw/partitions/crypto/mbedcrypto/nrf_security_src/libcrypto_service_mbedcrypto.a(random_ext.o)
                0x000000000000eea2                mbedtls_psa_external_get_random
 .text.tfm_hal_bind_boundaries
                0x000000000000eec2       0x3e platform/libplatform_s.a(tfm_hal_isolation.o)
                0x000000000000eec2                tfm_hal_bind_boundaries
 .text.tfm_hal_update_boundaries
                0x000000000000ef00       0x1e platform/libplatform_s.a(tfm_hal_isolation.o)
                0x000000000000ef00                tfm_hal_update_boundaries
 .text.tfm_hal_memory_has_access
                0x000000000000ef1e      0x126 platform/libplatform_s.a(tfm_hal_isolation.o)
                0x000000000000ef1e                tfm_hal_memory_has_access
 .text.mpu_init_cfg
                0x000000000000f044      0x11c platform/libplatform_s.a(tfm_hal_isolation.o)
                0x000000000000f044                mpu_init_cfg
 .text.tfm_hal_set_up_static_boundaries
                0x000000000000f160       0x24 platform/libplatform_s.a(tfm_hal_isolation.o)
                0x000000000000f160                tfm_hal_set_up_static_boundaries
 .text.tfm_hal_platform_common_init
                0x000000000000f184       0x32 platform/libplatform_s.a(tfm_hal_platform_common.o)
                0x000000000000f184                tfm_hal_platform_common_init
 *fill*         0x000000000000f1b6        0x2 
 .text.tfm_hal_get_ns_VTOR
                0x000000000000f1b8        0xc platform/libplatform_s.a(tfm_hal_platform_common.o)
                0x000000000000f1b8                tfm_hal_get_ns_VTOR
 .text.tfm_hal_get_ns_MSP
                0x000000000000f1c4        0xc platform/libplatform_s.a(tfm_hal_platform_common.o)
                0x000000000000f1c4                tfm_hal_get_ns_MSP
 .text.tfm_hal_get_ns_entry_point
                0x000000000000f1d0        0xc platform/libplatform_s.a(tfm_hal_platform_common.o)
                0x000000000000f1d0                tfm_hal_get_ns_entry_point
 .text.tfm_hal_irq_enable
                0x000000000000f1dc       0x20 platform/libplatform_s.a(tfm_hal_nvic.o)
                0x000000000000f1dc                tfm_hal_irq_enable
 .text.tfm_hal_irq_disable
                0x000000000000f1fc       0x28 platform/libplatform_s.a(tfm_hal_nvic.o)
                0x000000000000f1fc                tfm_hal_irq_disable
 .text.enable_fault_handlers
                0x000000000000f224       0x14 platform/libplatform_s.a(target_cfg.o)
                0x000000000000f224                enable_fault_handlers
 .text.system_reset_cfg
                0x000000000000f238       0x18 platform/libplatform_s.a(target_cfg.o)
                0x000000000000f238                system_reset_cfg
 .text.init_debug
                0x000000000000f250        0x4 platform/libplatform_s.a(target_cfg.o)
                0x000000000000f250                init_debug
 .text.nvic_interrupt_target_state_cfg
                0x000000000000f254       0x30 platform/libplatform_s.a(target_cfg.o)
                0x000000000000f254                nvic_interrupt_target_state_cfg
 .text.nvic_interrupt_enable
                0x000000000000f284       0x18 platform/libplatform_s.a(target_cfg.o)
                0x000000000000f284                nvic_interrupt_enable
 .text.sau_and_idau_cfg
                0x000000000000f29c       0x20 platform/libplatform_s.a(target_cfg.o)
                0x000000000000f29c                sau_and_idau_cfg
 .text.spu_init_cfg
                0x000000000000f2bc       0x44 platform/libplatform_s.a(target_cfg.o)
                0x000000000000f2bc                spu_init_cfg
 .text.spu_periph_init_cfg
                0x000000000000f300      0x188 platform/libplatform_s.a(target_cfg.o)
                0x000000000000f300                spu_periph_init_cfg
 .text.tfm_hal_platform_init
                0x000000000000f488       0x30 platform/libplatform_s.a(tfm_hal_platform.o)
                0x000000000000f488                tfm_hal_platform_init
 .text.tfm_plat_otp_init
                0x000000000000f4b8        0x4 platform/libplatform_s.a(dummy_otp.o)
                0x000000000000f4b8                tfm_plat_otp_init
 .text.tfm_plat_provisioning_is_required
                0x000000000000f4bc        0x4 platform/libplatform_s.a(dummy_provisioning.o)
                0x000000000000f4bc                tfm_plat_provisioning_is_required
 .text.tfm_plat_provisioning_perform
                0x000000000000f4c0        0x4 platform/libplatform_s.a(dummy_provisioning.o)
                0x000000000000f4c0                tfm_plat_provisioning_perform
 .text.tfm_plat_provisioning_check_for_dummy_keys
                0x000000000000f4c4        0x2 platform/libplatform_s.a(dummy_provisioning.o)
                0x000000000000f4c4                tfm_plat_provisioning_check_for_dummy_keys
 *fill*         0x000000000000f4c6        0x2 
 .text.tfm_platform_hal_system_reset
                0x000000000000f4c8       0x24 platform/libplatform_s.a(tfm_platform_system.o)
                0x000000000000f4c8                tfm_platform_hal_system_reset
 .text.tfm_platform_hal_ioctl
                0x000000000000f4ec       0x10 platform/libplatform_s.a(tfm_platform_system.o)
                0x000000000000f4ec                tfm_platform_hal_ioctl
 .text.tfm_hal_system_reset
                0x000000000000f4fc       0x24 platform/libplatform_s.a(tfm_platform.o)
                0x000000000000f4fc                tfm_hal_system_reset
 .text.mpu_armv8m_enable
                0x000000000000f520       0x34 platform/libplatform_s.a(mpu_armv8m_drv.o)
                0x000000000000f520                mpu_armv8m_enable
 .text.mpu_armv8m_region_enable
                0x000000000000f554       0x64 platform/libplatform_s.a(mpu_armv8m_drv.o)
                0x000000000000f554                mpu_armv8m_region_enable
 .text.mpu_armv8m_region_disable
                0x000000000000f5b8       0x14 platform/libplatform_s.a(mpu_armv8m_drv.o)
                0x000000000000f5b8                mpu_armv8m_region_disable
 .text.mpu_armv8m_clean
                0x000000000000f5cc       0x1e platform/libplatform_s.a(mpu_armv8m_drv.o)
                0x000000000000f5cc                mpu_armv8m_clean
 *fill*         0x000000000000f5ea        0x2 
 .text.spu_enable_interrupts
                0x000000000000f5ec       0x10 platform/libplatform_s.a(spu.o)
                0x000000000000f5ec                spu_enable_interrupts
 .text.spu_regions_reset_unlocked_secure
                0x000000000000f5fc       0x3c platform/libplatform_s.a(spu.o)
                0x000000000000f5fc                spu_regions_reset_unlocked_secure
 .text.spu_regions_flash_config_non_secure
                0x000000000000f638       0x24 platform/libplatform_s.a(spu.o)
                0x000000000000f638                spu_regions_flash_config_non_secure
 .text.spu_regions_sram_config_non_secure
                0x000000000000f65c       0x2c platform/libplatform_s.a(spu.o)
                0x000000000000f65c                spu_regions_sram_config_non_secure
 .text.spu_regions_flash_config_non_secure_callable
                0x000000000000f688       0x30 platform/libplatform_s.a(spu.o)
                0x000000000000f688                spu_regions_flash_config_non_secure_callable
 .text.spu_regions_flash_get_base_address_in_region
                0x000000000000f6b8        0x4 platform/libplatform_s.a(spu.o)
                0x000000000000f6b8                spu_regions_flash_get_base_address_in_region
 .text.spu_regions_flash_get_last_address_in_region
                0x000000000000f6bc        0xa platform/libplatform_s.a(spu.o)
                0x000000000000f6bc                spu_regions_flash_get_last_address_in_region
 .text.spu_regions_flash_get_start_id
                0x000000000000f6c6        0x4 platform/libplatform_s.a(spu.o)
                0x000000000000f6c6                spu_regions_flash_get_start_id
 .text.spu_regions_flash_get_last_id
                0x000000000000f6ca        0x4 platform/libplatform_s.a(spu.o)
                0x000000000000f6ca                spu_regions_flash_get_last_id
 .text.spu_regions_flash_get_region_size
                0x000000000000f6ce        0x6 platform/libplatform_s.a(spu.o)
                0x000000000000f6ce                spu_regions_flash_get_region_size
 .text.spu_regions_sram_get_base_address_in_region
                0x000000000000f6d4        0xa platform/libplatform_s.a(spu.o)
                0x000000000000f6d4                spu_regions_sram_get_base_address_in_region
 *fill*         0x000000000000f6de        0x2 
 .text.spu_regions_sram_get_last_address_in_region
                0x000000000000f6e0        0xc platform/libplatform_s.a(spu.o)
                0x000000000000f6e0                spu_regions_sram_get_last_address_in_region
 .text.spu_regions_sram_get_start_id
                0x000000000000f6ec        0x4 platform/libplatform_s.a(spu.o)
                0x000000000000f6ec                spu_regions_sram_get_start_id
 .text.spu_regions_sram_get_last_id
                0x000000000000f6f0        0x4 platform/libplatform_s.a(spu.o)
                0x000000000000f6f0                spu_regions_sram_get_last_id
 .text.spu_regions_sram_get_region_size
                0x000000000000f6f4        0x6 platform/libplatform_s.a(spu.o)
                0x000000000000f6f4                spu_regions_sram_get_region_size
 *fill*         0x000000000000f6fa        0x2 
 .text.spu_peripheral_config_non_secure
                0x000000000000f6fc       0x18 platform/libplatform_s.a(spu.o)
                0x000000000000f6fc                spu_peripheral_config_non_secure
 .text.tfm_platform_hal_read_service
                0x000000000000f714       0x5c platform/libplatform_s.a(tfm_platform_hal_ioctl.o)
                0x000000000000f714                tfm_platform_hal_read_service
 .text.nrf_cc3xx_platform_init_hmac_drbg
                0x000000000000f770       0x44 C:/Users/elija/ncs/v2.3.0/nrfxlib/crypto/nrf_cc310_platform/lib/cortex-m33/soft-float/no-interrupts/libnrf_cc310_platform_0.9.16.a(nrf_cc3xx_platform.c.obj)
                0x000000000000f770                nrf_cc3xx_platform_init_hmac_drbg
 .text.nrf_cc3xx_platform_hmac_drbg_init
                0x000000000000f7b4       0x64 C:/Users/elija/ncs/v2.3.0/nrfxlib/crypto/nrf_cc310_platform/lib/cortex-m33/soft-float/no-interrupts/libnrf_cc310_platform_0.9.16.a(nrf_cc3xx_platform_hmac_drbg.c.obj)
                0x000000000000f7b4                nrf_cc3xx_platform_hmac_drbg_init
 .text.nrf_cc3xx_platform_hmac_drbg_get
                0x000000000000f818       0x48 C:/Users/elija/ncs/v2.3.0/nrfxlib/crypto/nrf_cc310_platform/lib/cortex-m33/soft-float/no-interrupts/libnrf_cc310_platform_0.9.16.a(nrf_cc3xx_platform_hmac_drbg.c.obj)
                0x000000000000f818                nrf_cc3xx_platform_hmac_drbg_get
 .text.mbedtls_zeroize_internal
                0x000000000000f860       0x14 C:/Users/elija/ncs/v2.3.0/nrfxlib/crypto/nrf_cc310_platform/lib/cortex-m33/soft-float/no-interrupts/libnrf_cc310_platform_0.9.16.a(mbedtls_common.c.obj)
                0x000000000000f860                mbedtls_zeroize_internal
 .text.mbedtls_platform_zeroize
                0x000000000000f874       0x14 C:/Users/elija/ncs/v2.3.0/nrfxlib/crypto/nrf_cc310_platform/lib/cortex-m33/soft-float/no-interrupts/libnrf_cc310_platform_0.9.16.a(mbedtls_common.c.obj)
                0x000000000000f874                mbedtls_platform_zeroize
 .text.cc_hmac_sha256_starts.constprop.0
                0x000000000000f888      0x108 C:/Users/elija/ncs/v2.3.0/nrfxlib/crypto/nrf_cc310_platform/lib/cortex-m33/soft-float/no-interrupts/libnrf_cc310_platform_0.9.16.a(hmac_drbg_alt.c.obj)
 .text.cc_mbedtls_hmac_drbg_init
                0x000000000000f990       0x28 C:/Users/elija/ncs/v2.3.0/nrfxlib/crypto/nrf_cc310_platform/lib/cortex-m33/soft-float/no-interrupts/libnrf_cc310_platform_0.9.16.a(hmac_drbg_alt.c.obj)
                0x000000000000f990                cc_mbedtls_hmac_drbg_init
 .text.cc_mbedtls_hmac_drbg_update
                0x000000000000f9b8      0x170 C:/Users/elija/ncs/v2.3.0/nrfxlib/crypto/nrf_cc310_platform/lib/cortex-m33/soft-float/no-interrupts/libnrf_cc310_platform_0.9.16.a(hmac_drbg_alt.c.obj)
                0x000000000000f9b8                cc_mbedtls_hmac_drbg_update
 .text.cc_hmac_drbg_reseed_core
                0x000000000000fb28       0xac C:/Users/elija/ncs/v2.3.0/nrfxlib/crypto/nrf_cc310_platform/lib/cortex-m33/soft-float/no-interrupts/libnrf_cc310_platform_0.9.16.a(hmac_drbg_alt.c.obj)
 .text.cc_mbedtls_hmac_drbg_seed
                0x000000000000fbd4       0x54 C:/Users/elija/ncs/v2.3.0/nrfxlib/crypto/nrf_cc310_platform/lib/cortex-m33/soft-float/no-interrupts/libnrf_cc310_platform_0.9.16.a(hmac_drbg_alt.c.obj)
                0x000000000000fbd4                cc_mbedtls_hmac_drbg_seed
 .text.cc_mbedtls_hmac_drbg_random_with_add
                0x000000000000fc28      0x144 C:/Users/elija/ncs/v2.3.0/nrfxlib/crypto/nrf_cc310_platform/lib/cortex-m33/soft-float/no-interrupts/libnrf_cc310_platform_0.9.16.a(hmac_drbg_alt.c.obj)
                0x000000000000fc28                cc_mbedtls_hmac_drbg_random_with_add
 .text.entropy_update
                0x000000000000fd6c       0x7c C:/Users/elija/ncs/v2.3.0/nrfxlib/crypto/nrf_cc310_platform/lib/cortex-m33/soft-float/no-interrupts/libnrf_cc310_platform_0.9.16.a(entropy.c.obj)
 .text.entropy_gather_internal.part.0
                0x000000000000fde8       0x88 C:/Users/elija/ncs/v2.3.0/nrfxlib/crypto/nrf_cc310_platform/lib/cortex-m33/soft-float/no-interrupts/libnrf_cc310_platform_0.9.16.a(entropy.c.obj)
 .text.cc_mbedtls_entropy_init
                0x000000000000fe70       0x84 C:/Users/elija/ncs/v2.3.0/nrfxlib/crypto/nrf_cc310_platform/lib/cortex-m33/soft-float/no-interrupts/libnrf_cc310_platform_0.9.16.a(entropy.c.obj)
                0x000000000000fe70                cc_mbedtls_entropy_init
 .text.cc_mbedtls_entropy_func
                0x000000000000fef4      0x10c C:/Users/elija/ncs/v2.3.0/nrfxlib/crypto/nrf_cc310_platform/lib/cortex-m33/soft-float/no-interrupts/libnrf_cc310_platform_0.9.16.a(entropy.c.obj)
                0x000000000000fef4                cc_mbedtls_entropy_func
 .text.RndStartupTest.constprop.0
                0x0000000000010000       0x9c C:/Users/elija/ncs/v2.3.0/nrfxlib/crypto/nrf_cc310_platform/lib/cortex-m33/soft-float/no-interrupts/libnrf_cc310_platform_0.9.16.a(cc_lib.c.obj)
 .text.CC_LibInit_HMAC_DRBG
                0x000000000001009c       0xc0 C:/Users/elija/ncs/v2.3.0/nrfxlib/crypto/nrf_cc310_platform/lib/cortex-m33/soft-float/no-interrupts/libnrf_cc310_platform_0.9.16.a(cc_lib.c.obj)
                0x000000000001009c                CC_LibInit_HMAC_DRBG
 .text.CC_HalInit
                0x000000000001015c        0x4 C:/Users/elija/ncs/v2.3.0/nrfxlib/crypto/nrf_cc310_platform/lib/cortex-m33/soft-float/no-interrupts/libnrf_cc310_platform_0.9.16.a(cc_hal.c.obj)
                0x000000000001015c                CC_HalInit
 .text.CC_HalTerminate
                0x0000000000010160        0x4 C:/Users/elija/ncs/v2.3.0/nrfxlib/crypto/nrf_cc310_platform/lib/cortex-m33/soft-float/no-interrupts/libnrf_cc310_platform_0.9.16.a(cc_hal.c.obj)
                0x0000000000010160                CC_HalTerminate
 .text.CC_HalClearInterruptBit
                0x0000000000010164       0x1c C:/Users/elija/ncs/v2.3.0/nrfxlib/crypto/nrf_cc310_platform/lib/cortex-m33/soft-float/no-interrupts/libnrf_cc310_platform_0.9.16.a(cc_hal.c.obj)
                0x0000000000010164                CC_HalClearInterruptBit
 .text.CC_HalMaskInterrupt
                0x0000000000010180        0xc C:/Users/elija/ncs/v2.3.0/nrfxlib/crypto/nrf_cc310_platform/lib/cortex-m33/soft-float/no-interrupts/libnrf_cc310_platform_0.9.16.a(cc_hal.c.obj)
                0x0000000000010180                CC_HalMaskInterrupt
 .text.CC_HalWaitInterrupt
                0x000000000001018c        0xc C:/Users/elija/ncs/v2.3.0/nrfxlib/crypto/nrf_cc310_platform/lib/cortex-m33/soft-float/no-interrupts/libnrf_cc310_platform_0.9.16.a(cc_hal.c.obj)
                0x000000000001018c                CC_HalWaitInterrupt
 .text.CC_HalWaitInterruptRND
                0x0000000000010198        0xc C:/Users/elija/ncs/v2.3.0/nrfxlib/crypto/nrf_cc310_platform/lib/cortex-m33/soft-float/no-interrupts/libnrf_cc310_platform_0.9.16.a(cc_hal.c.obj)
                0x0000000000010198                CC_HalWaitInterruptRND
 .text.CC_PalInit
                0x00000000000101a4       0x5c C:/Users/elija/ncs/v2.3.0/nrfxlib/crypto/nrf_cc310_platform/lib/cortex-m33/soft-float/no-interrupts/libnrf_cc310_platform_0.9.16.a(cc_pal.c.obj)
                0x00000000000101a4                CC_PalInit
 .text.CC_PalTerminate
                0x0000000000010200       0x34 C:/Users/elija/ncs/v2.3.0/nrfxlib/crypto/nrf_cc310_platform/lib/cortex-m33/soft-float/no-interrupts/libnrf_cc310_platform_0.9.16.a(cc_pal.c.obj)
                0x0000000000010200                CC_PalTerminate
 .text.CC_PalDmaInit
                0x0000000000010234        0x4 C:/Users/elija/ncs/v2.3.0/nrfxlib/crypto/nrf_cc310_platform/lib/cortex-m33/soft-float/no-interrupts/libnrf_cc310_platform_0.9.16.a(cc_pal_dma.c.obj)
                0x0000000000010234                CC_PalDmaInit
 .text.CC_PalDmaTerminate
                0x0000000000010238        0x4 C:/Users/elija/ncs/v2.3.0/nrfxlib/crypto/nrf_cc310_platform/lib/cortex-m33/soft-float/no-interrupts/libnrf_cc310_platform_0.9.16.a(cc_pal_dma.c.obj)
                0x0000000000010238                CC_PalDmaTerminate
 .text.CC_PalWaitInterruptRND
                0x000000000001023c       0x2c C:/Users/elija/ncs/v2.3.0/nrfxlib/crypto/nrf_cc310_platform/lib/cortex-m33/soft-float/no-interrupts/libnrf_cc310_platform_0.9.16.a(cc_pal_interrupt_ctrl.c.obj)
                0x000000000001023c                CC_PalWaitInterruptRND
 .text.CC_PalWaitInterrupt
                0x0000000000010268       0x18 C:/Users/elija/ncs/v2.3.0/nrfxlib/crypto/nrf_cc310_platform/lib/cortex-m33/soft-float/no-interrupts/libnrf_cc310_platform_0.9.16.a(cc_pal_interrupt_ctrl.c.obj)
                0x0000000000010268                CC_PalWaitInterrupt
 .text.CC_PalMemCopyPlat
                0x0000000000010280        0x4 C:/Users/elija/ncs/v2.3.0/nrfxlib/crypto/nrf_cc310_platform/lib/cortex-m33/soft-float/no-interrupts/libnrf_cc310_platform_0.9.16.a(cc_pal_mem.c.obj)
                0x0000000000010280                CC_PalMemCopyPlat
 .text.CC_PalMemSetZeroPlat
                0x0000000000010284        0x8 C:/Users/elija/ncs/v2.3.0/nrfxlib/crypto/nrf_cc310_platform/lib/cortex-m33/soft-float/no-interrupts/libnrf_cc310_platform_0.9.16.a(cc_pal_mem.c.obj)
                0x0000000000010284                CC_PalMemSetZeroPlat
 .text.CC_PalMutexCreate
                0x000000000001028c       0x14 C:/Users/elija/ncs/v2.3.0/nrfxlib/crypto/nrf_cc310_platform/lib/cortex-m33/soft-float/no-interrupts/libnrf_cc310_platform_0.9.16.a(cc_pal_mutex.c.obj)
                0x000000000001028c                CC_PalMutexCreate
 .text.CC_PalMutexDestroy
                0x00000000000102a0       0x14 C:/Users/elija/ncs/v2.3.0/nrfxlib/crypto/nrf_cc310_platform/lib/cortex-m33/soft-float/no-interrupts/libnrf_cc310_platform_0.9.16.a(cc_pal_mutex.c.obj)
                0x00000000000102a0                CC_PalMutexDestroy
 .text.CC_PalMutexLock
                0x00000000000102b4       0x10 C:/Users/elija/ncs/v2.3.0/nrfxlib/crypto/nrf_cc310_platform/lib/cortex-m33/soft-float/no-interrupts/libnrf_cc310_platform_0.9.16.a(cc_pal_mutex.c.obj)
                0x00000000000102b4                CC_PalMutexLock
 .text.CC_PalMutexUnlock
                0x00000000000102c4       0x14 C:/Users/elija/ncs/v2.3.0/nrfxlib/crypto/nrf_cc310_platform/lib/cortex-m33/soft-float/no-interrupts/libnrf_cc310_platform_0.9.16.a(cc_pal_mutex.c.obj)
                0x00000000000102c4                CC_PalMutexUnlock
 .text.CC_PalPowerSaveModeInit
                0x00000000000102d8       0x3c C:/Users/elija/ncs/v2.3.0/nrfxlib/crypto/nrf_cc310_platform/lib/cortex-m33/soft-float/no-interrupts/libnrf_cc310_platform_0.9.16.a(cc_pal_pm.c.obj)
                0x00000000000102d8                CC_PalPowerSaveModeInit
 .text.CC_PalPowerSaveModeSelect
                0x0000000000010314       0x84 C:/Users/elija/ncs/v2.3.0/nrfxlib/crypto/nrf_cc310_platform/lib/cortex-m33/soft-float/no-interrupts/libnrf_cc310_platform_0.9.16.a(cc_pal_pm.c.obj)
                0x0000000000010314                CC_PalPowerSaveModeSelect
 .text.mutex_init
                0x0000000000010398        0xc C:/Users/elija/ncs/v2.3.0/nrfxlib/crypto/nrf_cc310_platform/lib/cortex-m33/soft-float/no-interrupts/libnrf_cc310_platform_0.9.16.a(threading_alt.c.obj)
                0x0000000000010398                mutex_init
 .text.mutex_lock
                0x00000000000103a4        0xc C:/Users/elija/ncs/v2.3.0/nrfxlib/crypto/nrf_cc310_platform/lib/cortex-m33/soft-float/no-interrupts/libnrf_cc310_platform_0.9.16.a(threading_alt.c.obj)
                0x00000000000103a4                mutex_lock
 .text.mutex_unlock
                0x00000000000103b0        0xc C:/Users/elija/ncs/v2.3.0/nrfxlib/crypto/nrf_cc310_platform/lib/cortex-m33/soft-float/no-interrupts/libnrf_cc310_platform_0.9.16.a(threading_alt.c.obj)
                0x00000000000103b0                mutex_unlock
 .text.nrf_cc3xx_platform_abort
                0x00000000000103bc       0x24 C:/Users/elija/ncs/v2.3.0/nrfxlib/crypto/nrf_cc310_platform/lib/cortex-m33/soft-float/no-interrupts/libnrf_cc310_platform_0.9.16.a(nrf_cc3xx_platform_abort.c.obj)
 .text.CC_PalAbort
                0x00000000000103e0       0x34 C:/Users/elija/ncs/v2.3.0/nrfxlib/crypto/nrf_cc310_platform/lib/cortex-m33/soft-float/no-interrupts/libnrf_cc310_platform_0.9.16.a(nrf_cc3xx_platform_abort.c.obj)
                0x00000000000103e0                CC_PalAbort
 .text.mutex_free
                0x0000000000010414       0x34 C:/Users/elija/ncs/v2.3.0/nrfxlib/crypto/nrf_cc310_platform/lib/cortex-m33/soft-float/no-interrupts/libnrf_cc310_platform_0.9.16.a(nrf_cc3xx_platform_mutex.c.obj)
 .text.mutex_lock
                0x0000000000010448       0x48 C:/Users/elija/ncs/v2.3.0/nrfxlib/crypto/nrf_cc310_platform/lib/cortex-m33/soft-float/no-interrupts/libnrf_cc310_platform_0.9.16.a(nrf_cc3xx_platform_mutex.c.obj)
 .text.mutex_unlock
                0x0000000000010490       0x38 C:/Users/elija/ncs/v2.3.0/nrfxlib/crypto/nrf_cc310_platform/lib/cortex-m33/soft-float/no-interrupts/libnrf_cc310_platform_0.9.16.a(nrf_cc3xx_platform_mutex.c.obj)
 .text.mutex_init
                0x00000000000104c8       0x20 C:/Users/elija/ncs/v2.3.0/nrfxlib/crypto/nrf_cc310_platform/lib/cortex-m33/soft-float/no-interrupts/libnrf_cc310_platform_0.9.16.a(nrf_cc3xx_platform_mutex.c.obj)
 .text.startTrngHW
                0x00000000000104e8      0x150 C:/Users/elija/ncs/v2.3.0/nrfxlib/crypto/nrf_cc310_platform/lib/cortex-m33/soft-float/no-interrupts/libnrf_cc310_platform_0.9.16.a(llf_rnd_trng90b.c.obj)
 .text.LLF_RND_RepetitionCounterTest.part.0
                0x0000000000010638       0x54 C:/Users/elija/ncs/v2.3.0/nrfxlib/crypto/nrf_cc310_platform/lib/cortex-m33/soft-float/no-interrupts/libnrf_cc310_platform_0.9.16.a(llf_rnd_trng90b.c.obj)
 .text.LLF_RND_AdaptiveProportionTest
                0x000000000001068c       0x8c C:/Users/elija/ncs/v2.3.0/nrfxlib/crypto/nrf_cc310_platform/lib/cortex-m33/soft-float/no-interrupts/libnrf_cc310_platform_0.9.16.a(llf_rnd_trng90b.c.obj)
                0x000000000001068c                LLF_RND_AdaptiveProportionTest
 .text.getTrngSource
                0x0000000000010718      0x2bc C:/Users/elija/ncs/v2.3.0/nrfxlib/crypto/nrf_cc310_platform/lib/cortex-m33/soft-float/no-interrupts/libnrf_cc310_platform_0.9.16.a(llf_rnd_trng90b.c.obj)
 .text.LLF_RND_GetTrngSource
                0x00000000000109d4       0x18 C:/Users/elija/ncs/v2.3.0/nrfxlib/crypto/nrf_cc310_platform/lib/cortex-m33/soft-float/no-interrupts/libnrf_cc310_platform_0.9.16.a(llf_rnd_trng90b.c.obj)
                0x00000000000109d4                LLF_RND_GetTrngSource
 .text.LLF_RND_RunTrngStartupTest
                0x00000000000109ec       0x1c C:/Users/elija/ncs/v2.3.0/nrfxlib/crypto/nrf_cc310_platform/lib/cortex-m33/soft-float/no-interrupts/libnrf_cc310_platform_0.9.16.a(llf_rnd_trng90b.c.obj)
                0x00000000000109ec                LLF_RND_RunTrngStartupTest
 .text.mbedtls_hardware_poll
                0x0000000000010a08      0x104 C:/Users/elija/ncs/v2.3.0/nrfxlib/crypto/nrf_cc310_platform/lib/cortex-m33/soft-float/no-interrupts/libnrf_cc310_platform_0.9.16.a(trng_api.c.obj)
                0x0000000000010a08                mbedtls_hardware_poll
 .text.cc_mbedtls_sha256_init
                0x0000000000010b0c       0x28 C:/Users/elija/ncs/v2.3.0/nrfxlib/crypto/nrf_cc310_platform/lib/cortex-m33/soft-float/no-interrupts/libnrf_cc310_platform_0.9.16.a(sha256_alt.c.obj)
                0x0000000000010b0c                cc_mbedtls_sha256_init
 .text.cc_mbedtls_sha256_free
                0x0000000000010b34        0xc C:/Users/elija/ncs/v2.3.0/nrfxlib/crypto/nrf_cc310_platform/lib/cortex-m33/soft-float/no-interrupts/libnrf_cc310_platform_0.9.16.a(sha256_alt.c.obj)
                0x0000000000010b34                cc_mbedtls_sha256_free
 .text.cc_mbedtls_sha256_starts
                0x0000000000010b40       0x28 C:/Users/elija/ncs/v2.3.0/nrfxlib/crypto/nrf_cc310_platform/lib/cortex-m33/soft-float/no-interrupts/libnrf_cc310_platform_0.9.16.a(sha256_alt.c.obj)
                0x0000000000010b40                cc_mbedtls_sha256_starts
 .text.cc_mbedtls_sha256_update
                0x0000000000010b68       0x54 C:/Users/elija/ncs/v2.3.0/nrfxlib/crypto/nrf_cc310_platform/lib/cortex-m33/soft-float/no-interrupts/libnrf_cc310_platform_0.9.16.a(sha256_alt.c.obj)
                0x0000000000010b68                cc_mbedtls_sha256_update
 .text.cc_mbedtls_sha256_finish
                0x0000000000010bbc       0x48 C:/Users/elija/ncs/v2.3.0/nrfxlib/crypto/nrf_cc310_platform/lib/cortex-m33/soft-float/no-interrupts/libnrf_cc310_platform_0.9.16.a(sha256_alt.c.obj)
                0x0000000000010bbc                cc_mbedtls_sha256_finish
 .text.mbedtls_sha_starts_internal
                0x0000000000010c04       0x28 C:/Users/elija/ncs/v2.3.0/nrfxlib/crypto/nrf_cc310_platform/lib/cortex-m33/soft-float/no-interrupts/libnrf_cc310_platform_0.9.16.a(mbedtls_hash_common.c.obj)
                0x0000000000010c04                mbedtls_sha_starts_internal
 .text.mbedtls_sha_finish_internal
                0x0000000000010c2c       0x5c C:/Users/elija/ncs/v2.3.0/nrfxlib/crypto/nrf_cc310_platform/lib/cortex-m33/soft-float/no-interrupts/libnrf_cc310_platform_0.9.16.a(mbedtls_hash_common.c.obj)
                0x0000000000010c2c                mbedtls_sha_finish_internal
 .text.mbedtls_sha_update_internal
                0x0000000000010c88      0x1f0 C:/Users/elija/ncs/v2.3.0/nrfxlib/crypto/nrf_cc310_platform/lib/cortex-m33/soft-float/no-interrupts/libnrf_cc310_platform_0.9.16.a(mbedtls_hash_common.c.obj)
                0x0000000000010c88                mbedtls_sha_update_internal
 .text.cc_mbedtls_sha256
                0x0000000000010e78       0x50 C:/Users/elija/ncs/v2.3.0/nrfxlib/crypto/nrf_cc310_platform/lib/cortex-m33/soft-float/no-interrupts/libnrf_cc310_platform_0.9.16.a(sha256.c.obj)
                0x0000000000010e78                cc_mbedtls_sha256
 .text.RNG_PLAT_SetUserRngParameters
                0x0000000000010ec8       0x7c C:/Users/elija/ncs/v2.3.0/nrfxlib/crypto/nrf_cc310_platform/lib/cortex-m33/soft-float/no-interrupts/libnrf_cc310_platform_0.9.16.a(cc_rng_plat.c.obj)
                0x0000000000010ec8                RNG_PLAT_SetUserRngParameters
 .text.CC_PalTrngParamGet
                0x0000000000010f44      0x114 C:/Users/elija/ncs/v2.3.0/nrfxlib/crypto/nrf_cc310_platform/lib/cortex-m33/soft-float/no-interrupts/libnrf_cc310_platform_0.9.16.a(cc_pal_trng.c.obj)
                0x0000000000010f44                CC_PalTrngParamGet
 .text.LLF_RND_WaitRngInterrupt
                0x0000000000011058       0x20 C:/Users/elija/ncs/v2.3.0/nrfxlib/crypto/nrf_cc310_platform/lib/cortex-m33/soft-float/no-interrupts/libnrf_cc310_platform_0.9.16.a(llf_rnd.c.obj)
                0x0000000000011058                LLF_RND_WaitRngInterrupt
 .text.LLF_RND_GetRoscSampleCnt
                0x0000000000011078       0x3c C:/Users/elija/ncs/v2.3.0/nrfxlib/crypto/nrf_cc310_platform/lib/cortex-m33/soft-float/no-interrupts/libnrf_cc310_platform_0.9.16.a(llf_rnd.c.obj)
                0x0000000000011078                LLF_RND_GetRoscSampleCnt
 .text.LLF_RND_GetFastestRosc
                0x00000000000110b4       0x20 C:/Users/elija/ncs/v2.3.0/nrfxlib/crypto/nrf_cc310_platform/lib/cortex-m33/soft-float/no-interrupts/libnrf_cc310_platform_0.9.16.a(llf_rnd.c.obj)
                0x00000000000110b4                LLF_RND_GetFastestRosc
 .text.LLF_RND_TurnOffTrng
                0x00000000000110d4       0x18 C:/Users/elija/ncs/v2.3.0/nrfxlib/crypto/nrf_cc310_platform/lib/cortex-m33/soft-float/no-interrupts/libnrf_cc310_platform_0.9.16.a(llf_rnd.c.obj)
                0x00000000000110d4                LLF_RND_TurnOffTrng
 .text.SetDataBuffersInfo
                0x00000000000110ec       0x68 C:/Users/elija/ncs/v2.3.0/nrfxlib/crypto/nrf_cc310_platform/lib/cortex-m33/soft-float/no-interrupts/libnrf_cc310_platform_0.9.16.a(driver_common.c.obj)
                0x00000000000110ec                SetDataBuffersInfo
 .text.InitHashDrv
                0x0000000000011154       0x54 C:/Users/elija/ncs/v2.3.0/nrfxlib/crypto/nrf_cc310_platform/lib/cortex-m33/soft-float/no-interrupts/libnrf_cc310_platform_0.9.16.a(hash_driver.c.obj)
                0x0000000000011154                InitHashDrv
 .text.ProcessHashDrv
                0x00000000000111a8      0x22c C:/Users/elija/ncs/v2.3.0/nrfxlib/crypto/nrf_cc310_platform/lib/cortex-m33/soft-float/no-interrupts/libnrf_cc310_platform_0.9.16.a(hash_driver.c.obj)
                0x00000000000111a8                ProcessHashDrv
 .text.FinishHashDrv
                0x00000000000113d4       0x74 C:/Users/elija/ncs/v2.3.0/nrfxlib/crypto/nrf_cc310_platform/lib/cortex-m33/soft-float/no-interrupts/libnrf_cc310_platform_0.9.16.a(hash_driver.c.obj)
                0x00000000000113d4                FinishHashDrv
 .text.CC_PalDataBufferAttrGet
                0x0000000000011448        0x8 C:/Users/elija/ncs/v2.3.0/nrfxlib/crypto/nrf_cc310_platform/lib/cortex-m33/soft-float/no-interrupts/libnrf_cc310_platform_0.9.16.a(cc_pal_buff_attr.c.obj)
                0x0000000000011448                CC_PalDataBufferAttrGet
 .text.mbedtls_free
                0x0000000000011450        0xc secure_fw/partitions/crypto/mbedcrypto/nrf_security_src/libmbedcrypto_base.a(platform.o)
                0x0000000000011450                mbedtls_free
 .text.mbedtls_platform_set_calloc_free
                0x000000000001145c       0x14 secure_fw/partitions/crypto/mbedcrypto/nrf_security_src/libmbedcrypto_base.a(platform.o)
                0x000000000001145c                mbedtls_platform_set_calloc_free
 .text._sbrk    0x0000000000011470       0x20 c:/users/elija/ncs/toolchains/v2.3.0/opt/zephyr-sdk/arm-zephyr-eabi/bin/../lib/gcc/arm-zephyr-eabi/12.1.0/../../../../arm-zephyr-eabi/lib/thumb/v8-m.main/nofp\libnosys.a(sbrk.o)
                0x0000000000011470                _sbrk
 .text._exit    0x0000000000011490        0x4 c:/users/elija/ncs/toolchains/v2.3.0/opt/zephyr-sdk/arm-zephyr-eabi/bin/../lib/gcc/arm-zephyr-eabi/12.1.0/../../../../arm-zephyr-eabi/lib/thumb/v8-m.main/nofp\libnosys.a(_exit.o)
                0x0000000000011490                _exit
 *(.init)
 .init          0x0000000000011494        0x4 c:/users/elija/ncs/toolchains/v2.3.0/opt/zephyr-sdk/arm-zephyr-eabi/bin/../lib/gcc/arm-zephyr-eabi/12.1.0/thumb/v8-m.main/nofp/crti.o
                0x0000000000011494                _init
 .init          0x0000000000011498        0x8 c:/users/elija/ncs/toolchains/v2.3.0/opt/zephyr-sdk/arm-zephyr-eabi/bin/../lib/gcc/arm-zephyr-eabi/12.1.0/thumb/v8-m.main/nofp/crtn.o
 *(.fini)
 .fini          0x00000000000114a0        0x4 c:/users/elija/ncs/toolchains/v2.3.0/opt/zephyr-sdk/arm-zephyr-eabi/bin/../lib/gcc/arm-zephyr-eabi/12.1.0/thumb/v8-m.main/nofp/crti.o
                0x00000000000114a0                _fini
 .fini          0x00000000000114a4        0x8 c:/users/elija/ncs/toolchains/v2.3.0/opt/zephyr-sdk/arm-zephyr-eabi/bin/../lib/gcc/arm-zephyr-eabi/12.1.0/thumb/v8-m.main/nofp/crtn.o
 *crtbegin.o(.ctors)
 *crtbegin?.o(.ctors)
 *(EXCLUDE_FILE(*crtend.o *crtend?.o) .ctors)
 *(SORT_BY_NAME(.ctors.*))
 *(.ctors)
 *crtbegin.o(.dtors)
 *crtbegin?.o(.dtors)
 *(EXCLUDE_FILE(*crtend.o *crtend?.o) .dtors)
 *(SORT_BY_NAME(.dtors.*))
 *(.dtors)

.glue_7         0x00000000000114ac        0x0
 .glue_7        0x00000000000114ac        0x0 linker stubs

.glue_7t        0x00000000000114ac        0x0
 .glue_7t       0x00000000000114ac        0x0 linker stubs

.vfp11_veneer   0x00000000000114ac        0x0
 .vfp11_veneer  0x00000000000114ac        0x0 linker stubs

.v4_bx          0x00000000000114ac        0x0
 .v4_bx         0x00000000000114ac        0x0 linker stubs

.iplt           0x00000000000114ac        0x0
 .iplt          0x00000000000114ac        0x0 c:/users/elija/ncs/toolchains/v2.3.0/opt/zephyr-sdk/arm-zephyr-eabi/bin/../lib/gcc/arm-zephyr-eabi/12.1.0/thumb/v8-m.main/nofp/crtbegin.o

.psa_interface_cross_call
                0x00000000000114ac       0xc8
 .psa_interface_cross_call
                0x00000000000114ac       0xc8 secure_fw/CMakeFiles/tfm_s.dir/spm/cmsis_psa/psa_interface_cross.o
                0x00000000000114b4                psa_framework_version_cross
                0x00000000000114bc                psa_version_cross
                0x00000000000114c4                tfm_psa_call_pack_cross
                0x00000000000114cc                psa_wait_cross
                0x00000000000114d4                psa_get_cross
                0x00000000000114dc                psa_read_cross
                0x00000000000114e4                psa_skip_cross
                0x00000000000114ec                psa_write_cross
                0x00000000000114f4                psa_reply_cross